Using username "ubuntu".
Authenticating with public key "imported-openssh-key"
Welcome to Ubuntu 20.04.3 LTS (GNU/Linux 5.11.0-1022-aws x86_64)

 * Documentation:  https://help.ubuntu.com
 * Management:     https://landscape.canonical.com
 * Support:        https://ubuntu.com/advantage

  System information as of Sun Jan  2 20:40:14 UTC 2022

  System load:  0.11              Processes:             112
  Usage of /:   24.8% of 7.69GB   Users logged in:       1
  Memory usage: 26%               IPv4 address for eth0: 172.31.42.44
  Swap usage:   0%

 * Ubuntu Pro delivers the most comprehensive open source security and
   compliance features.

   https://ubuntu.com/aws/pro

11 updates can be applied immediately.
4 of these updates are standard security updates.
To see these additional updates run: apt list --upgradable


Last login: Sun Jan  2 20:15:32 2022 from 171.77.155.36
ubuntu@ip-172-31-42-44:~$
ubuntu@ip-172-31-42-44:~$
ubuntu@ip-172-31-42-44:~$ ls /var/log/nginx/
access.log  error.log  myapp.log
ubuntu@ip-172-31-42-44:~$ cat /var/log/nginx/myapp.log
171.77.155.36 - - [02/Jan/2022:20:40:01 +0000] "GET / HTTP/1.1" 502 568 "-" "Mozilla/5.0 (Windows NT 6.3; Win64; x64) AppleWebKit/537.3   6 (KHTML, like Gecko) Chrome/96.0.4664.110 Safari/537.36"
171.77.155.36 - - [02/Jan/2022:20:40:04 +0000] "GET / HTTP/1.1" 502 568 "-" "Mozilla/5.0 (Windows NT 6.3; Win64; x64) AppleWebKit/537.3   6 (KHTML, like Gecko) Chrome/96.0.4664.110 Safari/537.36"
ubuntu@ip-172-31-42-44:~$ cat /var/log/nginx/error.log
2022/01/02 20:40:01 [error] 12921#12921: *5 connect() failed (111: Connection refused) while connecting to upstream, client: 171.77.155   .36, server: equity-updates.com, request: "GET / HTTP/1.1", upstream: "http://127.0.0.1:8080/", host: "equity-updates.com"
2022/01/02 20:40:04 [error] 12921#12921: *5 connect() failed (111: Connection refused) while connecting to upstream, client: 171.77.155   .36, server: equity-updates.com, request: "GET / HTTP/1.1", upstream: "http://127.0.0.1:8080/", host: "equity-updates.com"
ubuntu@ip-172-31-42-44:~$ sudo systemctl status apache2
● apache2.service - The Apache HTTP Server
     Loaded: loaded (/lib/systemd/system/apache2.service; enabled; vendor preset: enabled)
     Active: inactive (dead) since Sun 2022-01-02 16:07:20 UTC; 4h 36min ago
       Docs: https://httpd.apache.org/docs/2.4/
   Main PID: 2218 (code=exited, status=0/SUCCESS)

Jan 02 15:42:08 ip-172-31-42-44 systemd[1]: Starting The Apache HTTP Server...
Jan 02 15:42:08 ip-172-31-42-44 systemd[1]: Started The Apache HTTP Server.
Jan 02 16:07:20 ip-172-31-42-44 systemd[1]: Stopping The Apache HTTP Server...
Jan 02 16:07:20 ip-172-31-42-44 systemd[1]: apache2.service: Succeeded.
Jan 02 16:07:20 ip-172-31-42-44 systemd[1]: Stopped The Apache HTTP Server.
Jan 02 16:08:38 ip-172-31-42-44 systemd[1]: apache2.service: Unit cannot be reloaded because it is inactive.
ubuntu@ip-172-31-42-44:~$ sudo systemctl status apache
Unit apache.service could not be found.
ubuntu@ip-172-31-42-44:~$ sudo systemctl status nginx
● nginx.service - A high performance web server and a reverse proxy server
     Loaded: loaded (/lib/systemd/system/nginx.service; enabled; vendor preset: enabled)
     Active: active (running) since Sun 2022-01-02 20:30:53 UTC; 12min ago
       Docs: man:nginx(8)
    Process: 12918 ExecStartPre=/usr/sbin/nginx -t -q -g daemon on; master_process on; (code=exited, status=0/SUCCESS)
    Process: 12919 ExecStart=/usr/sbin/nginx -g daemon on; master_process on; (code=exited, status=0/SUCCESS)
   Main PID: 12920 (nginx)
      Tasks: 2 (limit: 1147)
     Memory: 3.0M
     CGroup: /system.slice/nginx.service
             ├─12920 nginx: master process /usr/sbin/nginx -g daemon on; master_process on;
             └─12921 nginx: worker process

Jan 02 20:30:53 ip-172-31-42-44 systemd[1]: Starting A high performance web server and a reverse proxy server...
Jan 02 20:30:53 ip-172-31-42-44 systemd[1]: Started A high performance web server and a reverse proxy server.
ubuntu@ip-172-31-42-44:~$ vi /etc/nginx/sites-enabled/myflaskapp
ubuntu@ip-172-31-42-44:~$
ubuntu@ip-172-31-42-44:~$
ubuntu@ip-172-31-42-44:~$ sudo vi /etc/nginx/sites-enabled/myflaskapp
ubuntu@ip-172-31-42-44:~$
ubuntu@ip-172-31-42-44:~$
ubuntu@ip-172-31-42-44:~$ pwd
/home/ubuntu
ubuntu@ip-172-31-42-44:~$ cd flask/
ubuntu@ip-172-31-42-44:~/flask$
ubuntu@ip-172-31-42-44:~/flask$
ubuntu@ip-172-31-42-44:~/flask$ sudo systemctl status nginx
● nginx.service - A high performance web server and a reverse proxy server
     Loaded: loaded (/lib/systemd/system/nginx.service; enabled; vendor preset: enabled)
     Active: active (running) since Sun 2022-01-02 20:30:53 UTC; 16min ago
       Docs: man:nginx(8)
    Process: 12918 ExecStartPre=/usr/sbin/nginx -t -q -g daemon on; master_process on; (code=exited, status=0/SUCCESS)
    Process: 12919 ExecStart=/usr/sbin/nginx -g daemon on; master_process on; (code=exited, status=0/SUCCESS)
   Main PID: 12920 (nginx)
      Tasks: 2 (limit: 1147)
     Memory: 3.0M
     CGroup: /system.slice/nginx.service
             ├─12920 nginx: master process /usr/sbin/nginx -g daemon on; master_process on;
             └─12921 nginx: worker process

Jan 02 20:30:53 ip-172-31-42-44 systemd[1]: Starting A high performance web server and a reverse proxy server...
Jan 02 20:30:53 ip-172-31-42-44 systemd[1]: Started A high performance web server and a reverse proxy server.
ubuntu@ip-172-31-42-44:~/flask$ sudo systemctl stop nginx
ubuntu@ip-172-31-42-44:~/flask$ sudo systemctl status nginx
● nginx.service - A high performance web server and a reverse proxy server
     Loaded: loaded (/lib/systemd/system/nginx.service; enabled; vendor preset: enabled)
     Active: inactive (dead) since Sun 2022-01-02 20:47:56 UTC; 3s ago
       Docs: man:nginx(8)
    Process: 12918 ExecStartPre=/usr/sbin/nginx -t -q -g daemon on; master_process on; (code=exited, status=0/SUCCESS)
    Process: 12919 ExecStart=/usr/sbin/nginx -g daemon on; master_process on; (code=exited, status=0/SUCCESS)
    Process: 13463 ExecStop=/sbin/start-stop-daemon --quiet --stop --retry QUIT/5 --pidfile /run/nginx.pid (code=exited, status=0/SUCC>
   Main PID: 12920 (code=exited, status=0/SUCCESS)

Jan 02 20:30:53 ip-172-31-42-44 systemd[1]: Starting A high performance web server and a reverse proxy server...
Jan 02 20:30:53 ip-172-31-42-44 systemd[1]: Started A high performance web server and a reverse proxy server.
Jan 02 20:47:56 ip-172-31-42-44 systemd[1]: Stopping A high performance web server and a reverse proxy server...
Jan 02 20:47:56 ip-172-31-42-44 systemd[1]: nginx.service: Succeeded.
Jan 02 20:47:56 ip-172-31-42-44 systemd[1]: Stopped A high performance web server and a reverse proxy server.
ubuntu@ip-172-31-42-44:~/flask$
ubuntu@ip-172-31-42-44:~/flask$
ubuntu@ip-172-31-42-44:~/flask$ sudo systemctl start nginx
ubuntu@ip-172-31-42-44:~/flask$
ubuntu@ip-172-31-42-44:~/flask$
ubuntu@ip-172-31-42-44:~/flask$ sudo systemctl status nginx
● nginx.service - A high performance web server and a reverse proxy server
     Loaded: loaded (/lib/systemd/system/nginx.service; enabled; vendor preset: enabled)
     Active: active (running) since Sun 2022-01-02 20:48:07 UTC; 2s ago
       Docs: man:nginx(8)
    Process: 13471 ExecStartPre=/usr/sbin/nginx -t -q -g daemon on; master_process on; (code=exited, status=0/SUCCESS)
    Process: 13472 ExecStart=/usr/sbin/nginx -g daemon on; master_process on; (code=exited, status=0/SUCCESS)
   Main PID: 13473 (nginx)
      Tasks: 2 (limit: 1147)
     Memory: 2.4M
     CGroup: /system.slice/nginx.service
             ├─13473 nginx: master process /usr/sbin/nginx -g daemon on; master_process on;
             └─13474 nginx: worker process

Jan 02 20:48:07 ip-172-31-42-44 systemd[1]: Starting A high performance web server and a reverse proxy server...
Jan 02 20:48:07 ip-172-31-42-44 systemd[1]: Started A high performance web server and a reverse proxy server.
ubuntu@ip-172-31-42-44:~/flask$
ubuntu@ip-172-31-42-44:~/flask$
ubuntu@ip-172-31-42-44:~/flask$ ls /var/log/nginx/
access.log  error.log  myapp.log
ubuntu@ip-172-31-42-44:~/flask$ ls /var/log/nginx/myapp.log
/var/log/nginx/myapp.log
ubuntu@ip-172-31-42-44:~/flask$ cat /var/log/nginx/myapp.log
171.77.155.36 - - [02/Jan/2022:20:40:01 +0000] "GET / HTTP/1.1" 502 568 "-" "Mozilla/5.0 (Windows NT 6.3; Win64; x64) AppleWebKit/537.3   6 (KHTML, like Gecko) Chrome/96.0.4664.110 Safari/537.36"
171.77.155.36 - - [02/Jan/2022:20:40:04 +0000] "GET / HTTP/1.1" 502 568 "-" "Mozilla/5.0 (Windows NT 6.3; Win64; x64) AppleWebKit/537.3   6 (KHTML, like Gecko) Chrome/96.0.4664.110 Safari/537.36"
171.77.155.36 - - [02/Jan/2022:20:48:25 +0000] "GET / HTTP/1.1" 502 568 "-" "Mozilla/5.0 (Windows NT 6.3; Win64; x64) AppleWebKit/537.3   6 (KHTML, like Gecko) Chrome/96.0.4664.110 Safari/537.36"
ubuntu@ip-172-31-42-44:~/flask$
ubuntu@ip-172-31-42-44:~/flask$
ubuntu@ip-172-31-42-44:~/flask$ date
Sun Jan  2 20:49:10 UTC 2022
ubuntu@ip-172-31-42-44:~/flask$ cat /var/log/nginx/error.log
2022/01/02 20:40:01 [error] 12921#12921: *5 connect() failed (111: Connection refused) while connecting to upstream, client: 171.77.155   .36, server: equity-updates.com, request: "GET / HTTP/1.1", upstream: "http://127.0.0.1:8080/", host: "equity-updates.com"
2022/01/02 20:40:04 [error] 12921#12921: *5 connect() failed (111: Connection refused) while connecting to upstream, client: 171.77.155   .36, server: equity-updates.com, request: "GET / HTTP/1.1", upstream: "http://127.0.0.1:8080/", host: "equity-updates.com"
2022/01/02 20:48:25 [error] 13474#13474: *2 connect() failed (111: Connection refused) while connecting to upstream, client: 171.77.155   .36, server: 13.232.222.62, request: "GET / HTTP/1.1", upstream: "http://127.0.0.1:8080/", host: "13.232.222.62"
ubuntu@ip-172-31-42-44:~/flask$
ubuntu@ip-172-31-42-44:~/flask$ sudo systemctl status nginx
● nginx.service - A high performance web server and a reverse proxy server
     Loaded: loaded (/lib/systemd/system/nginx.service; enabled; vendor preset: enabled)
     Active: active (running) since Sun 2022-01-02 20:48:07 UTC; 1min 55s ago
       Docs: man:nginx(8)
    Process: 13471 ExecStartPre=/usr/sbin/nginx -t -q -g daemon on; master_process on; (code=exited, status=0/SUCCESS)
    Process: 13472 ExecStart=/usr/sbin/nginx -g daemon on; master_process on; (code=exited, status=0/SUCCESS)
   Main PID: 13473 (nginx)
      Tasks: 2 (limit: 1147)
     Memory: 2.4M
     CGroup: /system.slice/nginx.service
             ├─13473 nginx: master process /usr/sbin/nginx -g daemon on; master_process on;
             └─13474 nginx: worker process

Jan 02 20:48:07 ip-172-31-42-44 systemd[1]: Starting A high performance web server and a reverse proxy server...
Jan 02 20:48:07 ip-172-31-42-44 systemd[1]: Started A high performance web server and a reverse proxy server.
ubuntu@ip-172-31-42-44:~/flask$
ubuntu@ip-172-31-42-44:~/flask$ cat /var/log/nginx/error.log
2022/01/02 20:40:01 [error] 12921#12921: *5 connect() failed (111: Connection refused) while connecting to upstream, client: 171.77.155   .36, server: equity-updates.com, request: "GET / HTTP/1.1", upstream: "http://127.0.0.1:8080/", host: "equity-updates.com"
2022/01/02 20:40:04 [error] 12921#12921: *5 connect() failed (111: Connection refused) while connecting to upstream, client: 171.77.155   .36, server: equity-updates.com, request: "GET / HTTP/1.1", upstream: "http://127.0.0.1:8080/", host: "equity-updates.com"
2022/01/02 20:48:25 [error] 13474#13474: *2 connect() failed (111: Connection refused) while connecting to upstream, client: 171.77.155   .36, server: 13.232.222.62, request: "GET / HTTP/1.1", upstream: "http://127.0.0.1:8080/", host: "13.232.222.62"
2022/01/02 20:50:16 [error] 13474#13474: *5 connect() failed (111: Connection refused) while connecting to upstream, client: 171.77.155   .36, server: 13.232.222.62, request: "GET / HTTP/1.1", upstream: "http://127.0.0.1:8080/", host: "13.232.222.62"
2022/01/02 20:50:17 [error] 13474#13474: *5 connect() failed (111: Connection refused) while connecting to upstream, client: 171.77.155   .36, server: 13.232.222.62, request: "GET / HTTP/1.1", upstream: "http://127.0.0.1:8080/", host: "13.232.222.62"
2022/01/02 20:50:19 [error] 13474#13474: *5 connect() failed (111: Connection refused) while connecting to upstream, client: 171.77.155   .36, server: 13.232.222.62, request: "GET / HTTP/1.1", upstream: "http://127.0.0.1:8080/", host: "13.232.222.62"
ubuntu@ip-172-31-42-44:~/flask$ sudo vi /etc/nginx/sites-enabled/myflaskapp
ubuntu@ip-172-31-42-44:~/flask$
ubuntu@ip-172-31-42-44:~/flask$
ubuntu@ip-172-31-42-44:~/flask$ cat /var/log/nginx/access.log
181.192.7.241 - - [02/Jan/2022:20:22:21 +0000] "GET / HTTP/1.1" 200 10918 "-" "Mozilla/5.0 (Macintosh; Intel Mac OS X 10_11_6) AppleWeb   Kit/601.7.7 (KHTML, like Gecko) Version/9.1.2 Safari/601.7.7"
162.142.125.195 - - [02/Jan/2022:20:34:04 +0000] "GET / HTTP/1.1" 200 10918 "-" "-"
162.142.125.195 - - [02/Jan/2022:20:34:05 +0000] "GET / HTTP/1.1" 200 3543 "-" "Mozilla/5.0 (compatible; CensysInspect/1.1; +https://ab   out.censys.io/)"
171.77.155.36 - - [02/Jan/2022:20:42:06 +0000] "GET / HTTP/1.1" 200 3543 "-" "Mozilla/5.0 (Windows NT 6.3; Win64; x64) AppleWebKit/537.   36 (KHTML, like Gecko) Chrome/96.0.4664.110 Safari/537.36"
171.77.155.36 - - [02/Jan/2022:20:42:06 +0000] "GET /icons/ubuntu-logo.png HTTP/1.1" 404 197 "http://13.232.222.62/" "Mozilla/5.0 (Wind   ows NT 6.3; Win64; x64) AppleWebKit/537.36 (KHTML, like Gecko) Chrome/96.0.4664.110 Safari/537.36"
209.141.53.74 - - [02/Jan/2022:20:44:45 +0000] "GET /config/getuser?index=0 HTTP/1.1" 404 134 "-" "Mozilla/5.0 (X11; Ubuntu; Linux x86_   64; rv:76.0) Gecko/20100101 Firefox/76.0"
ubuntu@ip-172-31-42-44:~/flask$ date
Sun Jan  2 20:53:11 UTC 2022
ubuntu@ip-172-31-42-44:~/flask$
ubuntu@ip-172-31-42-44:~/flask$ cat /var/log/nginx/access.log
181.192.7.241 - - [02/Jan/2022:20:22:21 +0000] "GET / HTTP/1.1" 200 10918 "-" "Mozilla/5.0 (Macintosh; Intel Mac OS X 10_11_6) AppleWeb   Kit/601.7.7 (KHTML, like Gecko) Version/9.1.2 Safari/601.7.7"
162.142.125.195 - - [02/Jan/2022:20:34:04 +0000] "GET / HTTP/1.1" 200 10918 "-" "-"
162.142.125.195 - - [02/Jan/2022:20:34:05 +0000] "GET / HTTP/1.1" 200 3543 "-" "Mozilla/5.0 (compatible; CensysInspect/1.1; +https://ab   out.censys.io/)"
171.77.155.36 - - [02/Jan/2022:20:42:06 +0000] "GET / HTTP/1.1" 200 3543 "-" "Mozilla/5.0 (Windows NT 6.3; Win64; x64) AppleWebKit/537.   36 (KHTML, like Gecko) Chrome/96.0.4664.110 Safari/537.36"
171.77.155.36 - - [02/Jan/2022:20:42:06 +0000] "GET /icons/ubuntu-logo.png HTTP/1.1" 404 197 "http://13.232.222.62/" "Mozilla/5.0 (Wind   ows NT 6.3; Win64; x64) AppleWebKit/537.36 (KHTML, like Gecko) Chrome/96.0.4664.110 Safari/537.36"
209.141.53.74 - - [02/Jan/2022:20:44:45 +0000] "GET /config/getuser?index=0 HTTP/1.1" 404 134 "-" "Mozilla/5.0 (X11; Ubuntu; Linux x86_   64; rv:76.0) Gecko/20100101 Firefox/76.0"
ubuntu@ip-172-31-42-44:~/flask$ cat /var/log/nginx/error.log
2022/01/02 20:40:01 [error] 12921#12921: *5 connect() failed (111: Connection refused) while connecting to upstream, client: 171.77.155   .36, server: equity-updates.com, request: "GET / HTTP/1.1", upstream: "http://127.0.0.1:8080/", host: "equity-updates.com"
2022/01/02 20:40:04 [error] 12921#12921: *5 connect() failed (111: Connection refused) while connecting to upstream, client: 171.77.155   .36, server: equity-updates.com, request: "GET / HTTP/1.1", upstream: "http://127.0.0.1:8080/", host: "equity-updates.com"
2022/01/02 20:48:25 [error] 13474#13474: *2 connect() failed (111: Connection refused) while connecting to upstream, client: 171.77.155   .36, server: 13.232.222.62, request: "GET / HTTP/1.1", upstream: "http://127.0.0.1:8080/", host: "13.232.222.62"
2022/01/02 20:50:16 [error] 13474#13474: *5 connect() failed (111: Connection refused) while connecting to upstream, client: 171.77.155   .36, server: 13.232.222.62, request: "GET / HTTP/1.1", upstream: "http://127.0.0.1:8080/", host: "13.232.222.62"
2022/01/02 20:50:17 [error] 13474#13474: *5 connect() failed (111: Connection refused) while connecting to upstream, client: 171.77.155   .36, server: 13.232.222.62, request: "GET / HTTP/1.1", upstream: "http://127.0.0.1:8080/", host: "13.232.222.62"
2022/01/02 20:50:19 [error] 13474#13474: *5 connect() failed (111: Connection refused) while connecting to upstream, client: 171.77.155   .36, server: 13.232.222.62, request: "GET / HTTP/1.1", upstream: "http://127.0.0.1:8080/", host: "13.232.222.62"
2022/01/02 20:52:04 [error] 13474#13474: *10 connect() failed (111: Connection refused) while connecting to upstream, client: 171.77.15   5.36, server: 13.232.222.62, request: "GET / HTTP/1.1", upstream: "http://127.0.0.1:8080/", host: "13.232.222.62"
2022/01/02 20:52:05 [error] 13474#13474: *10 connect() failed (111: Connection refused) while connecting to upstream, client: 171.77.15   5.36, server: 13.232.222.62, request: "GET / HTTP/1.1", upstream: "http://127.0.0.1:8080/", host: "13.232.222.62"
2022/01/02 20:53:38 [error] 13474#13474: *14 connect() failed (111: Connection refused) while connecting to upstream, client: 171.77.15   5.36, server: 13.232.222.62, request: "GET / HTTP/1.1", upstream: "http://127.0.0.1:8080/", host: "13.232.222.62"
ubuntu@ip-172-31-42-44:~/flask$ ps -ef | grep flask
ubuntu     13518   13379  0 20:54 pts/1    00:00:00 grep --color=auto flask
ubuntu@ip-172-31-42-44:~/flask$ ps -ef | grep python
root         452       1  0 15:30 ?        00:00:00 /usr/bin/python3 /usr/bin/networkd-dispatcher --run-startup-triggers
root         627       1  0 15:30 ?        00:00:00 /usr/bin/python3 /usr/share/unattended-upgrades/unattended-upgrade-shutdown --wait-   for-signal
ubuntu     13497   11624  0 20:50 pts/0    00:00:00 /usr/bin/python3 /usr/bin/gunicorn3 app:app
ubuntu     13499   13497  0 20:50 pts/0    00:00:00 /usr/bin/python3 /usr/bin/gunicorn3 app:app
ubuntu     13520   13379  0 20:54 pts/1    00:00:00 grep --color=auto python
ubuntu@ip-172-31-42-44:~/flask$ sudo systemctl status nginx
● nginx.service - A high performance web server and a reverse proxy server
     Loaded: loaded (/lib/systemd/system/nginx.service; enabled; vendor preset: enabled)
     Active: active (running) since Sun 2022-01-02 20:48:07 UTC; 8min ago
       Docs: man:nginx(8)
    Process: 13471 ExecStartPre=/usr/sbin/nginx -t -q -g daemon on; master_process on; (code=exited, status=0/SUCCESS)
    Process: 13472 ExecStart=/usr/sbin/nginx -g daemon on; master_process on; (code=exited, status=0/SUCCESS)
   Main PID: 13473 (nginx)
      Tasks: 2 (limit: 1147)
     Memory: 2.4M
     CGroup: /system.slice/nginx.service
             ├─13473 nginx: master process /usr/sbin/nginx -g daemon on; master_process on;
             └─13474 nginx: worker process

Jan 02 20:48:07 ip-172-31-42-44 systemd[1]: Starting A high performance web server and a reverse proxy server...
Jan 02 20:48:07 ip-172-31-42-44 systemd[1]: Started A high performance web server and a reverse proxy server.
ubuntu@ip-172-31-42-44:~/flask$ sudo systemctl stop nginx
ubuntu@ip-172-31-42-44:~/flask$
ubuntu@ip-172-31-42-44:~/flask$
ubuntu@ip-172-31-42-44:~/flask$ sudo systemctl status nginx
● nginx.service - A high performance web server and a reverse proxy server
     Loaded: loaded (/lib/systemd/system/nginx.service; enabled; vendor preset: enabled)
     Active: inactive (dead) since Sun 2022-01-02 20:56:54 UTC; 1s ago
       Docs: man:nginx(8)
    Process: 13471 ExecStartPre=/usr/sbin/nginx -t -q -g daemon on; master_process on; (code=exited, status=0/SUCCESS)
    Process: 13472 ExecStart=/usr/sbin/nginx -g daemon on; master_process on; (code=exited, status=0/SUCCESS)
    Process: 13530 ExecStop=/sbin/start-stop-daemon --quiet --stop --retry QUIT/5 --pidfile /run/nginx.pid (code=exited, status=0/SUCC>
   Main PID: 13473 (code=exited, status=0/SUCCESS)

Jan 02 20:48:07 ip-172-31-42-44 systemd[1]: Starting A high performance web server and a reverse proxy server...
Jan 02 20:48:07 ip-172-31-42-44 systemd[1]: Started A high performance web server and a reverse proxy server.
Jan 02 20:56:54 ip-172-31-42-44 systemd[1]: Stopping A high performance web server and a reverse proxy server...
Jan 02 20:56:54 ip-172-31-42-44 systemd[1]: nginx.service: Succeeded.
Jan 02 20:56:54 ip-172-31-42-44 systemd[1]: Stopped A high performance web server and a reverse proxy server.
ubuntu@ip-172-31-42-44:~/flask$
ubuntu@ip-172-31-42-44:~/flask$
ubuntu@ip-172-31-42-44:~/flask$ sudo vi /etc/nginx/sites-enabled/myflaskapp
ubuntu@ip-172-31-42-44:~/flask$
ubuntu@ip-172-31-42-44:~/flask$
ubuntu@ip-172-31-42-44:~/flask$ sudo systemctl status nginx
● nginx.service - A high performance web server and a reverse proxy server
     Loaded: loaded (/lib/systemd/system/nginx.service; enabled; vendor preset: enabled)
     Active: inactive (dead) since Sun 2022-01-02 20:56:54 UTC; 25s ago
       Docs: man:nginx(8)
    Process: 13471 ExecStartPre=/usr/sbin/nginx -t -q -g daemon on; master_process on; (code=exited, status=0/SUCCESS)
    Process: 13472 ExecStart=/usr/sbin/nginx -g daemon on; master_process on; (code=exited, status=0/SUCCESS)
    Process: 13530 ExecStop=/sbin/start-stop-daemon --quiet --stop --retry QUIT/5 --pidfile /run/nginx.pid (code=exited, status=0/SUCC>
   Main PID: 13473 (code=exited, status=0/SUCCESS)

Jan 02 20:48:07 ip-172-31-42-44 systemd[1]: Starting A high performance web server and a reverse proxy server...
Jan 02 20:48:07 ip-172-31-42-44 systemd[1]: Started A high performance web server and a reverse proxy server.
Jan 02 20:56:54 ip-172-31-42-44 systemd[1]: Stopping A high performance web server and a reverse proxy server...
Jan 02 20:56:54 ip-172-31-42-44 systemd[1]: nginx.service: Succeeded.
Jan 02 20:56:54 ip-172-31-42-44 systemd[1]: Stopped A high performance web server and a reverse proxy server.
ubuntu@ip-172-31-42-44:~/flask$
ubuntu@ip-172-31-42-44:~/flask$
ubuntu@ip-172-31-42-44:~/flask$
ubuntu@ip-172-31-42-44:~/flask$ sudo systemctl start nginx
ubuntu@ip-172-31-42-44:~/flask$
ubuntu@ip-172-31-42-44:~/flask$
ubuntu@ip-172-31-42-44:~/flask$ sudo systemctl status nginx
● nginx.service - A high performance web server and a reverse proxy server
     Loaded: loaded (/lib/systemd/system/nginx.service; enabled; vendor preset: enabled)
     Active: active (running) since Sun 2022-01-02 20:57:26 UTC; 2s ago
       Docs: man:nginx(8)
    Process: 13543 ExecStartPre=/usr/sbin/nginx -t -q -g daemon on; master_process on; (code=exited, status=0/SUCCESS)
    Process: 13544 ExecStart=/usr/sbin/nginx -g daemon on; master_process on; (code=exited, status=0/SUCCESS)
   Main PID: 13545 (nginx)
      Tasks: 2 (limit: 1147)
     Memory: 2.3M
     CGroup: /system.slice/nginx.service
             ├─13545 nginx: master process /usr/sbin/nginx -g daemon on; master_process on;
             └─13546 nginx: worker process

Jan 02 20:57:26 ip-172-31-42-44 systemd[1]: Starting A high performance web server and a reverse proxy server...
Jan 02 20:57:26 ip-172-31-42-44 systemd[1]: Started A high performance web server and a reverse proxy server.
ubuntu@ip-172-31-42-44:~/flask$
ubuntu@ip-172-31-42-44:~/flask$
ubuntu@ip-172-31-42-44:~/flask$ sudo systemctl status nginx
● nginx.service - A high performance web server and a reverse proxy server
     Loaded: loaded (/lib/systemd/system/nginx.service; enabled; vendor preset: enabled)
     Active: active (running) since Sun 2022-01-02 20:57:26 UTC; 4s ago
       Docs: man:nginx(8)
    Process: 13543 ExecStartPre=/usr/sbin/nginx -t -q -g daemon on; master_process on; (code=exited, status=0/SUCCESS)
    Process: 13544 ExecStart=/usr/sbin/nginx -g daemon on; master_process on; (code=exited, status=0/SUCCESS)
   Main PID: 13545 (nginx)
      Tasks: 2 (limit: 1147)
     Memory: 2.3M
     CGroup: /system.slice/nginx.service
             ├─13545 nginx: master process /usr/sbin/nginx -g daemon on; master_process on;
             └─13546 nginx: worker process

Jan 02 20:57:26 ip-172-31-42-44 systemd[1]: Starting A high performance web server and a reverse proxy server...
Jan 02 20:57:26 ip-172-31-42-44 systemd[1]: Started A high performance web server and a reverse proxy server.
ubuntu@ip-172-31-42-44:~/flask$
ubuntu@ip-172-31-42-44:~/flask$
ubuntu@ip-172-31-42-44:~/flask$ sudo systemctl status nginx
● nginx.service - A high performance web server and a reverse proxy server
     Loaded: loaded (/lib/systemd/system/nginx.service; enabled; vendor preset: enabled)
     Active: active (running) since Sun 2022-01-02 20:57:26 UTC; 3min 30s ago
       Docs: man:nginx(8)
    Process: 13543 ExecStartPre=/usr/sbin/nginx -t -q -g daemon on; master_process on; (code=exited, status=0/SUCCESS)
    Process: 13544 ExecStart=/usr/sbin/nginx -g daemon on; master_process on; (code=exited, status=0/SUCCESS)
   Main PID: 13545 (nginx)
      Tasks: 2 (limit: 1147)
     Memory: 2.5M
     CGroup: /system.slice/nginx.service
             ├─13545 nginx: master process /usr/sbin/nginx -g daemon on; master_process on;
             └─13546 nginx: worker process

Jan 02 20:57:26 ip-172-31-42-44 systemd[1]: Starting A high performance web server and a reverse proxy server...
Jan 02 20:57:26 ip-172-31-42-44 systemd[1]: Started A high performance web server and a reverse proxy server.
ubuntu@ip-172-31-42-44:~/flask$
ubuntu@ip-172-31-42-44:~/flask$ sudo systemctl stop nginx
ubuntu@ip-172-31-42-44:~/flask$
ubuntu@ip-172-31-42-44:~/flask$ sudo systemctl status nginx
● nginx.service - A high performance web server and a reverse proxy server
     Loaded: loaded (/lib/systemd/system/nginx.service; enabled; vendor preset: enabled)
     Active: inactive (dead) since Sun 2022-01-02 21:01:01 UTC; 2s ago
       Docs: man:nginx(8)
    Process: 13543 ExecStartPre=/usr/sbin/nginx -t -q -g daemon on; master_process on; (code=exited, status=0/SUCCESS)
    Process: 13544 ExecStart=/usr/sbin/nginx -g daemon on; master_process on; (code=exited, status=0/SUCCESS)
    Process: 13571 ExecStop=/sbin/start-stop-daemon --quiet --stop --retry QUIT/5 --pidfile /run/nginx.pid (code=exited, status=0/SUCC>
   Main PID: 13545 (code=exited, status=0/SUCCESS)

Jan 02 20:57:26 ip-172-31-42-44 systemd[1]: Starting A high performance web server and a reverse proxy server...
Jan 02 20:57:26 ip-172-31-42-44 systemd[1]: Started A high performance web server and a reverse proxy server.
Jan 02 21:01:01 ip-172-31-42-44 systemd[1]: Stopping A high performance web server and a reverse proxy server...
Jan 02 21:01:01 ip-172-31-42-44 systemd[1]: nginx.service: Succeeded.
Jan 02 21:01:01 ip-172-31-42-44 systemd[1]: Stopped A high performance web server and a reverse proxy server.
ubuntu@ip-172-31-42-44:~/flask$
ubuntu@ip-172-31-42-44:~/flask$ sudo vi /etc/nginx/sites-enabled/myflaskapp
ubuntu@ip-172-31-42-44:~/flask$
ubuntu@ip-172-31-42-44:~/flask$
ubuntu@ip-172-31-42-44:~/flask$ sudo systemctl status nginx
● nginx.service - A high performance web server and a reverse proxy server
     Loaded: loaded (/lib/systemd/system/nginx.service; enabled; vendor preset: enabled)
     Active: inactive (dead) since Sun 2022-01-02 21:01:01 UTC; 33s ago
       Docs: man:nginx(8)
    Process: 13543 ExecStartPre=/usr/sbin/nginx -t -q -g daemon on; master_process on; (code=exited, status=0/SUCCESS)
    Process: 13544 ExecStart=/usr/sbin/nginx -g daemon on; master_process on; (code=exited, status=0/SUCCESS)
    Process: 13571 ExecStop=/sbin/start-stop-daemon --quiet --stop --retry QUIT/5 --pidfile /run/nginx.pid (code=exited, status=0/SUCC>
   Main PID: 13545 (code=exited, status=0/SUCCESS)

Jan 02 20:57:26 ip-172-31-42-44 systemd[1]: Starting A high performance web server and a reverse proxy server...
Jan 02 20:57:26 ip-172-31-42-44 systemd[1]: Started A high performance web server and a reverse proxy server.
Jan 02 21:01:01 ip-172-31-42-44 systemd[1]: Stopping A high performance web server and a reverse proxy server...
Jan 02 21:01:01 ip-172-31-42-44 systemd[1]: nginx.service: Succeeded.
Jan 02 21:01:01 ip-172-31-42-44 systemd[1]: Stopped A high performance web server and a reverse proxy server.
ubuntu@ip-172-31-42-44:~/flask$
ubuntu@ip-172-31-42-44:~/flask$
ubuntu@ip-172-31-42-44:~/flask$ sudo systemctl start nginx
ubuntu@ip-172-31-42-44:~/flask$
ubuntu@ip-172-31-42-44:~/flask$ sudo systemctl status nginx
● nginx.service - A high performance web server and a reverse proxy server
     Loaded: loaded (/lib/systemd/system/nginx.service; enabled; vendor preset: enabled)
     Active: active (running) since Sun 2022-01-02 21:01:41 UTC; 3s ago
       Docs: man:nginx(8)
    Process: 13584 ExecStartPre=/usr/sbin/nginx -t -q -g daemon on; master_process on; (code=exited, status=0/SUCCESS)
    Process: 13585 ExecStart=/usr/sbin/nginx -g daemon on; master_process on; (code=exited, status=0/SUCCESS)
   Main PID: 13586 (nginx)
      Tasks: 2 (limit: 1147)
     Memory: 2.4M
     CGroup: /system.slice/nginx.service
             ├─13586 nginx: master process /usr/sbin/nginx -g daemon on; master_process on;
             └─13587 nginx: worker process

Jan 02 21:01:40 ip-172-31-42-44 systemd[1]: Starting A high performance web server and a reverse proxy server...
Jan 02 21:01:41 ip-172-31-42-44 systemd[1]: Started A high performance web server and a reverse proxy server.
ubuntu@ip-172-31-42-44:~/flask$
ubuntu@ip-172-31-42-44:~/flask$ ps -ef | grep gunicorn
ubuntu     13591   11624  0 21:01 pts/0    00:00:00 /usr/bin/python3 /usr/bin/gunicorn3 app:app
ubuntu     13594   13591  0 21:01 pts/0    00:00:00 /usr/bin/python3 /usr/bin/gunicorn3 app:app
ubuntu     13604   13379  0 21:05 pts/1    00:00:00 grep --color=auto gunicorn
ubuntu@ip-172-31-42-44:~/flask$
ubuntu@ip-172-31-42-44:~/flask$
ubuntu@ip-172-31-42-44:~/flask$ ps -ef | grep app
ubuntu     13591   11624  0 21:01 pts/0    00:00:00 /usr/bin/python3 /usr/bin/gunicorn3 app:app
ubuntu     13594   13591  0 21:01 pts/0    00:00:00 /usr/bin/python3 /usr/bin/gunicorn3 app:app
ubuntu     13606   13379  0 21:05 pts/1    00:00:00 grep --color=auto app
ubuntu@ip-172-31-42-44:~/flask$ nginx -v
nginx version: nginx/1.18.0 (Ubuntu)
ubuntu@ip-172-31-42-44:~/flask$
ubuntu@ip-172-31-42-44:~/flask$
ubuntu@ip-172-31-42-44:~/flask$ sudo systemctl status nginx
● nginx.service - A high performance web server and a reverse proxy server
     Loaded: loaded (/lib/systemd/system/nginx.service; enabled; vendor preset: enabled)
     Active: active (running) since Sun 2022-01-02 21:01:41 UTC; 6min ago
       Docs: man:nginx(8)
    Process: 13584 ExecStartPre=/usr/sbin/nginx -t -q -g daemon on; master_process on; (code=exited, status=0/SUCCESS)
    Process: 13585 ExecStart=/usr/sbin/nginx -g daemon on; master_process on; (code=exited, status=0/SUCCESS)
   Main PID: 13586 (nginx)
      Tasks: 2 (limit: 1147)
     Memory: 2.5M
     CGroup: /system.slice/nginx.service
             ├─13586 nginx: master process /usr/sbin/nginx -g daemon on; master_process on;
             └─13587 nginx: worker process

Jan 02 21:01:40 ip-172-31-42-44 systemd[1]: Starting A high performance web server and a reverse proxy server...
Jan 02 21:01:41 ip-172-31-42-44 systemd[1]: Started A high performance web server and a reverse proxy server.
ubuntu@ip-172-31-42-44:~/flask$
ubuntu@ip-172-31-42-44:~/flask$ sudo systemctl stop nginx
ubuntu@ip-172-31-42-44:~/flask$
ubuntu@ip-172-31-42-44:~/flask$ sudo systemctl stop nginx
ubuntu@ip-172-31-42-44:~/flask$ sudo systemctl status nginx
● nginx.service - A high performance web server and a reverse proxy server
     Loaded: loaded (/lib/systemd/system/nginx.service; enabled; vendor preset: enabled)
     Active: inactive (dead) since Sun 2022-01-02 21:08:04 UTC; 5s ago
       Docs: man:nginx(8)
    Process: 13584 ExecStartPre=/usr/sbin/nginx -t -q -g daemon on; master_process on; (code=exited, status=0/SUCCESS)
    Process: 13585 ExecStart=/usr/sbin/nginx -g daemon on; master_process on; (code=exited, status=0/SUCCESS)
    Process: 13617 ExecStop=/sbin/start-stop-daemon --quiet --stop --retry QUIT/5 --pidfile /run/nginx.pid (code=exited, status=0/SUCC>
   Main PID: 13586 (code=exited, status=0/SUCCESS)

Jan 02 21:01:40 ip-172-31-42-44 systemd[1]: Starting A high performance web server and a reverse proxy server...
Jan 02 21:01:41 ip-172-31-42-44 systemd[1]: Started A high performance web server and a reverse proxy server.
Jan 02 21:08:04 ip-172-31-42-44 systemd[1]: Stopping A high performance web server and a reverse proxy server...
Jan 02 21:08:04 ip-172-31-42-44 systemd[1]: nginx.service: Succeeded.
Jan 02 21:08:04 ip-172-31-42-44 systemd[1]: Stopped A high performance web server and a reverse proxy server.
ubuntu@ip-172-31-42-44:~/flask$
ubuntu@ip-172-31-42-44:~/flask$ sudo systemctl status nginx
● nginx.service - A high performance web server and a reverse proxy server
     Loaded: loaded (/lib/systemd/system/nginx.service; enabled; vendor preset: enabled)
     Active: inactive (dead) since Sun 2022-01-02 21:08:04 UTC; 7s ago
       Docs: man:nginx(8)
    Process: 13584 ExecStartPre=/usr/sbin/nginx -t -q -g daemon on; master_process on; (code=exited, status=0/SUCCESS)
    Process: 13585 ExecStart=/usr/sbin/nginx -g daemon on; master_process on; (code=exited, status=0/SUCCESS)
    Process: 13617 ExecStop=/sbin/start-stop-daemon --quiet --stop --retry QUIT/5 --pidfile /run/nginx.pid (code=exited, status=0/SUCC>
   Main PID: 13586 (code=exited, status=0/SUCCESS)

Jan 02 21:01:40 ip-172-31-42-44 systemd[1]: Starting A high performance web server and a reverse proxy server...
Jan 02 21:01:41 ip-172-31-42-44 systemd[1]: Started A high performance web server and a reverse proxy server.
Jan 02 21:08:04 ip-172-31-42-44 systemd[1]: Stopping A high performance web server and a reverse proxy server...
Jan 02 21:08:04 ip-172-31-42-44 systemd[1]: nginx.service: Succeeded.
Jan 02 21:08:04 ip-172-31-42-44 systemd[1]: Stopped A high performance web server and a reverse proxy server.
ubuntu@ip-172-31-42-44:~/flask$
ubuntu@ip-172-31-42-44:~/flask$
ubuntu@ip-172-31-42-44:~/flask$ sudo vi /etc/nginx/sites-enabled/myflaskapp
ubuntu@ip-172-31-42-44:~/flask$
ubuntu@ip-172-31-42-44:~/flask$ sudo systemctl start nginx
ubuntu@ip-172-31-42-44:~/flask$
ubuntu@ip-172-31-42-44:~/flask$
ubuntu@ip-172-31-42-44:~/flask$ sudo systemctl status nginx
● nginx.service - A high performance web server and a reverse proxy server
     Loaded: loaded (/lib/systemd/system/nginx.service; enabled; vendor preset: enabled)
     Active: active (running) since Sun 2022-01-02 21:08:59 UTC; 5s ago
       Docs: man:nginx(8)
    Process: 13634 ExecStartPre=/usr/sbin/nginx -t -q -g daemon on; master_process on; (code=exited, status=0/SUCCESS)
    Process: 13635 ExecStart=/usr/sbin/nginx -g daemon on; master_process on; (code=exited, status=0/SUCCESS)
   Main PID: 13636 (nginx)
      Tasks: 2 (limit: 1147)
     Memory: 2.3M
     CGroup: /system.slice/nginx.service
             ├─13636 nginx: master process /usr/sbin/nginx -g daemon on; master_process on;
             └─13637 nginx: worker process

Jan 02 21:08:59 ip-172-31-42-44 systemd[1]: Starting A high performance web server and a reverse proxy server...
Jan 02 21:08:59 ip-172-31-42-44 systemd[1]: Started A high performance web server and a reverse proxy server.
ubuntu@ip-172-31-42-44:~/flask$
ubuntu@ip-172-31-42-44:~/flask$
ubuntu@ip-172-31-42-44:~/flask$
ubuntu@ip-172-31-42-44:~/flask$ nginx -t
nginx: [alert] could not open error log file: open() "/var/log/nginx/error.log" failed (13: Permission denied)
2022/01/02 21:37:43 [warn] 13686#13686: the "user" directive makes sense only if the master process runs with super-user privileges, ig   nored in /etc/nginx/nginx.conf:1
nginx: the configuration file /etc/nginx/nginx.conf syntax is ok
2022/01/02 21:37:43 [emerg] 13686#13686: open() "/run/nginx.pid" failed (13: Permission denied)
nginx: configuration file /etc/nginx/nginx.conf test failed
ubuntu@ip-172-31-42-44:~/flask$
ubuntu@ip-172-31-42-44:~/flask$ sudo systemctl status nginx
● nginx.service - A high performance web server and a reverse proxy server
     Loaded: loaded (/lib/systemd/system/nginx.service; enabled; vendor preset: enabled)
     Active: active (running) since Sun 2022-01-02 21:08:59 UTC; 28min ago
       Docs: man:nginx(8)
    Process: 13634 ExecStartPre=/usr/sbin/nginx -t -q -g daemon on; master_process on; (code=exited, status=0/SUCCESS)
    Process: 13635 ExecStart=/usr/sbin/nginx -g daemon on; master_process on; (code=exited, status=0/SUCCESS)
   Main PID: 13636 (nginx)
      Tasks: 2 (limit: 1147)
     Memory: 2.4M
     CGroup: /system.slice/nginx.service
             ├─13636 nginx: master process /usr/sbin/nginx -g daemon on; master_process on;
             └─13637 nginx: worker process

Jan 02 21:08:59 ip-172-31-42-44 systemd[1]: Starting A high performance web server and a reverse proxy server...
Jan 02 21:08:59 ip-172-31-42-44 systemd[1]: Started A high performance web server and a reverse proxy server.
ubuntu@ip-172-31-42-44:~/flask$
ubuntu@ip-172-31-42-44:~/flask$
ubuntu@ip-172-31-42-44:~/flask$ nginx -t
nginx: [alert] could not open error log file: open() "/var/log/nginx/error.log" failed (13: Permission denied)
2022/01/02 21:37:54 [warn] 13690#13690: the "user" directive makes sense only if the master process runs with super-user privileges, ig   nored in /etc/nginx/nginx.conf:1
nginx: the configuration file /etc/nginx/nginx.conf syntax is ok
2022/01/02 21:37:54 [emerg] 13690#13690: open() "/run/nginx.pid" failed (13: Permission denied)
nginx: configuration file /etc/nginx/nginx.conf test failed
ubuntu@ip-172-31-42-44:~/flask$ sudo nginx -t
nginx: the configuration file /etc/nginx/nginx.conf syntax is ok
nginx: configuration file /etc/nginx/nginx.conf test is successful
ubuntu@ip-172-31-42-44:~/flask$
ubuntu@ip-172-31-42-44:~/flask$
ubuntu@ip-172-31-42-44:~/flask$
ubuntu@ip-172-31-42-44:~/flask$
ubuntu@ip-172-31-42-44:~/flask$
ubuntu@ip-172-31-42-44:~/flask$ sudo nginx -t
nginx: the configuration file /etc/nginx/nginx.conf syntax is ok
nginx: configuration file /etc/nginx/nginx.conf test is successful
ubuntu@ip-172-31-42-44:~/flask$ ls /etc/systemd/system
system/      system.conf
ubuntu@ip-172-31-42-44:~/flask$ ls /etc/systemd/system
 cloud-final.service.wants                multipath-tools.service                   snap-snapd-14295.mount
 cloud-init.target.wants                  network-online.target.wants               snap.amazon-ssm-agent.amazon-ssm-agent.service
 dbus-org.freedesktop.resolve1.service    open-vm-tools.service.requires            snap.lxd.activate.service
 dbus-org.freedesktop.timesync1.service   paths.target.wants                        snap.lxd.daemon.service
 default.target.wants                     rescue.target.wants                       snap.lxd.daemon.unix.socket
 emergency.target.wants                   sleep.target.wants                        sockets.target.wants
 final.target.wants                      'snap-amazon\x2dssm\x2dagent-4046.mount'   sshd-keygen@.service.d
 getty.target.wants                       snap-core18-2253.mount                    sshd.service
 graphical.target.wants                   snap-core20-1242.mount                    sysinit.target.wants
 iscsi.service                            snap-core20-1270.mount                    syslog.service
 mdmonitor.service.wants                  snap-lxd-21835.mount                      timers.target.wants
 multi-user.target.wants                  snap-snapd-14066.mount                    vmtoolsd.service
ubuntu@ip-172-31-42-44:~/flask$ gunicorn
gunicorn   gunicorn3
ubuntu@ip-172-31-42-44:~/flask$ gunicorn
gunicorn   gunicorn3
ubuntu@ip-172-31-42-44:~/flask$ whereis gunicorn
gunicorn: /usr/bin/gunicorn /usr/share/man/man1/gunicorn.1.gz
ubuntu@ip-172-31-42-44:~/flask$ whereis gunicorn3
gunicorn3: /usr/bin/gunicorn3 /usr/share/man/man1/gunicorn3.1.gz
ubuntu@ip-172-31-42-44:~/flask$
ubuntu@ip-172-31-42-44:~/flask$
ubuntu@ip-172-31-42-44:~/flask$ sudo systemctl status nginx
● nginx.service - A high performance web server and a reverse proxy server
     Loaded: loaded (/lib/systemd/system/nginx.service; enabled; vendor preset: enabled)
     Active: active (running) since Sun 2022-01-02 21:08:59 UTC; 1h 10min ago
       Docs: man:nginx(8)
    Process: 13634 ExecStartPre=/usr/sbin/nginx -t -q -g daemon on; master_process on; (code=exited, status=0/SUCCESS)
    Process: 13635 ExecStart=/usr/sbin/nginx -g daemon on; master_process on; (code=exited, status=0/SUCCESS)
   Main PID: 13636 (nginx)
      Tasks: 2 (limit: 1147)
     Memory: 2.4M
     CGroup: /system.slice/nginx.service
             ├─13636 nginx: master process /usr/sbin/nginx -g daemon on; master_process on;
             └─13637 nginx: worker process

Jan 02 21:08:59 ip-172-31-42-44 systemd[1]: Starting A high performance web server and a reverse proxy server...
Jan 02 21:08:59 ip-172-31-42-44 systemd[1]: Started A high performance web server and a reverse proxy server.
ubuntu@ip-172-31-42-44:~/flask$
ubuntu@ip-172-31-42-44:~/flask$ sudo systemctl stop nginx
ubuntu@ip-172-31-42-44:~/flask$
ubuntu@ip-172-31-42-44:~/flask$
ubuntu@ip-172-31-42-44:~/flask$ sudo systemctl status nginx
● nginx.service - A high performance web server and a reverse proxy server
     Loaded: loaded (/lib/systemd/system/nginx.service; enabled; vendor preset: enabled)
     Active: inactive (dead) since Sun 2022-01-02 22:20:01 UTC; 2s ago
       Docs: man:nginx(8)
    Process: 13634 ExecStartPre=/usr/sbin/nginx -t -q -g daemon on; master_process on; (code=exited, status=0/SUCCESS)
    Process: 13635 ExecStart=/usr/sbin/nginx -g daemon on; master_process on; (code=exited, status=0/SUCCESS)
    Process: 13772 ExecStop=/sbin/start-stop-daemon --quiet --stop --retry QUIT/5 --pidfile /run/nginx.pid (code=exited, status=0/SUCC>
   Main PID: 13636 (code=exited, status=0/SUCCESS)

Jan 02 21:08:59 ip-172-31-42-44 systemd[1]: Starting A high performance web server and a reverse proxy server...
Jan 02 21:08:59 ip-172-31-42-44 systemd[1]: Started A high performance web server and a reverse proxy server.
Jan 02 22:20:01 ip-172-31-42-44 systemd[1]: Stopping A high performance web server and a reverse proxy server...
Jan 02 22:20:01 ip-172-31-42-44 systemd[1]: nginx.service: Succeeded.
Jan 02 22:20:01 ip-172-31-42-44 systemd[1]: Stopped A high performance web server and a reverse proxy server.
ubuntu@ip-172-31-42-44:~/flask$
ubuntu@ip-172-31-42-44:~/flask$
ubuntu@ip-172-31-42-44:~/flask$ sudo systemctl start nginx
ubuntu@ip-172-31-42-44:~/flask$
ubuntu@ip-172-31-42-44:~/flask$ sudo systemctl status nginx
● nginx.service - A high performance web server and a reverse proxy server
     Loaded: loaded (/lib/systemd/system/nginx.service; enabled; vendor preset: enabled)
     Active: active (running) since Sun 2022-01-02 22:20:20 UTC; 4s ago
       Docs: man:nginx(8)
    Process: 13779 ExecStartPre=/usr/sbin/nginx -t -q -g daemon on; master_process on; (code=exited, status=0/SUCCESS)
    Process: 13780 ExecStart=/usr/sbin/nginx -g daemon on; master_process on; (code=exited, status=0/SUCCESS)
   Main PID: 13781 (nginx)
      Tasks: 2 (limit: 1147)
     Memory: 2.3M
     CGroup: /system.slice/nginx.service
             ├─13781 nginx: master process /usr/sbin/nginx -g daemon on; master_process on;
             └─13782 nginx: worker process

Jan 02 22:20:20 ip-172-31-42-44 systemd[1]: Starting A high performance web server and a reverse proxy server...
Jan 02 22:20:20 ip-172-31-42-44 systemd[1]: Started A high performance web server and a reverse proxy server.
ubuntu@ip-172-31-42-44:~/flask$ sudo apt-get install openssl^C
ubuntu@ip-172-31-42-44:~/flask$
ubuntu@ip-172-31-42-44:~/flask$
ubuntu@ip-172-31-42-44:~/flask$
ubuntu@ip-172-31-42-44:~/flask$
ubuntu@ip-172-31-42-44:~/flask$
ubuntu@ip-172-31-42-44:~/flask$
ubuntu@ip-172-31-42-44:~/flask$
ubuntu@ip-172-31-42-44:~/flask$
ubuntu@ip-172-31-42-44:~/flask$
ubuntu@ip-172-31-42-44:~/flask$
ubuntu@ip-172-31-42-44:~/flask$
ubuntu@ip-172-31-42-44:~/flask$
ubuntu@ip-172-31-42-44:~/flask$
ubuntu@ip-172-31-42-44:~/flask$
ubuntu@ip-172-31-42-44:~/flask$
ubuntu@ip-172-31-42-44:~/flask$
ubuntu@ip-172-31-42-44:~/flask$
ubuntu@ip-172-31-42-44:~/flask$
ubuntu@ip-172-31-42-44:~/flask$
ubuntu@ip-172-31-42-44:~/flask$
ubuntu@ip-172-31-42-44:~/flask$
ubuntu@ip-172-31-42-44:~/flask$
ubuntu@ip-172-31-42-44:~/flask$
ubuntu@ip-172-31-42-44:~/flask$
ubuntu@ip-172-31-42-44:~/flask$
ubuntu@ip-172-31-42-44:~/flask$
ubuntu@ip-172-31-42-44:~/flask$
ubuntu@ip-172-31-42-44:~/flask$ sudo apt-get install openssl
Reading package lists... Done
Building dependency tree
Reading state information... Done
The following packages will be upgraded:
  openssl
1 upgraded, 0 newly installed, 0 to remove and 10 not upgraded.
Need to get 620 kB of archives.
After this operation, 1024 B disk space will be freed.
Get:1 http://ap-south-1.ec2.archive.ubuntu.com/ubuntu focal-updates/main amd64 openssl amd64 1.1.1f-1ubuntu2.10 [620 kB]
Fetched 620 kB in 1s (476 kB/s)
(Reading database ... 71197 files and directories currently installed.)
Preparing to unpack .../openssl_1.1.1f-1ubuntu2.10_amd64.deb ...
Unpacking openssl (1.1.1f-1ubuntu2.10) over (1.1.1f-1ubuntu2.9) ...
Setting up openssl (1.1.1f-1ubuntu2.10) ...
Processing triggers for man-db (2.9.1-1) ...
ubuntu@ip-172-31-42-44:~/flask$
ubuntu@ip-172-31-42-44:~/flask$
ubuntu@ip-172-31-42-44:~/flask$ sudo apt-get install openssl
Reading package lists... Done
Building dependency tree
Reading state information... Done
openssl is already the newest version (1.1.1f-1ubuntu2.10).
openssl set to manually installed.
0 upgraded, 0 newly installed, 0 to remove and 10 not upgraded.
ubuntu@ip-172-31-42-44:~/flask$
ubuntu@ip-172-31-42-44:~/flask$
ubuntu@ip-172-31-42-44:~/flask$ sudo openssl req -x509 -nodes -days 365 -newkey rsa:2048 -keyout /etc/ssl/private/nginx-self-signed.key    -out /etc/ssl/certs/nginx-self-signed.crt
Generating a RSA private key
.......................................................................................+++++
........................................+++++
writing new private key to '/etc/ssl/private/nginx-self-signed.key'
-----
You are about to be asked to enter information that will be incorporated
into your certificate request.
What you are about to enter is what is called a Distinguished Name or a DN.
There are quite a few fields but you can leave some blank
For some fields there will be a default value,
If you enter '.', the field will be left blank.
-----
Country Name (2 letter code) [AU]:IN
State or Province Name (full name) [Some-State]:Maharashtra
Locality Name (eg, city) []:Mumbai Bombay
Organization Name (eg, company) [Internet Widgits Pty Ltd]:
Organizational Unit Name (eg, section) []:
Common Name (e.g. server FQDN or YOUR name) []:equity-updates.com, www.equity-updates.com, 13.232.222.62
Email Address []:softmanoranjan@gmail.com
ubuntu@ip-172-31-42-44:~/flask$
ubuntu@ip-172-31-42-44:~/flask$ ls /etc/ssl/private/nginx-self-signed.key
ls: cannot access '/etc/ssl/private/nginx-self-signed.key': Permission denied
ubuntu@ip-172-31-42-44:~/flask$ sudo ls /etc/ssl/private/nginx-self-signed.key
/etc/ssl/private/nginx-self-signed.key
ubuntu@ip-172-31-42-44:~/flask$ sudo ls /etc/ssl/private
nginx-self-signed.key  ssl-cert-snakeoil.key
ubuntu@ip-172-31-42-44:~/flask$ sudo ls /etc/ssl/certs/
 02265526.0                                                      GTS_Root_R3.pem
 03179a64.0                                                      GTS_Root_R4.pem
 062cdee6.0                                                      GeoTrust_Primary_Certification_Authority_-_G2.pem
 064e0aa9.0                                                      GlobalSign_ECC_Root_CA_-_R4.pem
 06dc52d5.0                                                      GlobalSign_ECC_Root_CA_-_R5.pem
 080911ac.0                                                      GlobalSign_Root_CA.pem
 09789157.0                                                      GlobalSign_Root_CA_-_R2.pem
 0a775a30.0                                                      GlobalSign_Root_CA_-_R3.pem
 0b1b94ef.0                                                      GlobalSign_Root_CA_-_R6.pem
 0bf05006.0                                                      Global_Chambersign_Root_-_2008.pem
 0c4c9b6c.0                                                      Go_Daddy_Class_2_CA.pem
 0f5dc4f3.0                                                      Go_Daddy_Root_Certificate_Authority_-_G2.pem
 0f6fa695.0                                                      Hellenic_Academic_and_Research_Institutions_ECC_RootCA_2015.pem
 1001acf7.0                                                      Hellenic_Academic_and_Research_Institutions_RootCA_2011.pem
 106f3e4d.0                                                      Hellenic_Academic_and_Research_Institutions_RootCA_2015.pem
 116bf586.0                                                      Hongkong_Post_Root_CA_1.pem
 14bc7599.0                                                      Hongkong_Post_Root_CA_3.pem
 1636090b.0                                                      ISRG_Root_X1.pem
 18856ac4.0                                                      IdenTrust_Commercial_Root_CA_1.pem
 1d3472b9.0                                                      IdenTrust_Public_Sector_Root_CA_1.pem
 1e08bfd1.0                                                      Izenpe.com.pem
 1e09d511.0                                                      Microsec_e-Szigno_Root_CA_2009.pem
 244b5494.0                                                      Microsoft_ECC_Root_Certificate_Authority_2017.pem
 2923b3f9.0                                                      Microsoft_RSA_Root_Certificate_Authority_2017.pem
 2ae6433e.0                                                      NAVER_Global_Root_Certification_Authority.pem
 2b349938.0                                                     'NetLock_Arany_=Class_Gold=_Főtanúsítvány.pem'
 32888f65.0                                                      Network_Solutions_Certificate_Authority.pem
 349f2832.0                                                      OISTE_WISeKey_Global_Root_GB_CA.pem
 3513523f.0                                                      OISTE_WISeKey_Global_Root_GC_CA.pem
 3bde41ac.0                                                      QuoVadis_Root_CA.pem
 3e44d2f7.0                                                      QuoVadis_Root_CA_1_G3.pem
 3e45d192.0                                                      QuoVadis_Root_CA_2.pem
 3fb36b73.0                                                      QuoVadis_Root_CA_2_G3.pem
 40193066.0                                                      QuoVadis_Root_CA_3.pem
 4042bcee.0                                                      QuoVadis_Root_CA_3_G3.pem
 40547a79.0                                                      SSL.com_EV_Root_Certification_Authority_ECC.pem
 406c9bb1.0                                                      SSL.com_EV_Root_Certification_Authority_RSA_R2.pem
 4304c5e5.0                                                      SSL.com_Root_Certification_Authority_ECC.pem
 48bec511.0                                                      SSL.com_Root_Certification_Authority_RSA.pem
 4a6481c9.0                                                      SZAFIR_ROOT_CA2.pem
 4b718d9b.0                                                      SecureSign_RootCA11.pem
 4bfab552.0                                                      SecureTrust_CA.pem
 4f316efb.0                                                      Secure_Global_CA.pem
 5273a94c.0                                                      Security_Communication_RootCA2.pem
 5443e9e3.0                                                      Security_Communication_Root_CA.pem
 54657681.0                                                      Sonera_Class_2_Root_CA.pem
 57bcb2da.0                                                      Staat_der_Nederlanden_EV_Root_CA.pem
 5a4d6896.0                                                      Staat_der_Nederlanden_Root_CA_-_G3.pem
 5ad8a5d6.0                                                      Starfield_Class_2_CA.pem
 5cd81ad7.0                                                      Starfield_Root_Certificate_Authority_-_G2.pem
 5d3033c5.0                                                      Starfield_Services_Root_Certificate_Authority_-_G2.pem
 5e98733a.0                                                      SwissSign_Gold_CA_-_G2.pem
 5f15c80c.0                                                      SwissSign_Silver_CA_-_G2.pem
 5f618aec.0                                                      T-TeleSec_GlobalRoot_Class_2.pem
 607986c7.0                                                      T-TeleSec_GlobalRoot_Class_3.pem
 626dceaf.0                                                      TUBITAK_Kamu_SM_SSL_Kok_Sertifikasi_-_Surum_1.pem
 653b494a.0                                                      TWCA_Global_Root_CA.pem
 68dd7389.0                                                      TWCA_Root_Certification_Authority.pem
 6b99d060.0                                                      TeliaSonera_Root_CA_v1.pem
 6d41d539.0                                                      TrustCor_ECA-1.pem
 6fa5da56.0                                                      TrustCor_RootCert_CA-1.pem
 706f604c.0                                                      TrustCor_RootCert_CA-2.pem
 749e9e03.0                                                      Trustis_FPS_Root_CA.pem
 75d1b2ed.0                                                      Trustwave_Global_Certification_Authority.pem
 76cb8f92.0                                                      Trustwave_Global_ECC_P256_Certification_Authority.pem
 76faf6c0.0                                                      Trustwave_Global_ECC_P384_Certification_Authority.pem
 7719f463.0                                                      UCA_Extended_Validation_Root.pem
 773e07ad.0                                                      UCA_Global_G2_Root.pem
 7aaf71c0.0                                                      USERTrust_ECC_Certification_Authority.pem
 7f3d5d1d.0                                                      USERTrust_RSA_Certification_Authority.pem
 8160b96c.0                                                      VeriSign_Universal_Root_Certification_Authority.pem
 87f0c940                                                        XRamp_Global_CA_Root.pem
 8cb5ee0f.0                                                      a3418fda.0
 8d86cdd1.0                                                      a94d09e5.0
 8d89cda1.0                                                      aee5f10d.0
 930ac5d2.0                                                      b0e59380.0
 93bc0acc.0                                                      b1159c4c.0
 988a38cb.0                                                      b66938e9.0
 9b5697b0.0                                                      b727005e.0
 9c2e7d30.0                                                      b7a5b843.0
 9c8dfbd4.0                                                      bf53fb88.0
 9d04f354.0                                                      c01cdfa2.0
 ACCVRAIZ1.pem                                                   c01eb047.0
 AC_RAIZ_FNMT-RCM.pem                                            c28a8a30.0
 Actalis_Authentication_Root_CA.pem                              c47d9980.0
 AffirmTrust_Commercial.pem                                      ca-certificates.crt
 AffirmTrust_Networking.pem                                      ca6e4ad9.0
 AffirmTrust_Premium.pem                                         cbf06781.0
 AffirmTrust_Premium_ECC.pem                                     cc450945.0
 Amazon_Root_CA_1.pem                                            cd58d51e.0
 Amazon_Root_CA_2.pem                                            cd8c0d63.0
 Amazon_Root_CA_3.pem                                            ce5e74ef.0
 Amazon_Root_CA_4.pem                                            certSIGN_ROOT_CA.pem
 Atos_TrustedRoot_2011.pem                                       certSIGN_Root_CA_G2.pem
 Autoridad_de_Certificacion_Firmaprofesional_CIF_A62634068.pem   d4dae3dd.0
 Baltimore_CyberTrust_Root.pem                                   d6325660.0
 Buypass_Class_2_Root_CA.pem                                     d7e8dc79.0
 Buypass_Class_3_Root_CA.pem                                     d853d49e.0
 CA_Disig_Root_R2.pem                                            d887a5bb.0
 CFCA_EV_ROOT.pem                                                dc4d6a89.0
 COMODO_Certification_Authority.pem                              dd8e9d41.0
 COMODO_ECC_Certification_Authority.pem                          de6d66f3.0
 COMODO_RSA_Certification_Authority.pem                          e-Szigno_Root_CA_2017.pem
 Certigna.pem                                                    e113c810.0
 Certigna_Root_CA.pem                                            e18bfb83.0
 Certum_Trusted_Network_CA.pem                                   e36a6752.0
 Certum_Trusted_Network_CA_2.pem                                 e73d606e.0
 Chambers_of_Commerce_Root_-_2008.pem                            e868b802.0
 Comodo_AAA_Services_root.pem                                    e8de2f56.0
 Cybertrust_Global_Root.pem                                      ePKI_Root_Certification_Authority.pem
 D-TRUST_Root_Class_3_CA_2_2009.pem                              ee64a828.0
 D-TRUST_Root_Class_3_CA_2_EV_2009.pem                           eed8c118.0
 DigiCert_Assured_ID_Root_CA.pem                                 ef954a4e.0
 DigiCert_Assured_ID_Root_G2.pem                                 emSign_ECC_Root_CA_-_C3.pem
 DigiCert_Assured_ID_Root_G3.pem                                 emSign_ECC_Root_CA_-_G3.pem
 DigiCert_Global_Root_CA.pem                                     emSign_Root_CA_-_C1.pem
 DigiCert_Global_Root_G2.pem                                     emSign_Root_CA_-_G1.pem
 DigiCert_Global_Root_G3.pem                                     f081611a.0
 DigiCert_High_Assurance_EV_Root_CA.pem                          f0c70a8d.0
 DigiCert_Trusted_Root_G4.pem                                    f249de83.0
 E-Tugra_Certification_Authority.pem                             f30dd6ad.0
 EC-ACC.pem                                                      f3377b1b.0
 Entrust.net_Premium_2048_Secure_Server_CA.pem                   f387163d.0
 Entrust_Root_Certification_Authority.pem                        f39fc864.0
 Entrust_Root_Certification_Authority_-_EC1.pem                  f51bb24c.0
 Entrust_Root_Certification_Authority_-_G2.pem                   fc5a8f99.0
 Entrust_Root_Certification_Authority_-_G4.pem                   fe8a2cd8.0
 GDCA_TrustAUTH_R5_ROOT.pem                                      ff34af3f.0
 GTS_Root_R1.pem                                                 nginx-self-signed.crt
 GTS_Root_R2.pem                                                 ssl-cert-snakeoil.pem
ubuntu@ip-172-31-42-44:~/flask$
ubuntu@ip-172-31-42-44:~/flask$ sudo ls /etc/ssl/certs/nginx-self-signed.crt
/etc/ssl/certs/nginx-self-signed.crt
ubuntu@ip-172-31-42-44:~/flask$
ubuntu@ip-172-31-42-44:~/flask$ cd /etc/nginx/sites-enabled/
ubuntu@ip-172-31-42-44:/etc/nginx/sites-enabled$ cd -
/home/ubuntu/flask
ubuntu@ip-172-31-42-44:~/flask$ pwd
/home/ubuntu/flask
ubuntu@ip-172-31-42-44:~/flask$ cd -
/etc/nginx/sites-enabled
ubuntu@ip-172-31-42-44:/etc/nginx/sites-enabled$ ll
total 12
drwxr-xr-x 2 root root 4096 Jan  2 21:08 ./
drwxr-xr-x 8 root root 4096 Jan  2 20:19 ../
lrwxrwxrwx 1 root root   34 Jan  2 20:19 default -> /etc/nginx/sites-available/default
-rw-r--r-- 1 root root  207 Jan  2 21:08 myflaskapp
ubuntu@ip-172-31-42-44:/etc/nginx/sites-enabled$ cd -
/home/ubuntu/flask
ubuntu@ip-172-31-42-44:~/flask$ sudo vi /etc/nginx/sites-enabled/myflaskapp
ubuntu@ip-172-31-42-44:~/flask$
ubuntu@ip-172-31-42-44:~/flask$
ubuntu@ip-172-31-42-44:~/flask$ sudo systemctl status nginx
● nginx.service - A high performance web server and a reverse proxy server
     Loaded: loaded (/lib/systemd/system/nginx.service; enabled; vendor preset: enabled)
     Active: active (running) since Sun 2022-01-02 22:20:20 UTC; 11min ago
       Docs: man:nginx(8)
    Process: 13779 ExecStartPre=/usr/sbin/nginx -t -q -g daemon on; master_process on; (code=exited, status=0/SUCCESS)
    Process: 13780 ExecStart=/usr/sbin/nginx -g daemon on; master_process on; (code=exited, status=0/SUCCESS)
   Main PID: 13781 (nginx)
      Tasks: 2 (limit: 1147)
     Memory: 2.4M
     CGroup: /system.slice/nginx.service
             ├─13781 nginx: master process /usr/sbin/nginx -g daemon on; master_process on;
             └─13782 nginx: worker process

Jan 02 22:20:20 ip-172-31-42-44 systemd[1]: Starting A high performance web server and a reverse proxy server...
Jan 02 22:20:20 ip-172-31-42-44 systemd[1]: Started A high performance web server and a reverse proxy server.
ubuntu@ip-172-31-42-44:~/flask$
ubuntu@ip-172-31-42-44:~/flask$
ubuntu@ip-172-31-42-44:~/flask$ sudo systemctl stop nginx
ubuntu@ip-172-31-42-44:~/flask$
ubuntu@ip-172-31-42-44:~/flask$
ubuntu@ip-172-31-42-44:~/flask$ sudo systemctl status nginx
● nginx.service - A high performance web server and a reverse proxy server
     Loaded: loaded (/lib/systemd/system/nginx.service; enabled; vendor preset: enabled)
     Active: inactive (dead) since Sun 2022-01-02 22:31:56 UTC; 3s ago
       Docs: man:nginx(8)
    Process: 13779 ExecStartPre=/usr/sbin/nginx -t -q -g daemon on; master_process on; (code=exited, status=0/SUCCESS)
    Process: 13780 ExecStart=/usr/sbin/nginx -g daemon on; master_process on; (code=exited, status=0/SUCCESS)
    Process: 14372 ExecStop=/sbin/start-stop-daemon --quiet --stop --retry QUIT/5 --pidfile /run/nginx.pid (code=exited, status=0/SUCC>
   Main PID: 13781 (code=exited, status=0/SUCCESS)

Jan 02 22:20:20 ip-172-31-42-44 systemd[1]: Starting A high performance web server and a reverse proxy server...
Jan 02 22:20:20 ip-172-31-42-44 systemd[1]: Started A high performance web server and a reverse proxy server.
Jan 02 22:31:56 ip-172-31-42-44 systemd[1]: Stopping A high performance web server and a reverse proxy server...
Jan 02 22:31:56 ip-172-31-42-44 systemd[1]: nginx.service: Succeeded.
Jan 02 22:31:56 ip-172-31-42-44 systemd[1]: Stopped A high performance web server and a reverse proxy server.
ubuntu@ip-172-31-42-44:~/flask$
ubuntu@ip-172-31-42-44:~/flask$
ubuntu@ip-172-31-42-44:~/flask$ sudo systemctl start nginx
Job for nginx.service failed because the control process exited with error code.
See "systemctl status nginx.service" and "journalctl -xe" for details.
ubuntu@ip-172-31-42-44:~/flask$
ubuntu@ip-172-31-42-44:~/flask$
ubuntu@ip-172-31-42-44:~/flask$ sudo vi /etc/nginx/sites-enabled/myflaskapp
ubuntu@ip-172-31-42-44:~/flask$
ubuntu@ip-172-31-42-44:~/flask$
ubuntu@ip-172-31-42-44:~/flask$
ubuntu@ip-172-31-42-44:~/flask$ sudo systemctl start nginx
ubuntu@ip-172-31-42-44:~/flask$
ubuntu@ip-172-31-42-44:~/flask$ sudo systemctl status nginx
● nginx.service - A high performance web server and a reverse proxy server
     Loaded: loaded (/lib/systemd/system/nginx.service; enabled; vendor preset: enabled)
     Active: active (running) since Sun 2022-01-02 22:32:32 UTC; 4s ago
       Docs: man:nginx(8)
    Process: 14386 ExecStartPre=/usr/sbin/nginx -t -q -g daemon on; master_process on; (code=exited, status=0/SUCCESS)
    Process: 14387 ExecStart=/usr/sbin/nginx -g daemon on; master_process on; (code=exited, status=0/SUCCESS)
   Main PID: 14388 (nginx)
      Tasks: 2 (limit: 1147)
     Memory: 2.4M
     CGroup: /system.slice/nginx.service
             ├─14388 nginx: master process /usr/sbin/nginx -g daemon on; master_process on;
             └─14389 nginx: worker process

Jan 02 22:32:32 ip-172-31-42-44 systemd[1]: Starting A high performance web server and a reverse proxy server...
Jan 02 22:32:32 ip-172-31-42-44 nginx[14386]: nginx: [warn] the "ssl" directive is deprecated, use the "listen ... ssl" directive inst>
Jan 02 22:32:32 ip-172-31-42-44 nginx[14387]: nginx: [warn] the "ssl" directive is deprecated, use the "listen ... ssl" directive inst>
Jan 02 22:32:32 ip-172-31-42-44 systemd[1]: Started A high performance web server and a reverse proxy server.
ubuntu@ip-172-31-42-44:~/flask$
ubuntu@ip-172-31-42-44:~/flask$
ubuntu@ip-172-31-42-44:~/flask$ sudo systemctl status nginx
● nginx.service - A high performance web server and a reverse proxy server
     Loaded: loaded (/lib/systemd/system/nginx.service; enabled; vendor preset: enabled)
     Active: active (running) since Sun 2022-01-02 22:32:32 UTC; 8s ago
       Docs: man:nginx(8)
    Process: 14386 ExecStartPre=/usr/sbin/nginx -t -q -g daemon on; master_process on; (code=exited, status=0/SUCCESS)
    Process: 14387 ExecStart=/usr/sbin/nginx -g daemon on; master_process on; (code=exited, status=0/SUCCESS)
   Main PID: 14388 (nginx)
      Tasks: 2 (limit: 1147)
     Memory: 2.4M
     CGroup: /system.slice/nginx.service
             ├─14388 nginx: master process /usr/sbin/nginx -g daemon on; master_process on;
             └─14389 nginx: worker process

Jan 02 22:32:32 ip-172-31-42-44 systemd[1]: Starting A high performance web server and a reverse proxy server...
Jan 02 22:32:32 ip-172-31-42-44 nginx[14386]: nginx: [warn] the "ssl" directive is deprecated, use the "listen ... ssl" directive inst>
Jan 02 22:32:32 ip-172-31-42-44 nginx[14387]: nginx: [warn] the "ssl" directive is deprecated, use the "listen ... ssl" directive inst>
Jan 02 22:32:32 ip-172-31-42-44 systemd[1]: Started A high performance web server and a reverse proxy server.
ubuntu@ip-172-31-42-44:~/flask$
ubuntu@ip-172-31-42-44:~/flask$
ubuntu@ip-172-31-42-44:~/flask$ sudo systemctl status nginx
● nginx.service - A high performance web server and a reverse proxy server
     Loaded: loaded (/lib/systemd/system/nginx.service; enabled; vendor preset: enabled)
     Active: active (running) since Sun 2022-01-02 22:32:32 UTC; 26s ago
       Docs: man:nginx(8)
    Process: 14386 ExecStartPre=/usr/sbin/nginx -t -q -g daemon on; master_process on; (code=exited, status=0/SUCCESS)
    Process: 14387 ExecStart=/usr/sbin/nginx -g daemon on; master_process on; (code=exited, status=0/SUCCESS)
   Main PID: 14388 (nginx)
      Tasks: 2 (limit: 1147)
     Memory: 2.4M
     CGroup: /system.slice/nginx.service
             ├─14388 nginx: master process /usr/sbin/nginx -g daemon on; master_process on;
             └─14389 nginx: worker process

Jan 02 22:32:32 ip-172-31-42-44 systemd[1]: Starting A high performance web server and a reverse proxy server...
Jan 02 22:32:32 ip-172-31-42-44 nginx[14386]: nginx: [warn] the "ssl" directive is deprecated, use the "listen ... ssl" directive instead>
Jan 02 22:32:32 ip-172-31-42-44 nginx[14387]: nginx: [warn] the "ssl" directive is deprecated, use the "listen ... ssl" directive instead>
Jan 02 22:32:32 ip-172-31-42-44 systemd[1]: Started A high performance web server and a reverse proxy server.
ubuntu@ip-172-31-42-44:~/flask$
ubuntu@ip-172-31-42-44:~/flask$ sudo systemctl stop nginx
ubuntu@ip-172-31-42-44:~/flask$
ubuntu@ip-172-31-42-44:~/flask$ sudo systemctl status nginx
● nginx.service - A high performance web server and a reverse proxy server
     Loaded: loaded (/lib/systemd/system/nginx.service; enabled; vendor preset: enabled)
     Active: inactive (dead) since Sun 2022-01-02 22:33:58 UTC; 13s ago
       Docs: man:nginx(8)
    Process: 14386 ExecStartPre=/usr/sbin/nginx -t -q -g daemon on; master_process on; (code=exited, status=0/SUCCESS)
    Process: 14387 ExecStart=/usr/sbin/nginx -g daemon on; master_process on; (code=exited, status=0/SUCCESS)
    Process: 14405 ExecStop=/sbin/start-stop-daemon --quiet --stop --retry QUIT/5 --pidfile /run/nginx.pid (code=exited, status=0/SUCCESS)
   Main PID: 14388 (code=exited, status=0/SUCCESS)

Jan 02 22:32:32 ip-172-31-42-44 systemd[1]: Starting A high performance web server and a reverse proxy server...
Jan 02 22:32:32 ip-172-31-42-44 nginx[14386]: nginx: [warn] the "ssl" directive is deprecated, use the "listen ... ssl" directive instead>
Jan 02 22:32:32 ip-172-31-42-44 nginx[14387]: nginx: [warn] the "ssl" directive is deprecated, use the "listen ... ssl" directive instead>
Jan 02 22:32:32 ip-172-31-42-44 systemd[1]: Started A high performance web server and a reverse proxy server.
Jan 02 22:33:58 ip-172-31-42-44 systemd[1]: Stopping A high performance web server and a reverse proxy server...
Jan 02 22:33:58 ip-172-31-42-44 systemd[1]: nginx.service: Succeeded.
Jan 02 22:33:58 ip-172-31-42-44 systemd[1]: Stopped A high performance web server and a reverse proxy server.
ubuntu@ip-172-31-42-44:~/flask$
ubuntu@ip-172-31-42-44:~/flask$
ubuntu@ip-172-31-42-44:~/flask$ sudo systemctl start nginx
ubuntu@ip-172-31-42-44:~/flask$
ubuntu@ip-172-31-42-44:~/flask$ sudo systemctl status nginx
● nginx.service - A high performance web server and a reverse proxy server
     Loaded: loaded (/lib/systemd/system/nginx.service; enabled; vendor preset: enabled)
     Active: active (running) since Sun 2022-01-02 22:34:18 UTC; 2s ago
       Docs: man:nginx(8)
    Process: 14412 ExecStartPre=/usr/sbin/nginx -t -q -g daemon on; master_process on; (code=exited, status=0/SUCCESS)
    Process: 14413 ExecStart=/usr/sbin/nginx -g daemon on; master_process on; (code=exited, status=0/SUCCESS)
   Main PID: 14414 (nginx)
      Tasks: 2 (limit: 1147)
     Memory: 2.4M
     CGroup: /system.slice/nginx.service
             ├─14414 nginx: master process /usr/sbin/nginx -g daemon on; master_process on;
             └─14415 nginx: worker process

Jan 02 22:34:18 ip-172-31-42-44 systemd[1]: Starting A high performance web server and a reverse proxy server...
Jan 02 22:34:18 ip-172-31-42-44 nginx[14412]: nginx: [warn] the "ssl" directive is deprecated, use the "listen ... ssl" directive instead>
Jan 02 22:34:18 ip-172-31-42-44 nginx[14413]: nginx: [warn] the "ssl" directive is deprecated, use the "listen ... ssl" directive instead>
Jan 02 22:34:18 ip-172-31-42-44 systemd[1]: Started A high performance web server and a reverse proxy server.
ubuntu@ip-172-31-42-44:~/flask$
ubuntu@ip-172-31-42-44:~/flask$ cat /var/log/nginx/error.log
2022/01/02 20:40:01 [error] 12921#12921: *5 connect() failed (111: Connection refused) while connecting to upstream, client: 171.77.155.36, server: equity-updates.com, request: "GET / HTTP/1.1", upstream: "http://127.0.0.1:8080/", host: "equity-updates.com"
2022/01/02 20:40:04 [error] 12921#12921: *5 connect() failed (111: Connection refused) while connecting to upstream, client: 171.77.155.36, server: equity-updates.com, request: "GET / HTTP/1.1", upstream: "http://127.0.0.1:8080/", host: "equity-updates.com"
2022/01/02 20:48:25 [error] 13474#13474: *2 connect() failed (111: Connection refused) while connecting to upstream, client: 171.77.155.36, server: 13.232.222.62, request: "GET / HTTP/1.1", upstream: "http://127.0.0.1:8080/", host: "13.232.222.62"
2022/01/02 20:50:16 [error] 13474#13474: *5 connect() failed (111: Connection refused) while connecting to upstream, client: 171.77.155.36, server: 13.232.222.62, request: "GET / HTTP/1.1", upstream: "http://127.0.0.1:8080/", host: "13.232.222.62"
2022/01/02 20:50:17 [error] 13474#13474: *5 connect() failed (111: Connection refused) while connecting to upstream, client: 171.77.155.36, server: 13.232.222.62, request: "GET / HTTP/1.1", upstream: "http://127.0.0.1:8080/", host: "13.232.222.62"
2022/01/02 20:50:19 [error] 13474#13474: *5 connect() failed (111: Connection refused) while connecting to upstream, client: 171.77.155.36, server: 13.232.222.62, request: "GET / HTTP/1.1", upstream: "http://127.0.0.1:8080/", host: "13.232.222.62"
2022/01/02 20:52:04 [error] 13474#13474: *10 connect() failed (111: Connection refused) while connecting to upstream, client: 171.77.155.36, server: 13.232.222.62, request: "GET / HTTP/1.1", upstream: "http://127.0.0.1:8080/", host: "13.232.222.62"
2022/01/02 20:52:05 [error] 13474#13474: *10 connect() failed (111: Connection refused) while connecting to upstream, client: 171.77.155.36, server: 13.232.222.62, request: "GET / HTTP/1.1", upstream: "http://127.0.0.1:8080/", host: "13.232.222.62"
2022/01/02 20:53:38 [error] 13474#13474: *14 connect() failed (111: Connection refused) while connecting to upstream, client: 171.77.155.36, server: 13.232.222.62, request: "GET / HTTP/1.1", upstream: "http://127.0.0.1:8080/", host: "13.232.222.62"
2022/01/02 22:32:05 [warn] 14379#14379: the "ssl" directive is deprecated, use the "listen ... ssl" directive instead in /etc/nginx/sites-enabled/myflaskapp:5
2022/01/02 22:32:05 [emerg] 14379#14379: invalid number of arguments in "ssl_certificate_key" directive in /etc/nginx/sites-enabled/myflaskapp:9
2022/01/02 22:32:32 [warn] 14386#14386: the "ssl" directive is deprecated, use the "listen ... ssl" directive instead in /etc/nginx/sites-enabled/myflaskapp:5
2022/01/02 22:32:32 [warn] 14387#14387: the "ssl" directive is deprecated, use the "listen ... ssl" directive instead in /etc/nginx/sites-enabled/myflaskapp:5
2022/01/02 22:34:18 [warn] 14412#14412: the "ssl" directive is deprecated, use the "listen ... ssl" directive instead in /etc/nginx/sites-enabled/myflaskapp:5
2022/01/02 22:34:18 [warn] 14413#14413: the "ssl" directive is deprecated, use the "listen ... ssl" directive instead in /etc/nginx/sites-enabled/myflaskapp:5
ubuntu@ip-172-31-42-44:~/flask$ date
Sun Jan  2 22:37:01 UTC 2022
ubuntu@ip-172-31-42-44:~/flask$
ubuntu@ip-172-31-42-44:~/flask$ sudo systemctl status nginx
● nginx.service - A high performance web server and a reverse proxy server
     Loaded: loaded (/lib/systemd/system/nginx.service; enabled; vendor preset: enabled)
     Active: active (running) since Sun 2022-01-02 22:34:18 UTC; 3min 31s ago
       Docs: man:nginx(8)
    Process: 14412 ExecStartPre=/usr/sbin/nginx -t -q -g daemon on; master_process on; (code=exited, status=0/SUCCESS)
    Process: 14413 ExecStart=/usr/sbin/nginx -g daemon on; master_process on; (code=exited, status=0/SUCCESS)
   Main PID: 14414 (nginx)
      Tasks: 2 (limit: 1147)
     Memory: 2.4M
     CGroup: /system.slice/nginx.service
             ├─14414 nginx: master process /usr/sbin/nginx -g daemon on; master_process on;
             └─14415 nginx: worker process

Jan 02 22:34:18 ip-172-31-42-44 systemd[1]: Starting A high performance web server and a reverse proxy server...
Jan 02 22:34:18 ip-172-31-42-44 nginx[14412]: nginx: [warn] the "ssl" directive is deprecated, use the "listen ... ssl" directive instead>
Jan 02 22:34:18 ip-172-31-42-44 nginx[14413]: nginx: [warn] the "ssl" directive is deprecated, use the "listen ... ssl" directive instead>
Jan 02 22:34:18 ip-172-31-42-44 systemd[1]: Started A high performance web server and a reverse proxy server.
...skipping...
● nginx.service - A high performance web server and a reverse proxy server
     Loaded: loaded (/lib/systemd/system/nginx.service; enabled; vendor preset: enabled)
     Active: active (running) since Sun 2022-01-02 22:34:18 UTC; 3min 31s ago
       Docs: man:nginx(8)
    Process: 14412 ExecStartPre=/usr/sbin/nginx -t -q -g daemon on; master_process on; (code=exited, status=0/SUCCESS)
    Process: 14413 ExecStart=/usr/sbin/nginx -g daemon on; master_process on; (code=exited, status=0/SUCCESS)
   Main PID: 14414 (nginx)
      Tasks: 2 (limit: 1147)
     Memory: 2.4M
     CGroup: /system.slice/nginx.service
             ├─14414 nginx: master process /usr/sbin/nginx -g daemon on; master_process on;
             └─14415 nginx: worker process

Jan 02 22:34:18 ip-172-31-42-44 systemd[1]: Starting A high performance web server and a reverse proxy server...
Jan 02 22:34:18 ip-172-31-42-44 nginx[14412]: nginx: [warn] the "ssl" directive is deprecated, use the "listen ... ssl" directive instead>
Jan 02 22:34:18 ip-172-31-42-44 nginx[14413]: nginx: [warn] the "ssl" directive is deprecated, use the "listen ... ssl" directive instead>
Jan 02 22:34:18 ip-172-31-42-44 systemd[1]: Started A high performance web server and a reverse proxy server.
~
~
~
~
~
~
~
~
~
~
~
~
~
~
~
~
~
~
~
~
 ESCOD
● nginx.service - A high performance web server and a reverse proxy server
     Loaded: loaded (/lib/systemd/system/nginx.service; enabled; vendor preset: enabled)
     Active: active (running) since Sun 2022-01-02 22:34:18 UTC; 3min 31s ago
       Docs: man:nginx(8)
    Process: 14412 ExecStartPre=/usr/sbin/nginx -t -q -g daemon on; master_process on; (code=exited, status=0/SUCCESS)
    Process: 14413 ExecStart=/usr/sbin/nginx -g daemon on; master_process on; (code=exited, status=0/SUCCESS)
   Main PID: 14414 (nginx)
      Tasks: 2 (limit: 1147)
     Memory: 2.4M
     CGroup: /system.slice/nginx.service
             ├─14414 nginx: master process /usr/sbin/nginx -g daemon on; master_process on;
             └─14415 nginx: worker process

Jan 02 22:34:18 ip-172-31-42-44 systemd[1]: Starting A high performance web server and a reverse proxy server...
Jan 02 22:34:18 ip-172-31-42-44 nginx[14412]: nginx: [warn] the "ssl" directive is deprecated, use the "listen ... ssl" directive instead>
Jan 02 22:34:18 ip-172-31-42-44 nginx[14413]: nginx: [warn] the "ssl" directive is deprecated, use the "listen ... ssl" directive instead>
Jan 02 22:34:18 ip-172-31-42-44 systemd[1]: Started A high performance web server and a reverse proxy server.
~
~
~
~
~
~
~
~
~
~
~
~
~
~
~
~
~
~
~
~
ubuntu@ip-172-31-42-44:~/flask$
ubuntu@ip-172-31-42-44:~/flask$ sudo systemctl stop nginx
ubuntu@ip-172-31-42-44:~/flask$
ubuntu@ip-172-31-42-44:~/flask$
ubuntu@ip-172-31-42-44:~/flask$ sudo vi /etc/nginx/sites-enabled/myflaskapp
ubuntu@ip-172-31-42-44:~/flask$
ubuntu@ip-172-31-42-44:~/flask$
ubuntu@ip-172-31-42-44:~/flask$ sudo systemctl start nginx
ubuntu@ip-172-31-42-44:~/flask$
ubuntu@ip-172-31-42-44:~/flask$
ubuntu@ip-172-31-42-44:~/flask$ cat /var/log/nginx/error.log
2022/01/02 20:40:01 [error] 12921#12921: *5 connect() failed (111: Connection refused) while connecting to upstream, client: 171.77.155.36, server: equity-updates.com, request: "GET / HTTP/1.1", upstream: "http://127.0.0.1:8080/", host: "equity-updates.com"
2022/01/02 20:40:04 [error] 12921#12921: *5 connect() failed (111: Connection refused) while connecting to upstream, client: 171.77.155.36, server: equity-updates.com, request: "GET / HTTP/1.1", upstream: "http://127.0.0.1:8080/", host: "equity-updates.com"
2022/01/02 20:48:25 [error] 13474#13474: *2 connect() failed (111: Connection refused) while connecting to upstream, client: 171.77.155.36, server: 13.232.222.62, request: "GET / HTTP/1.1", upstream: "http://127.0.0.1:8080/", host: "13.232.222.62"
2022/01/02 20:50:16 [error] 13474#13474: *5 connect() failed (111: Connection refused) while connecting to upstream, client: 171.77.155.36, server: 13.232.222.62, request: "GET / HTTP/1.1", upstream: "http://127.0.0.1:8080/", host: "13.232.222.62"
2022/01/02 20:50:17 [error] 13474#13474: *5 connect() failed (111: Connection refused) while connecting to upstream, client: 171.77.155.36, server: 13.232.222.62, request: "GET / HTTP/1.1", upstream: "http://127.0.0.1:8080/", host: "13.232.222.62"
2022/01/02 20:50:19 [error] 13474#13474: *5 connect() failed (111: Connection refused) while connecting to upstream, client: 171.77.155.36, server: 13.232.222.62, request: "GET / HTTP/1.1", upstream: "http://127.0.0.1:8080/", host: "13.232.222.62"
2022/01/02 20:52:04 [error] 13474#13474: *10 connect() failed (111: Connection refused) while connecting to upstream, client: 171.77.155.36, server: 13.232.222.62, request: "GET / HTTP/1.1", upstream: "http://127.0.0.1:8080/", host: "13.232.222.62"
2022/01/02 20:52:05 [error] 13474#13474: *10 connect() failed (111: Connection refused) while connecting to upstream, client: 171.77.155.36, server: 13.232.222.62, request: "GET / HTTP/1.1", upstream: "http://127.0.0.1:8080/", host: "13.232.222.62"
2022/01/02 20:53:38 [error] 13474#13474: *14 connect() failed (111: Connection refused) while connecting to upstream, client: 171.77.155.36, server: 13.232.222.62, request: "GET / HTTP/1.1", upstream: "http://127.0.0.1:8080/", host: "13.232.222.62"
2022/01/02 22:32:05 [warn] 14379#14379: the "ssl" directive is deprecated, use the "listen ... ssl" directive instead in /etc/nginx/sites-enabled/myflaskapp:5
2022/01/02 22:32:05 [emerg] 14379#14379: invalid number of arguments in "ssl_certificate_key" directive in /etc/nginx/sites-enabled/myflaskapp:9
2022/01/02 22:32:32 [warn] 14386#14386: the "ssl" directive is deprecated, use the "listen ... ssl" directive instead in /etc/nginx/sites-enabled/myflaskapp:5
2022/01/02 22:32:32 [warn] 14387#14387: the "ssl" directive is deprecated, use the "listen ... ssl" directive instead in /etc/nginx/sites-enabled/myflaskapp:5
2022/01/02 22:34:18 [warn] 14412#14412: the "ssl" directive is deprecated, use the "listen ... ssl" directive instead in /etc/nginx/sites-enabled/myflaskapp:5
2022/01/02 22:34:18 [warn] 14413#14413: the "ssl" directive is deprecated, use the "listen ... ssl" directive instead in /etc/nginx/sites-enabled/myflaskapp:5
ubuntu@ip-172-31-42-44:~/flask$ date
Sun Jan  2 22:39:41 UTC 2022
ubuntu@ip-172-31-42-44:~/flask$ sudo vi /etc/nginx/sites-enabled/myflaskapp
ubuntu@ip-172-31-42-44:~/flask$
ubuntu@ip-172-31-42-44:~/flask$ cat /var/log/nginx/error.log
2022/01/02 20:40:01 [error] 12921#12921: *5 connect() failed (111: Connection refused) while connecting to upstream, client: 171.77.155.36, server: equity-updates.com, request: "GET / HTTP/1.1", upstream: "http://127.0.0.1:8080/", host: "equity-updates.com"
2022/01/02 20:40:04 [error] 12921#12921: *5 connect() failed (111: Connection refused) while connecting to upstream, client: 171.77.155.36, server: equity-updates.com, request: "GET / HTTP/1.1", upstream: "http://127.0.0.1:8080/", host: "equity-updates.com"
2022/01/02 20:48:25 [error] 13474#13474: *2 connect() failed (111: Connection refused) while connecting to upstream, client: 171.77.155.36, server: 13.232.222.62, request: "GET / HTTP/1.1", upstream: "http://127.0.0.1:8080/", host: "13.232.222.62"
2022/01/02 20:50:16 [error] 13474#13474: *5 connect() failed (111: Connection refused) while connecting to upstream, client: 171.77.155.36, server: 13.232.222.62, request: "GET / HTTP/1.1", upstream: "http://127.0.0.1:8080/", host: "13.232.222.62"
2022/01/02 20:50:17 [error] 13474#13474: *5 connect() failed (111: Connection refused) while connecting to upstream, client: 171.77.155.36, server: 13.232.222.62, request: "GET / HTTP/1.1", upstream: "http://127.0.0.1:8080/", host: "13.232.222.62"
2022/01/02 20:50:19 [error] 13474#13474: *5 connect() failed (111: Connection refused) while connecting to upstream, client: 171.77.155.36, server: 13.232.222.62, request: "GET / HTTP/1.1", upstream: "http://127.0.0.1:8080/", host: "13.232.222.62"
2022/01/02 20:52:04 [error] 13474#13474: *10 connect() failed (111: Connection refused) while connecting to upstream, client: 171.77.155.36, server: 13.232.222.62, request: "GET / HTTP/1.1", upstream: "http://127.0.0.1:8080/", host: "13.232.222.62"
2022/01/02 20:52:05 [error] 13474#13474: *10 connect() failed (111: Connection refused) while connecting to upstream, client: 171.77.155.36, server: 13.232.222.62, request: "GET / HTTP/1.1", upstream: "http://127.0.0.1:8080/", host: "13.232.222.62"
2022/01/02 20:53:38 [error] 13474#13474: *14 connect() failed (111: Connection refused) while connecting to upstream, client: 171.77.155.36, server: 13.232.222.62, request: "GET / HTTP/1.1", upstream: "http://127.0.0.1:8080/", host: "13.232.222.62"
2022/01/02 22:32:05 [warn] 14379#14379: the "ssl" directive is deprecated, use the "listen ... ssl" directive instead in /etc/nginx/sites-enabled/myflaskapp:5
2022/01/02 22:32:05 [emerg] 14379#14379: invalid number of arguments in "ssl_certificate_key" directive in /etc/nginx/sites-enabled/myflaskapp:9
2022/01/02 22:32:32 [warn] 14386#14386: the "ssl" directive is deprecated, use the "listen ... ssl" directive instead in /etc/nginx/sites-enabled/myflaskapp:5
2022/01/02 22:32:32 [warn] 14387#14387: the "ssl" directive is deprecated, use the "listen ... ssl" directive instead in /etc/nginx/sites-enabled/myflaskapp:5
2022/01/02 22:34:18 [warn] 14412#14412: the "ssl" directive is deprecated, use the "listen ... ssl" directive instead in /etc/nginx/sites-enabled/myflaskapp:5
2022/01/02 22:34:18 [warn] 14413#14413: the "ssl" directive is deprecated, use the "listen ... ssl" directive instead in /etc/nginx/sites-enabled/myflaskapp:5
ubuntu@ip-172-31-42-44:~/flask$ cat /var/log/nginx/error.log
2022/01/02 20:40:01 [error] 12921#12921: *5 connect() failed (111: Connection refused) while connecting to upstream, client: 171.77.155.36, server: equity-updates.com, request: "GET / HTTP/1.1", upstream: "http://127.0.0.1:8080/", host: "equity-updates.com"
2022/01/02 20:40:04 [error] 12921#12921: *5 connect() failed (111: Connection refused) while connecting to upstream, client: 171.77.155.36, server: equity-updates.com, request: "GET / HTTP/1.1", upstream: "http://127.0.0.1:8080/", host: "equity-updates.com"
2022/01/02 20:48:25 [error] 13474#13474: *2 connect() failed (111: Connection refused) while connecting to upstream, client: 171.77.155.36, server: 13.232.222.62, request: "GET / HTTP/1.1", upstream: "http://127.0.0.1:8080/", host: "13.232.222.62"
2022/01/02 20:50:16 [error] 13474#13474: *5 connect() failed (111: Connection refused) while connecting to upstream, client: 171.77.155.36, server: 13.232.222.62, request: "GET / HTTP/1.1", upstream: "http://127.0.0.1:8080/", host: "13.232.222.62"
2022/01/02 20:50:17 [error] 13474#13474: *5 connect() failed (111: Connection refused) while connecting to upstream, client: 171.77.155.36, server: 13.232.222.62, request: "GET / HTTP/1.1", upstream: "http://127.0.0.1:8080/", host: "13.232.222.62"
2022/01/02 20:50:19 [error] 13474#13474: *5 connect() failed (111: Connection refused) while connecting to upstream, client: 171.77.155.36, server: 13.232.222.62, request: "GET / HTTP/1.1", upstream: "http://127.0.0.1:8080/", host: "13.232.222.62"
2022/01/02 20:52:04 [error] 13474#13474: *10 connect() failed (111: Connection refused) while connecting to upstream, client: 171.77.155.36, server: 13.232.222.62, request: "GET / HTTP/1.1", upstream: "http://127.0.0.1:8080/", host: "13.232.222.62"
2022/01/02 20:52:05 [error] 13474#13474: *10 connect() failed (111: Connection refused) while connecting to upstream, client: 171.77.155.36, server: 13.232.222.62, request: "GET / HTTP/1.1", upstream: "http://127.0.0.1:8080/", host: "13.232.222.62"
2022/01/02 20:53:38 [error] 13474#13474: *14 connect() failed (111: Connection refused) while connecting to upstream, client: 171.77.155.36, server: 13.232.222.62, request: "GET / HTTP/1.1", upstream: "http://127.0.0.1:8080/", host: "13.232.222.62"
2022/01/02 22:32:05 [warn] 14379#14379: the "ssl" directive is deprecated, use the "listen ... ssl" directive instead in /etc/nginx/sites-enabled/myflaskapp:5
2022/01/02 22:32:05 [emerg] 14379#14379: invalid number of arguments in "ssl_certificate_key" directive in /etc/nginx/sites-enabled/myflaskapp:9
2022/01/02 22:32:32 [warn] 14386#14386: the "ssl" directive is deprecated, use the "listen ... ssl" directive instead in /etc/nginx/sites-enabled/myflaskapp:5
2022/01/02 22:32:32 [warn] 14387#14387: the "ssl" directive is deprecated, use the "listen ... ssl" directive instead in /etc/nginx/sites-enabled/myflaskapp:5
2022/01/02 22:34:18 [warn] 14412#14412: the "ssl" directive is deprecated, use the "listen ... ssl" directive instead in /etc/nginx/sites-enabled/myflaskapp:5
2022/01/02 22:34:18 [warn] 14413#14413: the "ssl" directive is deprecated, use the "listen ... ssl" directive instead in /etc/nginx/sites-enabled/myflaskapp:5
ubuntu@ip-172-31-42-44:~/flask$ cat /var/log/nginx/
access.log  error.log   myapp.log
ubuntu@ip-172-31-42-44:~/flask$ cat /var/log/nginx/myapp.log
171.77.155.36 - - [02/Jan/2022:20:40:01 +0000] "GET / HTTP/1.1" 502 568 "-" "Mozilla/5.0 (Windows NT 6.3; Win64; x64) AppleWebKit/537.36 (KHTML, like Gecko) Chrome/96.0.4664.110 Safari/537.36"
171.77.155.36 - - [02/Jan/2022:20:40:04 +0000] "GET / HTTP/1.1" 502 568 "-" "Mozilla/5.0 (Windows NT 6.3; Win64; x64) AppleWebKit/537.36 (KHTML, like Gecko) Chrome/96.0.4664.110 Safari/537.36"
171.77.155.36 - - [02/Jan/2022:20:48:25 +0000] "GET / HTTP/1.1" 502 568 "-" "Mozilla/5.0 (Windows NT 6.3; Win64; x64) AppleWebKit/537.36 (KHTML, like Gecko) Chrome/96.0.4664.110 Safari/537.36"
171.77.155.36 - - [02/Jan/2022:20:50:16 +0000] "GET / HTTP/1.1" 502 568 "-" "Mozilla/5.0 (Windows NT 6.3; Win64; x64) AppleWebKit/537.36 (KHTML, like Gecko) Chrome/96.0.4664.110 Safari/537.36"
171.77.155.36 - - [02/Jan/2022:20:50:17 +0000] "GET / HTTP/1.1" 502 568 "-" "Mozilla/5.0 (Windows NT 6.3; Win64; x64) AppleWebKit/537.36 (KHTML, like Gecko) Chrome/96.0.4664.110 Safari/537.36"
171.77.155.36 - - [02/Jan/2022:20:50:19 +0000] "GET / HTTP/1.1" 502 568 "-" "Mozilla/5.0 (Windows NT 6.3; Win64; x64) AppleWebKit/537.36 (KHTML, like Gecko) Chrome/96.0.4664.110 Safari/537.36"
171.77.155.36 - - [02/Jan/2022:20:52:04 +0000] "GET / HTTP/1.1" 502 568 "-" "Mozilla/5.0 (Windows NT 6.3; Win64; x64) AppleWebKit/537.36 (KHTML, like Gecko) Chrome/96.0.4664.110 Safari/537.36"
171.77.155.36 - - [02/Jan/2022:20:52:05 +0000] "GET / HTTP/1.1" 502 568 "-" "Mozilla/5.0 (Windows NT 6.3; Win64; x64) AppleWebKit/537.36 (KHTML, like Gecko) Chrome/96.0.4664.110 Safari/537.36"
171.77.155.36 - - [02/Jan/2022:20:53:38 +0000] "GET / HTTP/1.1" 502 568 "-" "Mozilla/5.0 (Windows NT 6.3; Win64; x64) AppleWebKit/537.36 (KHTML, like Gecko) Chrome/96.0.4664.110 Safari/537.36"
88.99.191.231 - - [02/Jan/2022:20:57:40 +0000] "GET /_profiler/phpinfo HTTP/1.1" 404 209 "-" "Mozlila/5.0 (Linux; Android 7.0; SM-G892A Bulid/NRD90M; wv) AppleWebKit/537.36 (KHTML, like Gecko) Version/4.0 Chrome/60.0.3112.107 Moblie Safari/537.36"
88.99.191.231 - - [02/Jan/2022:20:57:40 +0000] "GET /phpinfo.php HTTP/1.1" 404 209 "-" "Mozlila/5.0 (Linux; Android 7.0; SM-G892A Bulid/NRD90M; wv) AppleWebKit/537.36 (KHTML, like Gecko) Version/4.0 Chrome/60.0.3112.107 Moblie Safari/537.36"
88.99.191.231 - - [02/Jan/2022:20:57:40 +0000] "GET /phpinfo HTTP/1.1" 404 209 "-" "Mozlila/5.0 (Linux; Android 7.0; SM-G892A Bulid/NRD90M; wv) AppleWebKit/537.36 (KHTML, like Gecko) Version/4.0 Chrome/60.0.3112.107 Moblie Safari/537.36"
88.99.191.231 - - [02/Jan/2022:20:57:41 +0000] "GET /aws.yml HTTP/1.1" 404 209 "-" "Mozlila/5.0 (Linux; Android 7.0; SM-G892A Bulid/NRD90M; wv) AppleWebKit/537.36 (KHTML, like Gecko) Version/4.0 Chrome/60.0.3112.107 Moblie Safari/537.36"
88.99.191.231 - - [02/Jan/2022:20:57:41 +0000] "GET /.env.bak HTTP/1.1" 404 209 "-" "Mozlila/5.0 (Linux; Android 7.0; SM-G892A Bulid/NRD90M; wv) AppleWebKit/537.36 (KHTML, like Gecko) Version/4.0 Chrome/60.0.3112.107 Moblie Safari/537.36"
88.99.191.231 - - [02/Jan/2022:20:57:41 +0000] "GET /info.php HTTP/1.1" 404 209 "-" "Mozlila/5.0 (Linux; Android 7.0; SM-G892A Bulid/NRD90M; wv) AppleWebKit/537.36 (KHTML, like Gecko) Version/4.0 Chrome/60.0.3112.107 Moblie Safari/537.36"
171.77.155.36 - - [02/Jan/2022:20:57:42 +0000] "GET / HTTP/1.1" 200 52 "-" "Mozilla/5.0 (Windows NT 6.3; Win64; x64) AppleWebKit/537.36 (KHTML, like Gecko) Chrome/96.0.4664.110 Safari/537.36"
88.99.191.231 - - [02/Jan/2022:20:57:42 +0000] "GET /.aws/credentials HTTP/1.1" 404 209 "-" "Mozlila/5.0 (Linux; Android 7.0; SM-G892A Bulid/NRD90M; wv) AppleWebKit/537.36 (KHTML, like Gecko) Version/4.0 Chrome/60.0.3112.107 Moblie Safari/537.36"
88.99.191.231 - - [02/Jan/2022:20:57:42 +0000] "GET / HTTP/1.1" 200 52 "-" "Mozlila/5.0 (Linux; Android 7.0; SM-G892A Bulid/NRD90M; wv) AppleWebKit/537.36 (KHTML, like Gecko) Version/4.0 Chrome/60.0.3112.107 Moblie Safari/537.36"
88.99.191.231 - - [02/Jan/2022:20:57:42 +0000] "GET /config/aws.yml HTTP/1.1" 404 209 "-" "Mozlila/5.0 (Linux; Android 7.0; SM-G892A Bulid/NRD90M; wv) AppleWebKit/537.36 (KHTML, like Gecko) Version/4.0 Chrome/60.0.3112.107 Moblie Safari/537.36"
88.99.191.231 - - [02/Jan/2022:20:57:43 +0000] "GET / HTTP/1.1" 200 52 "-" "Mozlila/5.0 (Linux; Android 7.0; SM-G892A Bulid/NRD90M; wv) AppleWebKit/537.36 (KHTML, like Gecko) Version/4.0 Chrome/60.0.3112.107 Moblie Safari/537.36"
88.99.191.231 - - [02/Jan/2022:20:57:43 +0000] "GET /config.js HTTP/1.1" 404 209 "-" "Mozlila/5.0 (Linux; Android 7.0; SM-G892A Bulid/NRD90M; wv) AppleWebKit/537.36 (KHTML, like Gecko) Version/4.0 Chrome/60.0.3112.107 Moblie Safari/537.36"
88.99.191.231 - - [02/Jan/2022:20:57:43 +0000] "GET //debug/default/view.html HTTP/1.1" 404 209 "-" "python-requests/2.26.0"
88.99.191.231 - - [02/Jan/2022:20:57:44 +0000] "GET //debug/default/view?panel=config HTTP/1.1" 404 209 "-" "python-requests/2.26.0"
88.99.191.231 - - [02/Jan/2022:20:57:44 +0000] "GET //php.php HTTP/1.1" 404 209 "-" "python-requests/2.26.0"
88.99.191.231 - - [02/Jan/2022:20:57:45 +0000] "GET //phpinfo.php HTTP/1.1" 404 209 "-" "python-requests/2.26.0"
171.77.155.36 - - [02/Jan/2022:20:57:45 +0000] "GET / HTTP/1.1" 200 52 "-" "Mozilla/5.0 (Windows NT 6.3; Win64; x64) AppleWebKit/537.36 (KHTML, like Gecko) Chrome/96.0.4664.110 Safari/537.36"
88.99.191.231 - - [02/Jan/2022:20:57:45 +0000] "GET //info.php HTTP/1.1" 404 209 "-" "python-requests/2.26.0"
88.99.191.231 - - [02/Jan/2022:20:57:46 +0000] "GET //infophp.php HTTP/1.1" 404 209 "-" "python-requests/2.26.0"
88.99.191.231 - - [02/Jan/2022:20:57:46 +0000] "GET //php_info.php HTTP/1.1" 404 209 "-" "python-requests/2.26.0"
88.99.191.231 - - [02/Jan/2022:20:57:47 +0000] "GET //test.php HTTP/1.1" 404 209 "-" "python-requests/2.26.0"
88.99.191.231 - - [02/Jan/2022:20:57:47 +0000] "GET //i.php HTTP/1.1" 404 209 "-" "python-requests/2.26.0"
88.99.191.231 - - [02/Jan/2022:20:57:48 +0000] "GET //asdf.php HTTP/1.1" 404 209 "-" "python-requests/2.26.0"
88.99.191.231 - - [02/Jan/2022:20:57:48 +0000] "GET //pinfo.php HTTP/1.1" 404 209 "-" "python-requests/2.26.0"
88.99.191.231 - - [02/Jan/2022:20:57:49 +0000] "GET //phpversion.php HTTP/1.1" 404 209 "-" "python-requests/2.26.0"
88.99.191.231 - - [02/Jan/2022:20:57:49 +0000] "GET //time.php HTTP/1.1" 404 209 "-" "python-requests/2.26.0"
88.99.191.231 - - [02/Jan/2022:20:57:50 +0000] "GET //index.php HTTP/1.1" 404 209 "-" "python-requests/2.26.0"
171.77.155.36 - - [02/Jan/2022:20:57:50 +0000] "GET / HTTP/1.1" 200 52 "-" "Mozilla/5.0 (Windows NT 6.3; Win64; x64) AppleWebKit/537.36 (KHTML, like Gecko) Chrome/96.0.4664.110 Safari/537.36"
88.99.191.231 - - [02/Jan/2022:20:57:50 +0000] "GET //temp.php HTTP/1.1" 404 209 "-" "python-requests/2.26.0"
88.99.191.231 - - [02/Jan/2022:20:57:51 +0000] "GET //old_phpinfo.php HTTP/1.1" 404 209 "-" "python-requests/2.26.0"
88.99.191.231 - - [02/Jan/2022:20:57:51 +0000] "GET //infos.php HTTP/1.1" 404 209 "-" "python-requests/2.26.0"
88.99.191.231 - - [02/Jan/2022:20:57:52 +0000] "GET //linusadmin-phpinfo.php HTTP/1.1" 404 209 "-" "python-requests/2.26.0"
88.99.191.231 - - [02/Jan/2022:20:57:52 +0000] "GET //php-info.php HTTP/1.1" 404 209 "-" "python-requests/2.26.0"
88.99.191.231 - - [02/Jan/2022:20:57:53 +0000] "GET //dashboard/phpinfo.php HTTP/1.1" 404 209 "-" "python-requests/2.26.0"
88.99.191.231 - - [02/Jan/2022:20:57:53 +0000] "GET //debug/default/view HTTP/1.1" 404 209 "-" "python-requests/2.26.0"
88.99.191.231 - - [02/Jan/2022:20:57:53 +0000] "GET //debug/default/view?panel=config HTTP/1.1" 404 209 "-" "python-requests/2.26.0"
88.99.191.231 - - [02/Jan/2022:20:57:54 +0000] "GET //php.php HTTP/1.1" 404 209 "-" "python-requests/2.26.0"
88.99.191.231 - - [02/Jan/2022:20:57:54 +0000] "GET //phpinfo.php HTTP/1.1" 404 209 "-" "python-requests/2.26.0"
88.99.191.231 - - [02/Jan/2022:20:57:55 +0000] "GET //info.php HTTP/1.1" 404 209 "-" "python-requests/2.26.0"
88.99.191.231 - - [02/Jan/2022:20:57:55 +0000] "GET //infophp.php HTTP/1.1" 404 209 "-" "python-requests/2.26.0"
88.99.191.231 - - [02/Jan/2022:20:57:56 +0000] "GET //php_info.php HTTP/1.1" 404 209 "-" "python-requests/2.26.0"
88.99.191.231 - - [02/Jan/2022:20:57:57 +0000] "GET //test.php HTTP/1.1" 404 209 "-" "python-requests/2.26.0"
88.99.191.231 - - [02/Jan/2022:20:57:57 +0000] "GET //i.php HTTP/1.1" 404 209 "-" "python-requests/2.26.0"
88.99.191.231 - - [02/Jan/2022:20:57:58 +0000] "GET //asdf.php HTTP/1.1" 404 209 "-" "python-requests/2.26.0"
88.99.191.231 - - [02/Jan/2022:20:57:58 +0000] "GET //pinfo.php HTTP/1.1" 404 209 "-" "python-requests/2.26.0"
88.99.191.231 - - [02/Jan/2022:20:57:59 +0000] "GET //phpversion.php HTTP/1.1" 404 209 "-" "python-requests/2.26.0"
88.99.191.231 - - [02/Jan/2022:20:57:59 +0000] "GET //time.php HTTP/1.1" 404 209 "-" "python-requests/2.26.0"
88.99.191.231 - - [02/Jan/2022:20:58:00 +0000] "GET //index.php HTTP/1.1" 404 209 "-" "python-requests/2.26.0"
88.99.191.231 - - [02/Jan/2022:20:58:00 +0000] "GET //temp.php HTTP/1.1" 404 209 "-" "python-requests/2.26.0"
88.99.191.231 - - [02/Jan/2022:20:58:01 +0000] "GET //old_phpinfo.php HTTP/1.1" 404 209 "-" "python-requests/2.26.0"
88.99.191.231 - - [02/Jan/2022:20:58:02 +0000] "GET //infos.php HTTP/1.1" 404 209 "-" "python-requests/2.26.0"
88.99.191.231 - - [02/Jan/2022:20:58:02 +0000] "GET //linusadmin-phpinfo.php HTTP/1.1" 404 209 "-" "python-requests/2.26.0"
88.99.191.231 - - [02/Jan/2022:20:58:02 +0000] "GET //php-info.php HTTP/1.1" 404 209 "-" "python-requests/2.26.0"
88.99.191.231 - - [02/Jan/2022:20:58:03 +0000] "GET //dashboard/phpinfo.php HTTP/1.1" 404 209 "-" "python-requests/2.26.0"
88.99.191.231 - - [02/Jan/2022:20:58:03 +0000] "GET //frontend/web/debug/default/view HTTP/1.1" 404 209 "-" "python-requests/2.26.0"
88.99.191.231 - - [02/Jan/2022:20:58:04 +0000] "GET //debug/default/view?panel=config HTTP/1.1" 404 209 "-" "python-requests/2.26.0"
88.99.191.231 - - [02/Jan/2022:20:58:04 +0000] "GET //php.php HTTP/1.1" 404 209 "-" "python-requests/2.26.0"
88.99.191.231 - - [02/Jan/2022:20:58:04 +0000] "GET //phpinfo.php HTTP/1.1" 404 209 "-" "python-requests/2.26.0"
88.99.191.231 - - [02/Jan/2022:20:58:05 +0000] "GET //info.php HTTP/1.1" 404 209 "-" "python-requests/2.26.0"
88.99.191.231 - - [02/Jan/2022:20:58:06 +0000] "GET //infophp.php HTTP/1.1" 404 209 "-" "python-requests/2.26.0"
88.99.191.231 - - [02/Jan/2022:20:58:06 +0000] "GET //php_info.php HTTP/1.1" 404 209 "-" "python-requests/2.26.0"
88.99.191.231 - - [02/Jan/2022:20:58:07 +0000] "GET //test.php HTTP/1.1" 404 209 "-" "python-requests/2.26.0"
88.99.191.231 - - [02/Jan/2022:20:58:07 +0000] "GET //i.php HTTP/1.1" 404 209 "-" "python-requests/2.26.0"
88.99.191.231 - - [02/Jan/2022:20:58:08 +0000] "GET //asdf.php HTTP/1.1" 404 209 "-" "python-requests/2.26.0"
88.99.191.231 - - [02/Jan/2022:20:58:08 +0000] "GET //pinfo.php HTTP/1.1" 404 209 "-" "python-requests/2.26.0"
88.99.191.231 - - [02/Jan/2022:20:58:08 +0000] "GET //phpversion.php HTTP/1.1" 404 209 "-" "python-requests/2.26.0"
88.99.191.231 - - [02/Jan/2022:20:58:09 +0000] "GET //time.php HTTP/1.1" 404 209 "-" "python-requests/2.26.0"
88.99.191.231 - - [02/Jan/2022:20:58:09 +0000] "GET //index.php HTTP/1.1" 404 209 "-" "python-requests/2.26.0"
88.99.191.231 - - [02/Jan/2022:20:58:10 +0000] "GET //temp.php HTTP/1.1" 404 209 "-" "python-requests/2.26.0"
88.99.191.231 - - [02/Jan/2022:20:58:10 +0000] "GET //old_phpinfo.php HTTP/1.1" 404 209 "-" "python-requests/2.26.0"
88.99.191.231 - - [02/Jan/2022:20:58:11 +0000] "GET //infos.php HTTP/1.1" 404 209 "-" "python-requests/2.26.0"
88.99.191.231 - - [02/Jan/2022:20:58:11 +0000] "GET //linusadmin-phpinfo.php HTTP/1.1" 404 209 "-" "python-requests/2.26.0"
88.99.191.231 - - [02/Jan/2022:20:58:11 +0000] "GET //php-info.php HTTP/1.1" 404 209 "-" "python-requests/2.26.0"
88.99.191.231 - - [02/Jan/2022:20:58:12 +0000] "GET //dashboard/phpinfo.php HTTP/1.1" 404 209 "-" "python-requests/2.26.0"
88.99.191.231 - - [02/Jan/2022:20:58:13 +0000] "GET //web/debug/default/view HTTP/1.1" 404 209 "-" "python-requests/2.26.0"
88.99.191.231 - - [02/Jan/2022:20:58:13 +0000] "GET //debug/default/view?panel=config HTTP/1.1" 404 209 "-" "python-requests/2.26.0"
88.99.191.231 - - [02/Jan/2022:20:58:14 +0000] "GET //php.php HTTP/1.1" 404 209 "-" "python-requests/2.26.0"
88.99.191.231 - - [02/Jan/2022:20:58:14 +0000] "GET //phpinfo.php HTTP/1.1" 404 209 "-" "python-requests/2.26.0"
88.99.191.231 - - [02/Jan/2022:20:58:15 +0000] "GET //info.php HTTP/1.1" 404 209 "-" "python-requests/2.26.0"
88.99.191.231 - - [02/Jan/2022:20:58:16 +0000] "GET //infophp.php HTTP/1.1" 404 209 "-" "python-requests/2.26.0"
88.99.191.231 - - [02/Jan/2022:20:58:16 +0000] "GET //php_info.php HTTP/1.1" 404 209 "-" "python-requests/2.26.0"
88.99.191.231 - - [02/Jan/2022:20:58:17 +0000] "GET //test.php HTTP/1.1" 404 209 "-" "python-requests/2.26.0"
88.99.191.231 - - [02/Jan/2022:20:58:17 +0000] "GET //i.php HTTP/1.1" 404 209 "-" "python-requests/2.26.0"
88.99.191.231 - - [02/Jan/2022:20:58:18 +0000] "GET //asdf.php HTTP/1.1" 404 209 "-" "python-requests/2.26.0"
88.99.191.231 - - [02/Jan/2022:20:58:18 +0000] "GET //pinfo.php HTTP/1.1" 404 209 "-" "python-requests/2.26.0"
88.99.191.231 - - [02/Jan/2022:20:58:19 +0000] "GET //phpversion.php HTTP/1.1" 404 209 "-" "python-requests/2.26.0"
88.99.191.231 - - [02/Jan/2022:20:58:20 +0000] "GET //time.php HTTP/1.1" 404 209 "-" "python-requests/2.26.0"
88.99.191.231 - - [02/Jan/2022:20:58:20 +0000] "GET //index.php HTTP/1.1" 404 209 "-" "python-requests/2.26.0"
88.99.191.231 - - [02/Jan/2022:20:58:21 +0000] "GET //temp.php HTTP/1.1" 404 209 "-" "python-requests/2.26.0"
88.99.191.231 - - [02/Jan/2022:20:58:21 +0000] "GET //old_phpinfo.php HTTP/1.1" 404 209 "-" "python-requests/2.26.0"
88.99.191.231 - - [02/Jan/2022:20:58:22 +0000] "GET //infos.php HTTP/1.1" 404 209 "-" "python-requests/2.26.0"
88.99.191.231 - - [02/Jan/2022:20:58:22 +0000] "GET //linusadmin-phpinfo.php HTTP/1.1" 404 209 "-" "python-requests/2.26.0"
88.99.191.231 - - [02/Jan/2022:20:58:23 +0000] "GET //php-info.php HTTP/1.1" 404 209 "-" "python-requests/2.26.0"
88.99.191.231 - - [02/Jan/2022:20:58:23 +0000] "GET //dashboard/phpinfo.php HTTP/1.1" 404 209 "-" "python-requests/2.26.0"
88.99.191.231 - - [02/Jan/2022:20:58:24 +0000] "GET //sapi/debug/default/view HTTP/1.1" 404 209 "-" "python-requests/2.26.0"
88.99.191.231 - - [02/Jan/2022:20:58:24 +0000] "GET //debug/default/view?panel=config HTTP/1.1" 404 209 "-" "python-requests/2.26.0"
88.99.191.231 - - [02/Jan/2022:20:58:25 +0000] "GET //php.php HTTP/1.1" 404 209 "-" "python-requests/2.26.0"
88.99.191.231 - - [02/Jan/2022:20:58:26 +0000] "GET //phpinfo.php HTTP/1.1" 404 209 "-" "python-requests/2.26.0"
88.99.191.231 - - [02/Jan/2022:20:58:27 +0000] "GET //info.php HTTP/1.1" 404 209 "-" "python-requests/2.26.0"
88.99.191.231 - - [02/Jan/2022:20:58:27 +0000] "GET //infophp.php HTTP/1.1" 404 209 "-" "python-requests/2.26.0"
88.99.191.231 - - [02/Jan/2022:20:58:28 +0000] "GET //php_info.php HTTP/1.1" 404 209 "-" "python-requests/2.26.0"
88.99.191.231 - - [02/Jan/2022:20:58:29 +0000] "GET //test.php HTTP/1.1" 404 209 "-" "python-requests/2.26.0"
88.99.191.231 - - [02/Jan/2022:20:58:29 +0000] "GET //i.php HTTP/1.1" 404 209 "-" "python-requests/2.26.0"
88.99.191.231 - - [02/Jan/2022:20:58:30 +0000] "GET //asdf.php HTTP/1.1" 404 209 "-" "python-requests/2.26.0"
88.99.191.231 - - [02/Jan/2022:20:58:30 +0000] "GET //pinfo.php HTTP/1.1" 404 209 "-" "python-requests/2.26.0"
88.99.191.231 - - [02/Jan/2022:20:58:31 +0000] "GET //phpversion.php HTTP/1.1" 404 209 "-" "python-requests/2.26.0"
88.99.191.231 - - [02/Jan/2022:20:58:31 +0000] "GET //time.php HTTP/1.1" 404 209 "-" "python-requests/2.26.0"
88.99.191.231 - - [02/Jan/2022:20:58:31 +0000] "GET //index.php HTTP/1.1" 404 209 "-" "python-requests/2.26.0"
88.99.191.231 - - [02/Jan/2022:20:58:32 +0000] "GET //temp.php HTTP/1.1" 404 209 "-" "python-requests/2.26.0"
88.99.191.231 - - [02/Jan/2022:20:58:33 +0000] "GET //old_phpinfo.php HTTP/1.1" 404 209 "-" "python-requests/2.26.0"
88.99.191.231 - - [02/Jan/2022:20:58:33 +0000] "GET //infos.php HTTP/1.1" 404 209 "-" "python-requests/2.26.0"
88.99.191.231 - - [02/Jan/2022:20:58:34 +0000] "GET //linusadmin-phpinfo.php HTTP/1.1" 404 209 "-" "python-requests/2.26.0"
88.99.191.231 - - [02/Jan/2022:20:58:34 +0000] "GET //php-info.php HTTP/1.1" 404 209 "-" "python-requests/2.26.0"
88.99.191.231 - - [02/Jan/2022:20:58:34 +0000] "GET //dashboard/phpinfo.php HTTP/1.1" 404 209 "-" "python-requests/2.26.0"
171.77.155.36 - - [02/Jan/2022:20:59:46 +0000] "GET / HTTP/1.1" 200 52 "-" "Mozilla/5.0 (Windows NT 6.3; Win64; x64) AppleWebKit/537.36 (KHTML, like Gecko) Chrome/96.0.4664.110 Safari/537.36"
171.77.155.36 - - [02/Jan/2022:21:00:04 +0000] "GET / HTTP/1.1" 200 52 "-" "Mozilla/5.0 (Windows NT 6.3; Win64; x64) AppleWebKit/537.36 (KHTML, like Gecko) Chrome/96.0.4664.110 Safari/537.36"
171.77.155.36 - - [02/Jan/2022:21:02:06 +0000] "GET / HTTP/1.1" 200 52 "-" "Mozilla/5.0 (Windows NT 6.3; Win64; x64) AppleWebKit/537.36 (KHTML, like Gecko) Chrome/96.0.4664.110 Safari/537.36"
171.77.155.36 - - [02/Jan/2022:21:02:08 +0000] "GET / HTTP/1.1" 200 52 "-" "Mozilla/5.0 (Windows NT 6.3; Win64; x64) AppleWebKit/537.36 (KHTML, like Gecko) Chrome/96.0.4664.110 Safari/537.36"
171.77.155.36 - - [02/Jan/2022:21:02:10 +0000] "GET / HTTP/1.1" 200 52 "-" "Mozilla/5.0 (Windows NT 6.3; Win64; x64) AppleWebKit/537.36 (KHTML, like Gecko) Chrome/96.0.4664.110 Safari/537.36"
171.77.155.36 - - [02/Jan/2022:21:02:11 +0000] "GET / HTTP/1.1" 200 52 "-" "Mozilla/5.0 (Windows NT 6.3; Win64; x64) AppleWebKit/537.36 (KHTML, like Gecko) Chrome/96.0.4664.110 Safari/537.36"
171.77.155.36 - - [02/Jan/2022:21:02:11 +0000] "GET / HTTP/1.1" 200 52 "-" "Mozilla/5.0 (Windows NT 6.3; Win64; x64) AppleWebKit/537.36 (KHTML, like Gecko) Chrome/96.0.4664.110 Safari/537.36"
171.77.155.36 - - [02/Jan/2022:21:02:11 +0000] "GET / HTTP/1.1" 200 52 "-" "Mozilla/5.0 (Windows NT 6.3; Win64; x64) AppleWebKit/537.36 (KHTML, like Gecko) Chrome/96.0.4664.110 Safari/537.36"
171.77.155.36 - - [02/Jan/2022:21:02:11 +0000] "GET / HTTP/1.1" 200 52 "-" "Mozilla/5.0 (Windows NT 6.3; Win64; x64) AppleWebKit/537.36 (KHTML, like Gecko) Chrome/96.0.4664.110 Safari/537.36"
171.77.155.36 - - [02/Jan/2022:21:02:12 +0000] "GET / HTTP/1.1" 200 52 "-" "Mozilla/5.0 (Windows NT 6.3; Win64; x64) AppleWebKit/537.36 (KHTML, like Gecko) Chrome/96.0.4664.110 Safari/537.36"
171.77.155.36 - - [02/Jan/2022:21:02:13 +0000] "GET / HTTP/1.1" 200 52 "-" "Mozilla/5.0 (Windows NT 6.3; Win64; x64) AppleWebKit/537.36 (KHTML, like Gecko) Chrome/96.0.4664.110 Safari/537.36"
171.77.155.36 - - [02/Jan/2022:21:02:13 +0000] "GET / HTTP/1.1" 200 52 "-" "Mozilla/5.0 (Windows NT 6.3; Win64; x64) AppleWebKit/537.36 (KHTML, like Gecko) Chrome/96.0.4664.110 Safari/537.36"
171.77.155.36 - - [02/Jan/2022:21:02:13 +0000] "GET / HTTP/1.1" 200 52 "-" "Mozilla/5.0 (Windows NT 6.3; Win64; x64) AppleWebKit/537.36 (KHTML, like Gecko) Chrome/96.0.4664.110 Safari/537.36"
171.77.155.36 - - [02/Jan/2022:21:02:13 +0000] "GET / HTTP/1.1" 200 52 "-" "Mozilla/5.0 (Windows NT 6.3; Win64; x64) AppleWebKit/537.36 (KHTML, like Gecko) Chrome/96.0.4664.110 Safari/537.36"
171.77.155.36 - - [02/Jan/2022:21:02:24 +0000] "GET / HTTP/1.1" 200 52 "-" "Mozilla/5.0 (Windows NT 6.3; Win64; x64) AppleWebKit/537.36 (KHTML, like Gecko) Chrome/96.0.4664.110 Safari/537.36"
171.77.155.36 - - [02/Jan/2022:21:02:31 +0000] "GET / HTTP/1.1" 200 52 "-" "Mozilla/5.0 (Windows NT 6.3; Win64; x64) AppleWebKit/537.36 (KHTML, like Gecko) Chrome/96.0.4664.110 Safari/537.36"
171.77.155.36 - - [02/Jan/2022:21:02:56 +0000] "GET / HTTP/1.1" 200 52 "-" "Mozilla/5.0 (Windows NT 6.3; Win64; x64) AppleWebKit/537.36 (KHTML, like Gecko) Chrome/96.0.4664.110 Safari/537.36"
171.77.155.36 - - [02/Jan/2022:21:03:28 +0000] "GET / HTTP/1.1" 200 52 "-" "Mozilla/5.0 (Windows NT 6.3; Win64; x64) AppleWebKit/537.36 (KHTML, like Gecko) Chrome/96.0.4664.110 Safari/537.36"
171.77.155.36 - - [02/Jan/2022:21:09:16 +0000] "GET /icons/ubuntu-logo.png HTTP/1.1" 404 209 "http://13.232.222.62/" "Mozilla/5.0 (Windows NT 6.3; Win64; x64) AppleWebKit/537.36 (KHTML, like Gecko) Chrome/96.0.4664.110 Safari/537.36"
171.77.155.36 - - [02/Jan/2022:21:09:18 +0000] "GET / HTTP/1.1" 200 52 "-" "Mozilla/5.0 (Windows NT 6.3; Win64; x64) AppleWebKit/537.36 (KHTML, like Gecko) Chrome/96.0.4664.110 Safari/537.36"
171.77.155.36 - - [02/Jan/2022:21:09:20 +0000] "GET / HTTP/1.1" 200 52 "-" "Mozilla/5.0 (Windows NT 6.3; Win64; x64) AppleWebKit/537.36 (KHTML, like Gecko) Chrome/96.0.4664.110 Safari/537.36"
171.77.155.36 - - [02/Jan/2022:21:09:21 +0000] "GET / HTTP/1.1" 200 52 "-" "Mozilla/5.0 (Windows NT 6.3; Win64; x64) AppleWebKit/537.36 (KHTML, like Gecko) Chrome/96.0.4664.110 Safari/537.36"
171.77.155.36 - - [02/Jan/2022:21:09:27 +0000] "GET / HTTP/1.1" 200 52 "-" "Mozilla/5.0 (Windows NT 6.3; Win64; x64) AppleWebKit/537.36 (KHTML, like Gecko) Chrome/96.0.4664.110 Safari/537.36"
171.77.155.36 - - [02/Jan/2022:21:09:29 +0000] "GET / HTTP/1.1" 200 52 "-" "Mozilla/5.0 (Windows NT 6.3; Win64; x64) AppleWebKit/537.36 (KHTML, like Gecko) Chrome/96.0.4664.110 Safari/537.36"
171.77.155.36 - - [02/Jan/2022:21:09:33 +0000] "GET /icons/ubuntu-logo.png HTTP/1.1" 404 209 "http://www.equity-updates.com/" "Mozilla/5.0 (Windows NT 6.3; Win64; x64) AppleWebKit/537.36 (KHTML, like Gecko) Chrome/96.0.4664.110 Safari/537.36"
171.77.155.36 - - [02/Jan/2022:21:09:36 +0000] "GET / HTTP/1.1" 200 52 "-" "Mozilla/5.0 (Windows NT 6.3; Win64; x64) AppleWebKit/537.36 (KHTML, like Gecko) Chrome/96.0.4664.110 Safari/537.36"
171.77.155.36 - - [02/Jan/2022:21:09:39 +0000] "GET / HTTP/1.1" 200 52 "-" "Mozilla/5.0 (Windows NT 6.3; Win64; x64) AppleWebKit/537.36 (KHTML, like Gecko) Chrome/96.0.4664.110 Safari/537.36"
171.77.155.36 - - [02/Jan/2022:21:09:43 +0000] "GET / HTTP/1.1" 200 52 "-" "Mozilla/5.0 (Windows NT 6.3; Win64; x64) AppleWebKit/537.36 (KHTML, like Gecko) Chrome/96.0.4664.110 Safari/537.36"
171.77.155.36 - - [02/Jan/2022:21:09:47 +0000] "GET / HTTP/1.1" 200 52 "-" "Mozilla/5.0 (Windows NT 6.3; Win64; x64) AppleWebKit/537.36 (KHTML, like Gecko) Chrome/96.0.4664.110 Safari/537.36"
171.77.155.36 - - [02/Jan/2022:21:09:55 +0000] "GET / HTTP/1.1" 200 52 "-" "Mozilla/5.0 (Windows NT 6.3; Win64; x64) AppleWebKit/537.36 (KHTML, like Gecko) Chrome/96.0.4664.110 Safari/537.36"
171.77.155.36 - - [02/Jan/2022:21:15:35 +0000] "GET / HTTP/1.1" 200 52 "-" "Mozilla/5.0 (Windows NT 6.3; Win64; x64) AppleWebKit/537.36 (KHTML, like Gecko) Chrome/96.0.4664.110 Safari/537.36"
171.77.155.36 - - [02/Jan/2022:21:15:37 +0000] "GET / HTTP/1.1" 200 52 "-" "Mozilla/5.0 (Windows NT 6.3; Win64; x64) AppleWebKit/537.36 (KHTML, like Gecko) Chrome/96.0.4664.110 Safari/537.36"
171.77.155.36 - - [02/Jan/2022:21:16:06 +0000] "GET / HTTP/1.1" 200 52 "-" "Mozilla/5.0 (Linux; Android 9; Redmi 8) AppleWebKit/537.36 (KHTML, like Gecko) Chrome/96.0.4664.104 Mobile Safari/537.36"
171.77.155.36 - - [02/Jan/2022:21:16:07 +0000] "GET /favicon.ico HTTP/1.1" 404 209 "http://equity-updates.com/" "Mozilla/5.0 (Linux; Android 9; Redmi 8) AppleWebKit/537.36 (KHTML, like Gecko) Chrome/96.0.4664.104 Mobile Safari/537.36"
171.77.155.36 - - [02/Jan/2022:21:16:22 +0000] "GET / HTTP/1.1" 200 52 "-" "Mozilla/5.0 (Linux; Android 9; Redmi 8) AppleWebKit/537.36 (KHTML, like Gecko) Chrome/96.0.4664.104 Mobile Safari/537.36"
171.77.155.36 - - [02/Jan/2022:21:16:22 +0000] "GET /favicon.ico HTTP/1.1" 404 209 "http://www.equity-updates.com/" "Mozilla/5.0 (Linux; Android 9; Redmi 8) AppleWebKit/537.36 (KHTML, like Gecko) Chrome/96.0.4664.104 Mobile Safari/537.36"
171.77.155.36 - - [02/Jan/2022:22:19:41 +0000] "GET / HTTP/1.1" 200 52 "-" "Mozilla/5.0 (Windows NT 6.3; Win64; x64) AppleWebKit/537.36 (KHTML, like Gecko) Chrome/96.0.4664.110 Safari/537.36"
171.77.155.36 - - [02/Jan/2022:22:20:27 +0000] "GET / HTTP/1.1" 200 52 "-" "Mozilla/5.0 (Windows NT 6.3; Win64; x64) AppleWebKit/537.36 (KHTML, like Gecko) Chrome/96.0.4664.110 Safari/537.36"
171.77.155.36 - - [02/Jan/2022:22:20:58 +0000] "GET / HTTP/1.1" 200 52 "-" "Mozilla/5.0 (Windows NT 6.3; Win64; x64) AppleWebKit/537.36 (KHTML, like Gecko) Chrome/96.0.4664.110 Safari/537.36"
35.84.140.167 - - [02/Jan/2022:22:31:42 +0000] "GET /.env HTTP/1.1" 404 209 "-" "Mozilla/5.0 (X11; Linux x86_64) AppleWebKit/537.36 (KHTML, like Gecko) Chrome/81.0.4044.129 Safari/537.36"
35.84.140.167 - - [02/Jan/2022:22:31:43 +0000] "POST / HTTP/1.1" 405 178 "-" "Mozilla/5.0 (X11; Linux x86_64) AppleWebKit/537.36 (KHTML, like Gecko) Chrome/81.0.4044.129 Safari/537.36"
171.77.155.36 - - [02/Jan/2022:22:33:06 +0000] "GET / HTTP/1.1" 200 52 "-" "Mozilla/5.0 (Windows NT 6.3; Win64; x64) AppleWebKit/537.36 (KHTML, like Gecko) Chrome/96.0.4664.110 Safari/537.36"
171.77.155.36 - - [02/Jan/2022:22:33:12 +0000] "GET / HTTP/1.1" 200 52 "-" "Mozilla/5.0 (Windows NT 6.3; Win64; x64) AppleWebKit/537.36 (KHTML, like Gecko) Chrome/96.0.4664.110 Safari/537.36"
171.77.155.36 - - [02/Jan/2022:22:33:17 +0000] "GET / HTTP/1.1" 200 52 "-" "Mozilla/5.0 (Windows NT 6.3; Win64; x64) AppleWebKit/537.36 (KHTML, like Gecko) Chrome/96.0.4664.110 Safari/537.36"
171.77.155.36 - - [02/Jan/2022:22:34:37 +0000] "GET / HTTP/1.1" 200 52 "-" "Mozilla/5.0 (Windows NT 6.3; Win64; x64) AppleWebKit/537.36 (KHTML, like Gecko) Chrome/96.0.4664.110 Safari/537.36"
171.77.155.36 - - [02/Jan/2022:22:38:48 +0000] "GET / HTTP/1.1" 200 52 "-" "Mozilla/5.0 (Windows NT 6.3; Win64; x64) AppleWebKit/537.36 (KHTML, like Gecko) Chrome/96.0.4664.110 Safari/537.36"
171.77.155.36 - - [02/Jan/2022:22:38:52 +0000] "GET / HTTP/1.1" 200 52 "-" "Mozilla/5.0 (Windows NT 6.3; Win64; x64) AppleWebKit/537.36 (KHTML, like Gecko) Chrome/96.0.4664.110 Safari/537.36"
171.77.155.36 - - [02/Jan/2022:22:38:56 +0000] "GET / HTTP/1.1" 200 52 "-" "Mozilla/5.0 (Windows NT 6.3; Win64; x64) AppleWebKit/537.36 (KHTML, like Gecko) Chrome/96.0.4664.110 Safari/537.36"
171.77.155.36 - - [02/Jan/2022:22:41:44 +0000] "GET / HTTP/1.1" 200 52 "-" "Mozilla/5.0 (Windows NT 6.3; Win64; x64) AppleWebKit/537.36 (KHTML, like Gecko) Chrome/96.0.4664.110 Safari/537.36"
171.77.155.36 - - [02/Jan/2022:22:41:57 +0000] "GET / HTTP/1.1" 200 52 "-" "Mozilla/5.0 (Windows NT 6.3; Win64; x64) AppleWebKit/537.36 (KHTML, like Gecko) Chrome/96.0.4664.110 Safari/537.36"
ubuntu@ip-172-31-42-44:~/flask$ date
Sun Jan  2 22:42:39 UTC 2022
ubuntu@ip-172-31-42-44:~/flask$
ubuntu@ip-172-31-42-44:~/flask$ cat /var/log/nginx/
access.log  error.log   myapp.log
ubuntu@ip-172-31-42-44:~/flask$ cat /var/log/nginx/access.log
181.192.7.241 - - [02/Jan/2022:20:22:21 +0000] "GET / HTTP/1.1" 200 10918 "-" "Mozilla/5.0 (Macintosh; Intel Mac OS X 10_11_6) AppleWebKit/601.7.7 (KHTML, like Gecko) Version/9.1.2 Safari/601.7.7"
162.142.125.195 - - [02/Jan/2022:20:34:04 +0000] "GET / HTTP/1.1" 200 10918 "-" "-"
162.142.125.195 - - [02/Jan/2022:20:34:05 +0000] "GET / HTTP/1.1" 200 3543 "-" "Mozilla/5.0 (compatible; CensysInspect/1.1; +https://about.censys.io/)"
171.77.155.36 - - [02/Jan/2022:20:42:06 +0000] "GET / HTTP/1.1" 200 3543 "-" "Mozilla/5.0 (Windows NT 6.3; Win64; x64) AppleWebKit/537.36 (KHTML, like Gecko) Chrome/96.0.4664.110 Safari/537.36"
171.77.155.36 - - [02/Jan/2022:20:42:06 +0000] "GET /icons/ubuntu-logo.png HTTP/1.1" 404 197 "http://13.232.222.62/" "Mozilla/5.0 (Windows NT 6.3; Win64; x64) AppleWebKit/537.36 (KHTML, like Gecko) Chrome/96.0.4664.110 Safari/537.36"
209.141.53.74 - - [02/Jan/2022:20:44:45 +0000] "GET /config/getuser?index=0 HTTP/1.1" 404 134 "-" "Mozilla/5.0 (X11; Ubuntu; Linux x86_64; rv:76.0) Gecko/20100101 Firefox/76.0"
171.77.155.36 - - [02/Jan/2022:20:59:48 +0000] "GET / HTTP/1.1" 200 3543 "-" "Mozilla/5.0 (Windows NT 6.3; Win64; x64) AppleWebKit/537.36 (KHTML, like Gecko) Chrome/96.0.4664.110 Safari/537.36"
171.77.155.36 - - [02/Jan/2022:21:01:56 +0000] "GET / HTTP/1.1" 200 3543 "-" "Mozilla/5.0 (Windows NT 6.3; Win64; x64) AppleWebKit/537.36 (KHTML, like Gecko) Chrome/96.0.4664.110 Safari/537.36"
171.77.155.36 - - [02/Jan/2022:21:01:56 +0000] "GET /icons/ubuntu-logo.png HTTP/1.1" 404 197 "http://13.232.222.62/" "Mozilla/5.0 (Windows NT 6.3; Win64; x64) AppleWebKit/537.36 (KHTML, like Gecko) Chrome/96.0.4664.110 Safari/537.36"
171.77.155.36 - - [02/Jan/2022:21:01:59 +0000] "GET / HTTP/1.1" 304 0 "-" "Mozilla/5.0 (Windows NT 6.3; Win64; x64) AppleWebKit/537.36 (KHTML, like Gecko) Chrome/96.0.4664.110 Safari/537.36"
171.77.155.36 - - [02/Jan/2022:21:01:59 +0000] "GET /icons/ubuntu-logo.png HTTP/1.1" 404 197 "http://13.232.222.62/" "Mozilla/5.0 (Windows NT 6.3; Win64; x64) AppleWebKit/537.36 (KHTML, like Gecko) Chrome/96.0.4664.110 Safari/537.36"
171.77.155.36 - - [02/Jan/2022:21:02:01 +0000] "GET / HTTP/1.1" 304 0 "-" "Mozilla/5.0 (Windows NT 6.3; Win64; x64) AppleWebKit/537.36 (KHTML, like Gecko) Chrome/96.0.4664.110 Safari/537.36"
171.77.155.36 - - [02/Jan/2022:21:02:01 +0000] "GET /icons/ubuntu-logo.png HTTP/1.1" 404 197 "http://13.232.222.62/" "Mozilla/5.0 (Windows NT 6.3; Win64; x64) AppleWebKit/537.36 (KHTML, like Gecko) Chrome/96.0.4664.110 Safari/537.36"
171.77.155.36 - - [02/Jan/2022:21:02:16 +0000] "GET /icons/ubuntu-logo.png HTTP/1.1" 404 197 "http://13.232.222.62/" "Mozilla/5.0 (Windows NT 6.3; Win64; x64) AppleWebKit/537.36 (KHTML, like Gecko) Chrome/96.0.4664.110 Safari/537.36"
171.77.155.36 - - [02/Jan/2022:21:02:20 +0000] "GET / HTTP/1.1" 304 0 "-" "Mozilla/5.0 (Windows NT 6.3; Win64; x64) AppleWebKit/537.36 (KHTML, like Gecko) Chrome/96.0.4664.110 Safari/537.36"
171.77.155.36 - - [02/Jan/2022:21:02:21 +0000] "GET /icons/ubuntu-logo.png HTTP/1.1" 404 197 "http://13.232.222.62/" "Mozilla/5.0 (Windows NT 6.3; Win64; x64) AppleWebKit/537.36 (KHTML, like Gecko) Chrome/96.0.4664.110 Safari/537.36"
171.77.155.36 - - [02/Jan/2022:21:02:21 +0000] "GET / HTTP/1.1" 304 0 "-" "Mozilla/5.0 (Windows NT 6.3; Win64; x64) AppleWebKit/537.36 (KHTML, like Gecko) Chrome/96.0.4664.110 Safari/537.36"
171.77.155.36 - - [02/Jan/2022:21:02:22 +0000] "GET /icons/ubuntu-logo.png HTTP/1.1" 404 197 "http://13.232.222.62/" "Mozilla/5.0 (Windows NT 6.3; Win64; x64) AppleWebKit/537.36 (KHTML, like Gecko) Chrome/96.0.4664.110 Safari/537.36"
171.77.155.36 - - [02/Jan/2022:21:02:22 +0000] "GET / HTTP/1.1" 304 0 "-" "Mozilla/5.0 (Windows NT 6.3; Win64; x64) AppleWebKit/537.36 (KHTML, like Gecko) Chrome/96.0.4664.110 Safari/537.36"
171.77.155.36 - - [02/Jan/2022:21:02:22 +0000] "GET /icons/ubuntu-logo.png HTTP/1.1" 404 197 "http://13.232.222.62/" "Mozilla/5.0 (Windows NT 6.3; Win64; x64) AppleWebKit/537.36 (KHTML, like Gecko) Chrome/96.0.4664.110 Safari/537.36"
171.77.155.36 - - [02/Jan/2022:21:02:36 +0000] "GET / HTTP/1.1" 200 3543 "-" "Mozilla/5.0 (Windows NT 6.3; Win64; x64) AppleWebKit/537.36 (KHTML, like Gecko) Chrome/96.0.4664.110 Safari/537.36"
171.77.155.36 - - [02/Jan/2022:21:02:37 +0000] "GET /icons/ubuntu-logo.png HTTP/1.1" 404 197 "http://www.equity-updates.com/" "Mozilla/5.0 (Windows NT 6.3; Win64; x64) AppleWebKit/537.36 (KHTML, like Gecko) Chrome/96.0.4664.110 Safari/537.36"
171.77.155.36 - - [02/Jan/2022:21:02:49 +0000] "GET /icons/ubuntu-logo.png HTTP/1.1" 404 197 "http://www.equity-updates.com/" "Mozilla/5.0 (Windows NT 6.3; Win64; x64) AppleWebKit/537.36 (KHTML, like Gecko) Chrome/96.0.4664.110 Safari/537.36"
171.77.155.36 - - [02/Jan/2022:21:03:36 +0000] "GET /icons/ubuntu-logo.png HTTP/1.1" 404 197 "http://www.equity-updates.com/" "Mozilla/5.0 (Windows NT 6.3; Win64; x64) AppleWebKit/537.36 (KHTML, like Gecko) Chrome/96.0.4664.110 Safari/537.36"
171.77.155.36 - - [02/Jan/2022:21:03:44 +0000] "GET /icons/ubuntu-logo.png HTTP/1.1" 404 197 "http://13.232.222.62/" "Mozilla/5.0 (Windows NT 6.3; Win64; x64) AppleWebKit/537.36 (KHTML, like Gecko) Chrome/96.0.4664.110 Safari/537.36"
171.77.155.36 - - [02/Jan/2022:21:04:15 +0000] "GET /icons/ubuntu-logo.png HTTP/1.1" 404 197 "http://13.232.222.62/" "Mozilla/5.0 (Windows NT 6.3; Win64; x64) AppleWebKit/537.36 (KHTML, like Gecko) Chrome/96.0.4664.110 Safari/537.36"
205.185.114.93 - - [02/Jan/2022:21:55:43 +0000] "GET /phpmyadmin/scripts/setup.php HTTP/1.1" 400 166 "-" "-"
ubuntu@ip-172-31-42-44:~/flask$
ubuntu@ip-172-31-42-44:~/flask$
ubuntu@ip-172-31-42-44:~/flask$ cat /var/log/nginx/error.log
2022/01/02 20:40:01 [error] 12921#12921: *5 connect() failed (111: Connection refused) while connecting to upstream, client: 171.77.155.36, server: equity-updates.com, request: "GET / HTTP/1.1", upstream: "http://127.0.0.1:8080/", host: "equity-updates.com"
2022/01/02 20:40:04 [error] 12921#12921: *5 connect() failed (111: Connection refused) while connecting to upstream, client: 171.77.155.36, server: equity-updates.com, request: "GET / HTTP/1.1", upstream: "http://127.0.0.1:8080/", host: "equity-updates.com"
2022/01/02 20:48:25 [error] 13474#13474: *2 connect() failed (111: Connection refused) while connecting to upstream, client: 171.77.155.36, server: 13.232.222.62, request: "GET / HTTP/1.1", upstream: "http://127.0.0.1:8080/", host: "13.232.222.62"
2022/01/02 20:50:16 [error] 13474#13474: *5 connect() failed (111: Connection refused) while connecting to upstream, client: 171.77.155.36, server: 13.232.222.62, request: "GET / HTTP/1.1", upstream: "http://127.0.0.1:8080/", host: "13.232.222.62"
2022/01/02 20:50:17 [error] 13474#13474: *5 connect() failed (111: Connection refused) while connecting to upstream, client: 171.77.155.36, server: 13.232.222.62, request: "GET / HTTP/1.1", upstream: "http://127.0.0.1:8080/", host: "13.232.222.62"
2022/01/02 20:50:19 [error] 13474#13474: *5 connect() failed (111: Connection refused) while connecting to upstream, client: 171.77.155.36, server: 13.232.222.62, request: "GET / HTTP/1.1", upstream: "http://127.0.0.1:8080/", host: "13.232.222.62"
2022/01/02 20:52:04 [error] 13474#13474: *10 connect() failed (111: Connection refused) while connecting to upstream, client: 171.77.155.36, server: 13.232.222.62, request: "GET / HTTP/1.1", upstream: "http://127.0.0.1:8080/", host: "13.232.222.62"
2022/01/02 20:52:05 [error] 13474#13474: *10 connect() failed (111: Connection refused) while connecting to upstream, client: 171.77.155.36, server: 13.232.222.62, request: "GET / HTTP/1.1", upstream: "http://127.0.0.1:8080/", host: "13.232.222.62"
2022/01/02 20:53:38 [error] 13474#13474: *14 connect() failed (111: Connection refused) while connecting to upstream, client: 171.77.155.36, server: 13.232.222.62, request: "GET / HTTP/1.1", upstream: "http://127.0.0.1:8080/", host: "13.232.222.62"
2022/01/02 22:32:05 [warn] 14379#14379: the "ssl" directive is deprecated, use the "listen ... ssl" directive instead in /etc/nginx/sites-enabled/myflaskapp:5
2022/01/02 22:32:05 [emerg] 14379#14379: invalid number of arguments in "ssl_certificate_key" directive in /etc/nginx/sites-enabled/myflaskapp:9
2022/01/02 22:32:32 [warn] 14386#14386: the "ssl" directive is deprecated, use the "listen ... ssl" directive instead in /etc/nginx/sites-enabled/myflaskapp:5
2022/01/02 22:32:32 [warn] 14387#14387: the "ssl" directive is deprecated, use the "listen ... ssl" directive instead in /etc/nginx/sites-enabled/myflaskapp:5
2022/01/02 22:34:18 [warn] 14412#14412: the "ssl" directive is deprecated, use the "listen ... ssl" directive instead in /etc/nginx/sites-enabled/myflaskapp:5
2022/01/02 22:34:18 [warn] 14413#14413: the "ssl" directive is deprecated, use the "listen ... ssl" directive instead in /etc/nginx/sites-enabled/myflaskapp:5
ubuntu@ip-172-31-42-44:~/flask$ sudo nginx -t
nginx: the configuration file /etc/nginx/nginx.conf syntax is ok
nginx: configuration file /etc/nginx/nginx.conf test is successful
ubuntu@ip-172-31-42-44:~/flask$
ubuntu@ip-172-31-42-44:~/flask$ sudo vi /etc/nginx/sites-enabled/myflaskapp
ubuntu@ip-172-31-42-44:~/flask$
ubuntu@ip-172-31-42-44:~/flask$
ubuntu@ip-172-31-42-44:~/flask$ sudo nginx -s reload
ubuntu@ip-172-31-42-44:~/flask$
ubuntu@ip-172-31-42-44:~/flask$
ubuntu@ip-172-31-42-44:~/flask$ sudo systemctl status nginx
● nginx.service - A high performance web server and a reverse proxy server
     Loaded: loaded (/lib/systemd/system/nginx.service; enabled; vendor preset: enabled)
     Active: active (running) since Sun 2022-01-02 22:38:33 UTC; 15min ago
       Docs: man:nginx(8)
    Process: 14455 ExecStartPre=/usr/sbin/nginx -t -q -g daemon on; master_process on; (code=exited, status=0/SUCCESS)
    Process: 14456 ExecStart=/usr/sbin/nginx -g daemon on; master_process on; (code=exited, status=0/SUCCESS)
   Main PID: 14457 (nginx)
      Tasks: 2 (limit: 1147)
     Memory: 2.6M
     CGroup: /system.slice/nginx.service
             ├─14457 nginx: master process /usr/sbin/nginx -g daemon on; master_process on;
             └─14529 nginx: worker process

Jan 02 22:38:33 ip-172-31-42-44 systemd[1]: Starting A high performance web server and a reverse proxy server...
Jan 02 22:38:33 ip-172-31-42-44 systemd[1]: Started A high performance web server and a reverse proxy server.
ubuntu@ip-172-31-42-44:~/flask$
ubuntu@ip-172-31-42-44:~/flask$ sudo vi /etc/nginx/sites-enabled/myflaskapp
ubuntu@ip-172-31-42-44:~/flask$
ubuntu@ip-172-31-42-44:~/flask$ sudo vi /etc/nginx/sites-enabled/myflaskapp
ubuntu@ip-172-31-42-44:~/flask$
ubuntu@ip-172-31-42-44:~/flask$
ubuntu@ip-172-31-42-44:~/flask$ sudo nginx -s reload
ubuntu@ip-172-31-42-44:~/flask$
ubuntu@ip-172-31-42-44:~/flask$
