ubuntu@ip-172-31-42-44:~/flask$
ubuntu@ip-172-31-42-44:~/flask$
ubuntu@ip-172-31-42-44:~/flask$ ls /var/www/html/
index.html
ubuntu@ip-172-31-42-44:~/flask$ cat /var/www/html/index.html

<!DOCTYPE html PUBLIC "-//W3C//DTD XHTML 1.0 Transitional//EN" "http://www.w3.org/TR/xhtml1/DTD/xhtml1-transitional.dtd">
<html xmlns="http://www.w3.org/1999/xhtml">
  <!--
    Modified from the Debian original for Ubuntu
    Last updated: 2016-11-16
    See: https://launchpad.net/bugs/1288690
  -->
  <head>
    <meta http-equiv="Content-Type" content="text/html; charset=UTF-8" />
    <title>Apache2 Ubuntu Default Page: It works</title>
    <style type="text/css" media="screen">
  * {
    margin: 0px 0px 0px 0px;
    padding: 0px 0px 0px 0px;
  }

  body, html {
    padding: 3px 3px 3px 3px;

    background-color: #D8DBE2;

    font-family: Verdana, sans-serif;
    font-size: 11pt;
    text-align: center;
  }

  div.main_page {
    position: relative;
    display: table;

    width: 800px;

    margin-bottom: 3px;
    margin-left: auto;
    margin-right: auto;
    padding: 0px 0px 0px 0px;

    border-width: 2px;
    border-color: #212738;
    border-style: solid;

    background-color: #FFFFFF;

    text-align: center;
  }

  div.page_header {
    height: 99px;
    width: 100%;

    background-color: #F5F6F7;
  }

  div.page_header span {
    margin: 15px 0px 0px 50px;

    font-size: 180%;
    font-weight: bold;
  }

  div.page_header img {
    margin: 3px 0px 0px 40px;

    border: 0px 0px 0px;
  }

  div.table_of_contents {
    clear: left;

    min-width: 200px;

    margin: 3px 3px 3px 3px;

    background-color: #FFFFFF;

    text-align: left;
  }

  div.table_of_contents_item {
    clear: left;

    width: 100%;

    margin: 4px 0px 0px 0px;

    background-color: #FFFFFF;

    color: #000000;
    text-align: left;
  }

  div.table_of_contents_item a {
    margin: 6px 0px 0px 6px;
  }

  div.content_section {
    margin: 3px 3px 3px 3px;

    background-color: #FFFFFF;

    text-align: left;
  }

  div.content_section_text {
    padding: 4px 8px 4px 8px;

    color: #000000;
    font-size: 100%;
  }

  div.content_section_text pre {
    margin: 8px 0px 8px 0px;
    padding: 8px 8px 8px 8px;

    border-width: 1px;
    border-style: dotted;
    border-color: #000000;

    background-color: #F5F6F7;

    font-style: italic;
  }

  div.content_section_text p {
    margin-bottom: 6px;
  }

  div.content_section_text ul, div.content_section_text li {
    padding: 4px 8px 4px 16px;
  }

  div.section_header {
    padding: 3px 6px 3px 6px;

    background-color: #8E9CB2;

    color: #FFFFFF;
    font-weight: bold;
    font-size: 112%;
    text-align: center;
  }

  div.section_header_red {
    background-color: #CD214F;
  }

  div.section_header_grey {
    background-color: #9F9386;
  }

  .floating_element {
    position: relative;
    float: left;
  }

  div.table_of_contents_item a,
  div.content_section_text a {
    text-decoration: none;
    font-weight: bold;
  }

  div.table_of_contents_item a:link,
  div.table_of_contents_item a:visited,
  div.table_of_contents_item a:active {
    color: #000000;
  }

  div.table_of_contents_item a:hover {
    background-color: #000000;

    color: #FFFFFF;
  }

  div.content_section_text a:link,
  div.content_section_text a:visited,
   div.content_section_text a:active {
    background-color: #DCDFE6;

    color: #000000;
  }

  div.content_section_text a:hover {
    background-color: #000000;

    color: #DCDFE6;
  }

  div.validator {
  }
    </style>
  </head>
  <body>
    <div class="main_page">
      <div class="page_header floating_element">
        <img src="/icons/ubuntu-logo.png" alt="Ubuntu Logo" class="floating_element"/>
        <span class="floating_element">
          Apache2 Ubuntu Default Page
        </span>
      </div>
<!--      <div class="table_of_contents floating_element">
        <div class="section_header section_header_grey">
          TABLE OF CONTENTS
        </div>
        <div class="table_of_contents_item floating_element">
          <a href="#about">About</a>
        </div>
        <div class="table_of_contents_item floating_element">
          <a href="#changes">Changes</a>
        </div>
        <div class="table_of_contents_item floating_element">
          <a href="#scope">Scope</a>
        </div>
        <div class="table_of_contents_item floating_element">
          <a href="#files">Config files</a>
        </div>
      </div>
-->
      <div class="content_section floating_element">


        <div class="section_header section_header_red">
          <div id="about"></div>
          It works!
        </div>
        <div class="content_section_text">
          <p>
                This is the default welcome page used to test the correct
                operation of the Apache2 server after installation on Ubuntu systems.
                It is based on the equivalent page on Debian, from which the Ubuntu Apache
                packaging is derived.
                If you can read this page, it means that the Apache HTTP server installed at
                this site is working properly. You should <b>replace this file</b> (located at
                <tt>/var/www/html/index.html</tt>) before continuing to operate your HTTP server.
          </p>


          <p>
                If you are a normal user of this web site and don't know what this page is
                about, this probably means that the site is currently unavailable due to
                maintenance.
                If the problem persists, please contact the site's administrator.
          </p>

        </div>
        <div class="section_header">
          <div id="changes"></div>
                Configuration Overview
        </div>
        <div class="content_section_text">
          <p>
                Ubuntu's Apache2 default configuration is different from the
                upstream default configuration, and split into several files optimized for
                interaction with Ubuntu tools. The configuration system is
                <b>fully documented in
                /usr/share/doc/apache2/README.Debian.gz</b>. Refer to this for the full
                documentation. Documentation for the web server itself can be
                found by accessing the <a href="/manual">manual</a> if the <tt>apache2-doc</tt>
                package was installed on this server.

          </p>
          <p>
                The configuration layout for an Apache2 web server installation on Ubuntu systems is as follows:
          </p>
          <pre>
/etc/apache2/
|-- apache2.conf
|       `--  ports.conf
|-- mods-enabled
|       |-- *.load
|       `-- *.conf
|-- conf-enabled
|       `-- *.conf
|-- sites-enabled
|       `-- *.conf
          </pre>
          <ul>
                        <li>
                           <tt>apache2.conf</tt> is the main configuration
                           file. It puts the pieces together by including all remaining configuration
                           files when starting up the web server.
                        </li>

                        <li>
                           <tt>ports.conf</tt> is always included from the
                           main configuration file. It is used to determine the listening ports for
                           incoming connections, and this file can be customized anytime.
                        </li>

                        <li>
                           Configuration files in the <tt>mods-enabled/</tt>,
                           <tt>conf-enabled/</tt> and <tt>sites-enabled/</tt> directories contain
                           particular configuration snippets which manage modules, global configuration
                           fragments, or virtual host configurations, respectively.
                        </li>

                        <li>
                           They are activated by symlinking available
                           configuration files from their respective
                           *-available/ counterparts. These should be managed
                           by using our helpers
                           <tt>
                                a2enmod,
                                a2dismod,
                           </tt>
                           <tt>
                                a2ensite,
                                a2dissite,
                            </tt>
                                and
                           <tt>
                                a2enconf,
                                a2disconf
                           </tt>. See their respective man pages for detailed information.
                        </li>

                        <li>
                           The binary is called apache2. Due to the use of
                           environment variables, in the default configuration, apache2 needs to be
                           started/stopped with <tt>/etc/init.d/apache2</tt> or <tt>apache2ctl</tt>.
                           <b>Calling <tt>/usr/bin/apache2</tt> directly will not work</b> with the
                           default configuration.
                        </li>
          </ul>
        </div>

        <div class="section_header">
            <div id="docroot"></div>
                Document Roots
        </div>

        <div class="content_section_text">
            <p>
                By default, Ubuntu does not allow access through the web browser to
                <em>any</em> file apart of those located in <tt>/var/www</tt>,
                <a href="http://httpd.apache.org/docs/2.4/mod/mod_userdir.html" rel="nofollow">public_html</a>
                directories (when enabled) and <tt>/usr/share</tt> (for web
                applications). If your site is using a web document root
                located elsewhere (such as in <tt>/srv</tt>) you may need to whitelist your
                document root directory in <tt>/etc/apache2/apache2.conf</tt>.
            </p>
            <p>
                The default Ubuntu document root is <tt>/var/www/html</tt>. You
                can make your own virtual hosts under /var/www. This is different
                to previous releases which provides better security out of the box.
            </p>
        </div>

        <div class="section_header">
          <div id="bugs"></div>
                Reporting Problems
        </div>
        <div class="content_section_text">
          <p>
                Please use the <tt>ubuntu-bug</tt> tool to report bugs in the
                Apache2 package with Ubuntu. However, check <a
                href="https://bugs.launchpad.net/ubuntu/+source/apache2"
                rel="nofollow">existing bug reports</a> before reporting a new bug.
          </p>
          <p>
                Please report bugs specific to modules (such as PHP and others)
                to respective packages, not to the web server itself.
          </p>
        </div>




      </div>
    </div>
    <div class="validator">
    </div>
  </body>
</html>

ubuntu@ip-172-31-42-44:~/flask$
ubuntu@ip-172-31-42-44:~/flask$
ubuntu@ip-172-31-42-44:~/flask$
ubuntu@ip-172-31-42-44:~/flask$
ubuntu@ip-172-31-42-44:~/flask$
ubuntu@ip-172-31-42-44:~/flask$ sudo apt-get install nginx
Reading package lists... Done
Building dependency tree
Reading state information... Done
The following additional packages will be installed:
  fontconfig-config fonts-dejavu-core libfontconfig1 libgd3 libjbig0 libjpeg-turbo8 libjpeg8 libnginx-mod-http-image-filter
  libnginx-mod-http-xslt-filter libnginx-mod-mail libnginx-mod-stream libtiff5 libwebp6 libxpm4 nginx-common nginx-core
Suggested packages:
  libgd-tools fcgiwrap nginx-doc
The following NEW packages will be installed:
  fontconfig-config fonts-dejavu-core libfontconfig1 libgd3 libjbig0 libjpeg-turbo8 libjpeg8 libnginx-mod-http-image-filter
  libnginx-mod-http-xslt-filter libnginx-mod-mail libnginx-mod-stream libtiff5 libwebp6 libxpm4 nginx nginx-common nginx-core
0 upgraded, 17 newly installed, 0 to remove and 11 not upgraded.
Need to get 2432 kB of archives.
After this operation, 7891 kB of additional disk space will be used.
Do you want to continue? [Y/n] y
Get:1 http://ap-south-1.ec2.archive.ubuntu.com/ubuntu focal/main amd64 fonts-dejavu-core all 2.37-1 [1041 kB]
Get:2 http://ap-south-1.ec2.archive.ubuntu.com/ubuntu focal/main amd64 fontconfig-config all 2.13.1-2ubuntu3 [28.8 kB]
Get:3 http://ap-south-1.ec2.archive.ubuntu.com/ubuntu focal/main amd64 libfontconfig1 amd64 2.13.1-2ubuntu3 [114 kB]
Get:4 http://ap-south-1.ec2.archive.ubuntu.com/ubuntu focal-updates/main amd64 libjpeg-turbo8 amd64 2.0.3-0ubuntu1.20.04.1 [117 kB]
Get:5 http://ap-south-1.ec2.archive.ubuntu.com/ubuntu focal/main amd64 libjpeg8 amd64 8c-2ubuntu8 [2194 B]
Get:6 http://ap-south-1.ec2.archive.ubuntu.com/ubuntu focal/main amd64 libjbig0 amd64 2.1-3.1build1 [26.7 kB]
Get:7 http://ap-south-1.ec2.archive.ubuntu.com/ubuntu focal-updates/main amd64 libwebp6 amd64 0.6.1-2ubuntu0.20.04.1 [185 kB]
Get:8 http://ap-south-1.ec2.archive.ubuntu.com/ubuntu focal-updates/main amd64 libtiff5 amd64 4.1.0+git191117-2ubuntu0.20.04.2 [162 kB]
Get:9 http://ap-south-1.ec2.archive.ubuntu.com/ubuntu focal/main amd64 libxpm4 amd64 1:3.5.12-1 [34.0 kB]
Get:10 http://ap-south-1.ec2.archive.ubuntu.com/ubuntu focal-updates/main amd64 libgd3 amd64 2.2.5-5.2ubuntu2.1 [118 kB]
Get:11 http://ap-south-1.ec2.archive.ubuntu.com/ubuntu focal-updates/main amd64 nginx-common all 1.18.0-0ubuntu1.2 [37.5 kB]
Get:12 http://ap-south-1.ec2.archive.ubuntu.com/ubuntu focal-updates/main amd64 libnginx-mod-http-image-filter amd64 1.18.0-0ubuntu1.2    [14.4 kB]
Get:13 http://ap-south-1.ec2.archive.ubuntu.com/ubuntu focal-updates/main amd64 libnginx-mod-http-xslt-filter amd64 1.18.0-0ubuntu1.2 [   12.7 kB]
Get:14 http://ap-south-1.ec2.archive.ubuntu.com/ubuntu focal-updates/main amd64 libnginx-mod-mail amd64 1.18.0-0ubuntu1.2 [42.5 kB]
Get:15 http://ap-south-1.ec2.archive.ubuntu.com/ubuntu focal-updates/main amd64 libnginx-mod-stream amd64 1.18.0-0ubuntu1.2 [67.3 kB]
Get:16 http://ap-south-1.ec2.archive.ubuntu.com/ubuntu focal-updates/main amd64 nginx-core amd64 1.18.0-0ubuntu1.2 [425 kB]
Get:17 http://ap-south-1.ec2.archive.ubuntu.com/ubuntu focal-updates/main amd64 nginx all 1.18.0-0ubuntu1.2 [3620 B]
Fetched 2432 kB in 14s (173 kB/s)
Preconfiguring packages ...
Selecting previously unselected package fonts-dejavu-core.
(Reading database ... 70914 files and directories currently installed.)
Preparing to unpack .../00-fonts-dejavu-core_2.37-1_all.deb ...
Unpacking fonts-dejavu-core (2.37-1) ...
Selecting previously unselected package fontconfig-config.
Preparing to unpack .../01-fontconfig-config_2.13.1-2ubuntu3_all.deb ...
Unpacking fontconfig-config (2.13.1-2ubuntu3) ...
Selecting previously unselected package libfontconfig1:amd64.
Preparing to unpack .../02-libfontconfig1_2.13.1-2ubuntu3_amd64.deb ...
Unpacking libfontconfig1:amd64 (2.13.1-2ubuntu3) ...
Selecting previously unselected package libjpeg-turbo8:amd64.
Preparing to unpack .../03-libjpeg-turbo8_2.0.3-0ubuntu1.20.04.1_amd64.deb ...
Unpacking libjpeg-turbo8:amd64 (2.0.3-0ubuntu1.20.04.1) ...
Selecting previously unselected package libjpeg8:amd64.
Preparing to unpack .../04-libjpeg8_8c-2ubuntu8_amd64.deb ...
Unpacking libjpeg8:amd64 (8c-2ubuntu8) ...
Selecting previously unselected package libjbig0:amd64.
Preparing to unpack .../05-libjbig0_2.1-3.1build1_amd64.deb ...
Unpacking libjbig0:amd64 (2.1-3.1build1) ...
Selecting previously unselected package libwebp6:amd64.
Preparing to unpack .../06-libwebp6_0.6.1-2ubuntu0.20.04.1_amd64.deb ...
Unpacking libwebp6:amd64 (0.6.1-2ubuntu0.20.04.1) ...
Selecting previously unselected package libtiff5:amd64.
Preparing to unpack .../07-libtiff5_4.1.0+git191117-2ubuntu0.20.04.2_amd64.deb ...
Unpacking libtiff5:amd64 (4.1.0+git191117-2ubuntu0.20.04.2) ...
Selecting previously unselected package libxpm4:amd64.
Preparing to unpack .../08-libxpm4_1%3a3.5.12-1_amd64.deb ...
Unpacking libxpm4:amd64 (1:3.5.12-1) ...
Selecting previously unselected package libgd3:amd64.
Preparing to unpack .../09-libgd3_2.2.5-5.2ubuntu2.1_amd64.deb ...
Unpacking libgd3:amd64 (2.2.5-5.2ubuntu2.1) ...
Selecting previously unselected package nginx-common.
Preparing to unpack .../10-nginx-common_1.18.0-0ubuntu1.2_all.deb ...
Unpacking nginx-common (1.18.0-0ubuntu1.2) ...
Selecting previously unselected package libnginx-mod-http-image-filter.
Preparing to unpack .../11-libnginx-mod-http-image-filter_1.18.0-0ubuntu1.2_amd64.deb ...
Unpacking libnginx-mod-http-image-filter (1.18.0-0ubuntu1.2) ...
Selecting previously unselected package libnginx-mod-http-xslt-filter.
Preparing to unpack .../12-libnginx-mod-http-xslt-filter_1.18.0-0ubuntu1.2_amd64.deb ...
Unpacking libnginx-mod-http-xslt-filter (1.18.0-0ubuntu1.2) ...
Selecting previously unselected package libnginx-mod-mail.
Preparing to unpack .../13-libnginx-mod-mail_1.18.0-0ubuntu1.2_amd64.deb ...
Unpacking libnginx-mod-mail (1.18.0-0ubuntu1.2) ...
Selecting previously unselected package libnginx-mod-stream.
Preparing to unpack .../14-libnginx-mod-stream_1.18.0-0ubuntu1.2_amd64.deb ...
Unpacking libnginx-mod-stream (1.18.0-0ubuntu1.2) ...
Selecting previously unselected package nginx-core.
Preparing to unpack .../15-nginx-core_1.18.0-0ubuntu1.2_amd64.deb ...
Unpacking nginx-core (1.18.0-0ubuntu1.2) ...
Selecting previously unselected package nginx.
Preparing to unpack .../16-nginx_1.18.0-0ubuntu1.2_all.deb ...
Unpacking nginx (1.18.0-0ubuntu1.2) ...
Setting up libxpm4:amd64 (1:3.5.12-1) ...
Setting up nginx-common (1.18.0-0ubuntu1.2) ...
Created symlink /etc/systemd/system/multi-user.target.wants/nginx.service → /lib/systemd/system/nginx.service.
Setting up libjbig0:amd64 (2.1-3.1build1) ...
Setting up libnginx-mod-http-xslt-filter (1.18.0-0ubuntu1.2) ...
Setting up libwebp6:amd64 (0.6.1-2ubuntu0.20.04.1) ...
Setting up fonts-dejavu-core (2.37-1) ...
Setting up libjpeg-turbo8:amd64 (2.0.3-0ubuntu1.20.04.1) ...
Setting up libjpeg8:amd64 (8c-2ubuntu8) ...
Setting up libnginx-mod-mail (1.18.0-0ubuntu1.2) ...
Setting up fontconfig-config (2.13.1-2ubuntu3) ...
Setting up libnginx-mod-stream (1.18.0-0ubuntu1.2) ...
Setting up libtiff5:amd64 (4.1.0+git191117-2ubuntu0.20.04.2) ...
Setting up libfontconfig1:amd64 (2.13.1-2ubuntu3) ...
Setting up libgd3:amd64 (2.2.5-5.2ubuntu2.1) ...
Setting up libnginx-mod-http-image-filter (1.18.0-0ubuntu1.2) ...
Setting up nginx-core (1.18.0-0ubuntu1.2) ...
Setting up nginx (1.18.0-0ubuntu1.2) ...
Processing triggers for ufw (0.36-6ubuntu1) ...
Rules updated for profile 'Apache'

Processing triggers for systemd (245.4-4ubuntu3.13) ...
Processing triggers for man-db (2.9.1-1) ...
Processing triggers for libc-bin (2.31-0ubuntu9.2) ...
ubuntu@ip-172-31-42-44:~/flask$
ubuntu@ip-172-31-42-44:~/flask$
ubuntu@ip-172-31-42-44:~/flask$ ls /var/www/html/
index.html  index.nginx-debian.html
ubuntu@ip-172-31-42-44:~/flask$
ubuntu@ip-172-31-42-44:~/flask$
ubuntu@ip-172-31-42-44:~/flask$ cat /var/www/html/index.nginx-debian.html
<!DOCTYPE html>
<html>
<head>
<title>Welcome to nginx!</title>
<style>
    body {
        width: 35em;
        margin: 0 auto;
        font-family: Tahoma, Verdana, Arial, sans-serif;
    }
</style>
</head>
<body>
<h1>Welcome to nginx!</h1>
<p>If you see this page, the nginx web server is successfully installed and
working. Further configuration is required.</p>

<p>For online documentation and support please refer to
<a href="http://nginx.org/">nginx.org</a>.<br/>
Commercial support is available at
<a href="http://nginx.com/">nginx.com</a>.</p>

<p><em>Thank you for using nginx.</em></p>
</body>
</html>
ubuntu@ip-172-31-42-44:~/flask$
ubuntu@ip-172-31-42-44:~/flask$
ubuntu@ip-172-31-42-44:~/flask$
ubuntu@ip-172-31-42-44:~/flask$ sudo apt-get install gunicorn3
Reading package lists... Done
Building dependency tree
Reading state information... Done
Package gunicorn3 is not available, but is referred to by another package.
This may mean that the package is missing, has been obsoleted, or
is only available from another source

E: Package 'gunicorn3' has no installation candidate
ubuntu@ip-172-31-42-44:~/flask$
ubuntu@ip-172-31-42-44:~/flask$
ubuntu@ip-172-31-42-44:~/flask$ sudo apt-get install python3-gunicorn
Reading package lists... Done
Building dependency tree
Reading state information... Done
The following NEW packages will be installed:
  python3-gunicorn
0 upgraded, 1 newly installed, 0 to remove and 11 not upgraded.
Need to get 56.8 kB of archives.
After this operation, 289 kB of additional disk space will be used.
Get:1 http://ap-south-1.ec2.archive.ubuntu.com/ubuntu focal/universe amd64 python3-gunicorn all 20.0.4-3 [56.8 kB]
Fetched 56.8 kB in 2s (36.0 kB/s)
Selecting previously unselected package python3-gunicorn.
(Reading database ... 71139 files and directories currently installed.)
Preparing to unpack .../python3-gunicorn_20.0.4-3_all.deb ...
Unpacking python3-gunicorn (20.0.4-3) ...
Setting up python3-gunicorn (20.0.4-3) ...
ubuntu@ip-172-31-42-44:~/flask$
ubuntu@ip-172-31-42-44:~/flask$ pwd
/home/ubuntu/flask
ubuntu@ip-172-31-42-44:~/flask$ cd /etc/nginx/
ubuntu@ip-172-31-42-44:/etc/nginx$ ll
total 72
drwxr-xr-x  8 root root 4096 Jan  2 20:19 ./
drwxr-xr-x 97 root root 4096 Jan  2 20:19 ../
drwxr-xr-x  2 root root 4096 May 25  2021 conf.d/
-rw-r--r--  1 root root 1077 Feb  4  2019 fastcgi.conf
-rw-r--r--  1 root root 1007 Feb  4  2019 fastcgi_params
-rw-r--r--  1 root root 2837 Feb  4  2019 koi-utf
-rw-r--r--  1 root root 2223 Feb  4  2019 koi-win
-rw-r--r--  1 root root 3957 Feb  4  2019 mime.types
drwxr-xr-x  2 root root 4096 May 25  2021 modules-available/
drwxr-xr-x  2 root root 4096 Jan  2 20:19 modules-enabled/
-rw-r--r--  1 root root 1490 Feb  4  2019 nginx.conf
-rw-r--r--  1 root root  180 Feb  4  2019 proxy_params
-rw-r--r--  1 root root  636 Feb  4  2019 scgi_params
drwxr-xr-x  2 root root 4096 Jan  2 20:19 sites-available/
drwxr-xr-x  2 root root 4096 Jan  2 20:19 sites-enabled/
drwxr-xr-x  2 root root 4096 Jan  2 20:19 snippets/
-rw-r--r--  1 root root  664 Feb  4  2019 uwsgi_params
-rw-r--r--  1 root root 3071 Feb  4  2019 win-utf
ubuntu@ip-172-31-42-44:/etc/nginx$  cd sites-enabled/
ubuntu@ip-172-31-42-44:/etc/nginx/sites-enabled$ ll
total 8
drwxr-xr-x 2 root root 4096 Jan  2 20:19 ./
drwxr-xr-x 8 root root 4096 Jan  2 20:19 ../
lrwxrwxrwx 1 root root   34 Jan  2 20:19 default -> /etc/nginx/sites-available/default
ubuntu@ip-172-31-42-44:/etc/nginx/sites-enabled$ ll
total 8
drwxr-xr-x 2 root root 4096 Jan  2 20:19 ./
drwxr-xr-x 8 root root 4096 Jan  2 20:19 ../
lrwxrwxrwx 1 root root   34 Jan  2 20:19 default -> /etc/nginx/sites-available/default
ubuntu@ip-172-31-42-44:/etc/nginx/sites-enabled$ sudo vi myflaskapp
ubuntu@ip-172-31-42-44:/etc/nginx/sites-enabled$
ubuntu@ip-172-31-42-44:/etc/nginx/sites-enabled$ sudo vi myflaskapp
ubuntu@ip-172-31-42-44:/etc/nginx/sites-enabled$ sudo systemctl status nginx
● nginx.service - A high performance web server and a reverse proxy server
     Loaded: loaded (/lib/systemd/system/nginx.service; enabled; vendor preset: enabled)
     Active: active (running) since Sun 2022-01-02 20:19:38 UTC; 10min ago
       Docs: man:nginx(8)
   Main PID: 12610 (nginx)
      Tasks: 2 (limit: 1147)
     Memory: 4.7M
     CGroup: /system.slice/nginx.service
             ├─12610 nginx: master process /usr/sbin/nginx -g daemon on; master_process on;
             └─12611 nginx: worker process

Jan 02 20:19:38 ip-172-31-42-44 systemd[1]: Starting A high performance web server and a reverse proxy server...
Jan 02 20:19:38 ip-172-31-42-44 systemd[1]: Started A high performance web server and a reverse proxy server.
ubuntu@ip-172-31-42-44:/etc/nginx/sites-enabled$
ubuntu@ip-172-31-42-44:/etc/nginx/sites-enabled$
ubuntu@ip-172-31-42-44:/etc/nginx/sites-enabled$ sudo systemctl stop nginx
ubuntu@ip-172-31-42-44:/etc/nginx/sites-enabled$
ubuntu@ip-172-31-42-44:/etc/nginx/sites-enabled$
ubuntu@ip-172-31-42-44:/etc/nginx/sites-enabled$ sudo systemctl status nginx
● nginx.service - A high performance web server and a reverse proxy server
     Loaded: loaded (/lib/systemd/system/nginx.service; enabled; vendor preset: enabled)
     Active: inactive (dead) since Sun 2022-01-02 20:30:12 UTC; 1s ago
       Docs: man:nginx(8)
    Process: 12905 ExecStop=/sbin/start-stop-daemon --quiet --stop --retry QUIT/5 --pidfile /run/nginx.pid (code=exited, status=0/SUCC>
   Main PID: 12610 (code=exited, status=0/SUCCESS)

Jan 02 20:19:38 ip-172-31-42-44 systemd[1]: Starting A high performance web server and a reverse proxy server...
Jan 02 20:19:38 ip-172-31-42-44 systemd[1]: Started A high performance web server and a reverse proxy server.
Jan 02 20:30:12 ip-172-31-42-44 systemd[1]: Stopping A high performance web server and a reverse proxy server...
Jan 02 20:30:12 ip-172-31-42-44 systemd[1]: nginx.service: Succeeded.
Jan 02 20:30:12 ip-172-31-42-44 systemd[1]: Stopped A high performance web server and a reverse proxy server.
ubuntu@ip-172-31-42-44:/etc/nginx/sites-enabled$
ubuntu@ip-172-31-42-44:/etc/nginx/sites-enabled$
ubuntu@ip-172-31-42-44:/etc/nginx/sites-enabled$
ubuntu@ip-172-31-42-44:/etc/nginx/sites-enabled$
ubuntu@ip-172-31-42-44:/etc/nginx/sites-enabled$
ubuntu@ip-172-31-42-44:/etc/nginx/sites-enabled$ sudo systemctl status nginx
● nginx.service - A high performance web server and a reverse proxy server
     Loaded: loaded (/lib/systemd/system/nginx.service; enabled; vendor preset: enabled)
     Active: inactive (dead) since Sun 2022-01-02 20:30:12 UTC; 13s ago
       Docs: man:nginx(8)
    Process: 12905 ExecStop=/sbin/start-stop-daemon --quiet --stop --retry QUIT/5 --pidfile /run/nginx.pid (code=exited, status=0/SUCC>
   Main PID: 12610 (code=exited, status=0/SUCCESS)

Jan 02 20:19:38 ip-172-31-42-44 systemd[1]: Starting A high performance web server and a reverse proxy server...
Jan 02 20:19:38 ip-172-31-42-44 systemd[1]: Started A high performance web server and a reverse proxy server.
Jan 02 20:30:12 ip-172-31-42-44 systemd[1]: Stopping A high performance web server and a reverse proxy server...
Jan 02 20:30:12 ip-172-31-42-44 systemd[1]: nginx.service: Succeeded.
Jan 02 20:30:12 ip-172-31-42-44 systemd[1]: Stopped A high performance web server and a reverse proxy server.
 ESCOC
 server
ndor preset: enabled)
 ago

--retry QUIT/5 --pidfile /run/nginx.pid (code=exited, status=0/SUCCESS)


ance web server and a reverse proxy server...
nce web server and a reverse proxy server.
ance web server and a reverse proxy server...
d.
nce web server and a reverse proxy server.
~
~
~
~
~
~
~
~
~
~
~
~
~
~
~
~
~
~
~
~
~
~
~
~
~
 ESCOD
● nginx.service - A high performance web server and a reverse proxy server
     Loaded: loaded (/lib/systemd/system/nginx.service; enabled; vendor preset: enabled)
     Active: inactive (dead) since Sun 2022-01-02 20:30:12 UTC; 13s ago
       Docs: man:nginx(8)
    Process: 12905 ExecStop=/sbin/start-stop-daemon --quiet --stop --retry QUIT/5 --pidfile /run/nginx.pid (code=exited, status=0/SUCC>
   Main PID: 12610 (code=exited, status=0/SUCCESS)

Jan 02 20:19:38 ip-172-31-42-44 systemd[1]: Starting A high performance web server and a reverse proxy server...
Jan 02 20:19:38 ip-172-31-42-44 systemd[1]: Started A high performance web server and a reverse proxy server.
Jan 02 20:30:12 ip-172-31-42-44 systemd[1]: Stopping A high performance web server and a reverse proxy server...
Jan 02 20:30:12 ip-172-31-42-44 systemd[1]: nginx.service: Succeeded.
Jan 02 20:30:12 ip-172-31-42-44 systemd[1]: Stopped A high performance web server and a reverse proxy server.
~
~
~
~
~
~
~
~
~
~
~
~
~
~
~
~
~
~
~
~
~
~
~
~
~
ubuntu@ip-172-31-42-44:/etc/nginx/sites-enabled$
ubuntu@ip-172-31-42-44:/etc/nginx/sites-enabled$
ubuntu@ip-172-31-42-44:/etc/nginx/sites-enabled$ sudo systemctl start nginx
ubuntu@ip-172-31-42-44:/etc/nginx/sites-enabled$
ubuntu@ip-172-31-42-44:/etc/nginx/sites-enabled$ sudo systemctl status nginx
● nginx.service - A high performance web server and a reverse proxy server
     Loaded: loaded (/lib/systemd/system/nginx.service; enabled; vendor preset: enabled)
     Active: active (running) since Sun 2022-01-02 20:30:53 UTC; 4s ago
       Docs: man:nginx(8)
    Process: 12918 ExecStartPre=/usr/sbin/nginx -t -q -g daemon on; master_process on; (code=exited, status=0/SUCCESS)
    Process: 12919 ExecStart=/usr/sbin/nginx -g daemon on; master_process on; (code=exited, status=0/SUCCESS)
   Main PID: 12920 (nginx)
      Tasks: 2 (limit: 1147)
     Memory: 2.9M
     CGroup: /system.slice/nginx.service
             ├─12920 nginx: master process /usr/sbin/nginx -g daemon on; master_process on;
             └─12921 nginx: worker process

Jan 02 20:30:53 ip-172-31-42-44 systemd[1]: Starting A high performance web server and a reverse proxy server...
Jan 02 20:30:53 ip-172-31-42-44 systemd[1]: Started A high performance web server and a reverse proxy server.
ubuntu@ip-172-31-42-44:/etc/nginx/sites-enabled$ pwd
/etc/nginx/sites-enabled
ubuntu@ip-172-31-42-44:/etc/nginx/sites-enabled$ ll
total 12
drwxr-xr-x 2 root root 4096 Jan  2 20:29 ./
drwxr-xr-x 8 root root 4096 Jan  2 20:19 ../
lrwxrwxrwx 1 root root   34 Jan  2 20:19 default -> /etc/nginx/sites-available/default
-rw-r--r-- 1 root root  170 Jan  2 20:29 myflaskapp
ubuntu@ip-172-31-42-44:/etc/nginx/sites-enabled$ pwd
/etc/nginx/sites-enabled
ubuntu@ip-172-31-42-44:/etc/nginx/sites-enabled$ ll
total 12
drwxr-xr-x 2 root root 4096 Jan  2 20:29 ./
drwxr-xr-x 8 root root 4096 Jan  2 20:19 ../
lrwxrwxrwx 1 root root   34 Jan  2 20:19 default -> /etc/nginx/sites-available/default
-rw-r--r-- 1 root root  170 Jan  2 20:29 myflaskapp
ubuntu@ip-172-31-42-44:/etc/nginx/sites-enabled$ pwd
/etc/nginx/sites-enabled
ubuntu@ip-172-31-42-44:/etc/nginx/sites-enabled$
ubuntu@ip-172-31-42-44:/etc/nginx/sites-enabled$
ubuntu@ip-172-31-42-44:/etc/nginx/sites-enabled$ cd ~
ubuntu@ip-172-31-42-44:~$ pwd
/home/ubuntu
ubuntu@ip-172-31-42-44:~$ ll
total 44
drwxr-xr-x 6 ubuntu ubuntu 4096 Jan  2 18:23 ./
drwxr-xr-x 3 root   root   4096 Jan  2 15:30 ../
-rw------- 1 ubuntu ubuntu 2558 Jan  2 20:09 .bash_history
-rw-r--r-- 1 ubuntu ubuntu  220 Feb 25  2020 .bash_logout
-rw-r--r-- 1 ubuntu ubuntu 3771 Feb 25  2020 .bashrc
drwx------ 3 ubuntu ubuntu 4096 Jan  2 15:56 .cache/
drwx------ 4 ubuntu ubuntu 4096 Jan  2 15:56 .local/
-rw-r--r-- 1 ubuntu ubuntu  807 Feb 25  2020 .profile
drwx------ 2 ubuntu ubuntu 4096 Jan  2 15:30 .ssh/
-rw-r--r-- 1 ubuntu ubuntu    0 Jan  2 15:41 .sudo_as_admin_successful
-rw------- 1 ubuntu ubuntu 2200 Jan  2 18:23 .viminfo
drwxrwxr-x 3 ubuntu ubuntu 4096 Jan  2 18:23 flask/
ubuntu@ip-172-31-42-44:~$ cd flask/
ubuntu@ip-172-31-42-44:~/flask$ ll
total 16
drwxrwxr-x 3 ubuntu ubuntu 4096 Jan  2 18:23 ./
drwxr-xr-x 6 ubuntu ubuntu 4096 Jan  2 18:23 ../
drwxr-xr-x 2 root   root   4096 Jan  2 16:10 __pycache__/
-rw-rw-r-- 1 ubuntu ubuntu  183 Jan  2 16:10 app.py
ubuntu@ip-172-31-42-44:~/flask$ python3-gunicorn
python3-gunicorn: command not found
ubuntu@ip-172-31-42-44:~/flask$ whereis gunicorn3
gunicorn3:
ubuntu@ip-172-31-42-44:~/flask$ whereis gunicorn
gunicorn:
ubuntu@ip-172-31-42-44:~/flask$ whereis python3-gunicorn
python3-gunicorn:
ubuntu@ip-172-31-42-44:~/flask$
ubuntu@ip-172-31-42-44:~/flask$
ubuntu@ip-172-31-42-44:~/flask$ sudo apt-get install python3-gunicorn
Reading package lists... Done
Building dependency tree
Reading state information... Done
python3-gunicorn is already the newest version (20.0.4-3).
0 upgraded, 0 newly installed, 0 to remove and 11 not upgraded.
ubuntu@ip-172-31-42-44:~/flask$ whereis python3-pip
python3-pip:
ubuntu@ip-172-31-42-44:~/flask$ whereis pip3
pip3: /usr/bin/pip3 /usr/share/man/man1/pip3.1.gz
ubuntu@ip-172-31-42-44:~/flask$ whereis python
python: /usr/bin/python3.8-config /usr/bin/python3.8 /usr/lib/python3.8 /usr/lib/python2.7 /usr/lib/python3.9 /etc/python3.8 /usr/local   /lib/python3.8 /usr/include/python3.8
ubuntu@ip-172-31-42-44:~/flask$
ubuntu@ip-172-31-42-44:~/flask$
ubuntu@ip-172-31-42-44:~/flask$ cd /usr/bin
ubuntu@ip-172-31-42-44:/usr/bin$ cd -
/home/ubuntu/flask
ubuntu@ip-172-31-42-44:~/flask$ pwd
/home/ubuntu/flask
ubuntu@ip-172-31-42-44:~/flask$ cd -
/usr/bin
ubuntu@ip-172-31-42-44:/usr/bin$ ll
total 124604
drwxr-xr-x  2 root   root       36864 Jan  2 16:08  ./
drwxr-xr-x 15 root   root        4096 Nov 29 23:32  ../
lrwxrwxrwx  1 root   root           4 Feb 17  2020  NF -> col1*
-rwxr-xr-x  1 root   root      141696 Mar  9  2020  VGAuthService*
-rwxr-xr-x  1 root   root       59736 Sep  5  2019 '['*
-rwxr-xr-x  1 root   root       31248 May 19  2020  aa-enabled*
-rwxr-xr-x  1 root   root       35344 May 19  2020  aa-exec*
-rwxr-xr-x  1 root   root       59736 Oct 14 16:24  ab*
-rwxr-xr-x  1 root   root       19016 Nov 28  2019  acpi_listen*
-rwxr-xr-x  1 root   root        7415 Oct 26 12:27  add-apt-repository*
-rwxr-xr-x  1 root   root       30952 Jul 21  2020  addpart*
lrwxrwxrwx  1 root   root          26 Oct 20 11:09  addr2line -> x86_64-linux-gnu-addr2line*
-rwxr-xr-x  1 root   root        2558 Dec  4  2019  apport-bug*
-rwxr-xr-x  1 root   root       13367 Oct 18 11:48  apport-cli*
lrwxrwxrwx  1 root   root          10 Oct 18 11:48  apport-collect -> apport-bug*
-rwxr-xr-x  1 root   root        2068 Oct 18 11:48  apport-unpack*
lrwxrwxrwx  1 root   root           6 Feb 25  2020  apropos -> whatis*
-rwxr-xr-x  1 root   root       18824 Jun 15  2021  apt*
lrwxrwxrwx  1 root   root          18 Oct 26 12:27  apt-add-repository -> add-apt-repository*
-rwxr-xr-x  1 root   root       88536 Jun 15  2021  apt-cache*
-rwxr-xr-x  1 root   root       31192 Jun 15  2021  apt-cdrom*
-rwxr-xr-x  1 root   root       27016 Jun 15  2021  apt-config*
-rwxr-xr-x  1 root   root       27104 Jun 15  2021  apt-extracttemplates*
-rwxr-xr-x  1 root   root      281056 Jun 15  2021  apt-ftparchive*
-rwxr-xr-x  1 root   root       47576 Jun 15  2021  apt-get*
-rwxr-xr-x  1 root   root       27931 Jun 15  2021  apt-key*
-rwxr-xr-x  1 root   root       63960 Jun 15  2021  apt-mark*
-rwxr-xr-x  1 root   root       47504 Jun 15  2021  apt-sortpkgs*
lrwxrwxrwx  1 root   root          19 Oct 20 11:09  ar -> x86_64-linux-gnu-ar*
-rwxr-xr-x  1 root   root       39288 Sep  5  2019  arch*
lrwxrwxrwx  1 root   root          19 Oct 20 11:09  as -> x86_64-linux-gnu-as*
-rwsr-sr-x  1 daemon daemon     55560 Nov 12  2018  at*
lrwxrwxrwx  1 root   root           2 Nov 12  2018  atq -> at*
lrwxrwxrwx  1 root   root           2 Nov 12  2018  atrm -> at*
-rwxr-xr-x  1 root   root         402 Mar 21  2020  automat-visualize3*
lrwxrwxrwx  1 root   root          21 Nov 29 23:30  awk -> /etc/alternatives/awk*
-rwxr-xr-x  1 root   root       59768 Sep  5  2019  b2sum*
-rwxr-xr-x  1 root   root       43352 Sep  5  2019  base32*
-rwxr-xr-x  1 root   root       43352 Sep  5  2019  base64*
-rwxr-xr-x  1 root   root       39256 Sep  5  2019  basename*
-rwxr-xr-x  1 root   root     1183448 Jun 18  2020  bash*
-rwxr-xr-x  1 root   root        6794 Jun 18  2020  bashbug*
-rwxr-xr-x  1 root   root         152 Nov 12  2018  batch*
-rwxr-xr-x  1 root   root      101064 Jan 14  2019  bc*
-rwxr-xr-x  1 root   root      146096 Sep 10  2020  boltctl*
-rwxr-xr-x  1 root   root       63840 Sep  7 18:37  bootctl*
-rwxr-xr-x  1 root   root       14488 Mar 30  2020  bsd-from*
-rwxr-sr-x  1 root   tty        14488 Mar 30  2020  bsd-write*
-rwxr-xr-x  1 root   root      819296 Feb 15  2020  btrfs*
-rwxr-xr-x  1 root   root      466464 Feb 15  2020  btrfs-convert*
-rwxr-xr-x  1 root   root      433760 Feb 15  2020  btrfs-find-root*
-rwxr-xr-x  1 root   root      462368 Feb 15  2020  btrfs-image*
-rwxr-xr-x  1 root   root      441888 Feb 15  2020  btrfs-map-logical*
-rwxr-xr-x  1 root   root      441888 Feb 15  2020  btrfs-select-super*
lrwxrwxrwx  1 root   root           5 Feb 15  2020  btrfsck -> btrfs*
-rwxr-xr-x  1 root   root      437792 Feb 15  2020  btrfstune*
-rwxr-xr-x  3 root   root       39144 Sep  5  2019  bunzip2*
-rwxr-xr-x  1 root   root       88416 Sep  7 18:37  busctl*
-rwxr-xr-x  1 root   root     2172376 Nov 11  2020  busybox*
-rwxr-xr-x  1 root   root        8363 Feb 17  2020  byobu*
-rwxr-xr-x  1 root   root         996 Feb 17  2020  byobu-config*
-rwxr-xr-x  1 root   root        4774 Feb 17  2020  byobu-ctrl-a*
-rwxr-xr-x  1 root   root        1295 Feb 17  2020  byobu-disable*
-rwxr-xr-x  1 root   root        1341 Feb 17  2020  byobu-disable-prompt*
-rwxr-xr-x  1 root   root        1182 Feb 17  2020  byobu-enable*
-rwxr-xr-x  1 root   root        1453 Feb 17  2020  byobu-enable-prompt*
-rwxr-xr-x  1 root   root        1351 Feb 17  2020  byobu-export*
-rwxr-xr-x  1 root   root        6440 Feb 17  2020  byobu-janitor*
-rwxr-xr-x  1 root   root        1506 Feb 17  2020  byobu-keybindings*
-rwxr-xr-x  1 root   root        3329 Feb 17  2020  byobu-launch*
-rwxr-xr-x  1 root   root        1910 Feb 17  2020  byobu-launcher*
-rwxr-xr-x  1 root   root        2459 Feb 17  2020  byobu-launcher-install*
-rwxr-xr-x  1 root   root        1561 Feb 17  2020  byobu-launcher-uninstall*
-rwxr-xr-x  1 root   root        3348 Feb 17  2020  byobu-layout*
-rwxr-xr-x  1 root   root        1156 Feb 17  2020  byobu-prompt*
-rwxr-xr-x  1 root   root        1410 Feb 17  2020  byobu-quiet*
-rwxr-xr-x  1 root   root        3298 Feb 17  2020  byobu-reconnect-sockets*
lrwxrwxrwx  1 root   root           5 Feb 17  2020  byobu-screen -> byobu*
-rwxr-xr-x  1 root   root        1452 Feb 17  2020  byobu-select-backend*
-rwxr-xr-x  1 root   root        5123 Feb 17  2020  byobu-select-profile*
-rwxr-xr-x  1 root   root        1012 Feb 17  2020  byobu-select-session*
-rwxr-xr-x  1 root   root        1600 Feb 17  2020  byobu-shell*
-rwxr-xr-x  1 root   root        1306 Feb 17  2020  byobu-silent*
-rwxr-xr-x  1 root   root        6015 Feb 17  2020  byobu-status*
-rwxr-xr-x  1 root   root        1207 Feb 17  2020  byobu-status-detail*
lrwxrwxrwx  1 root   root           5 Feb 17  2020  byobu-tmux -> byobu*
-rwxr-xr-x  1 root   root        4667 Feb 17  2020  byobu-ugraph*
-rwxr-xr-x  1 root   root       11996 Feb 17  2020  byobu-ulevel*
-rwxr-xr-x  3 root   root       39144 Sep  5  2019  bzcat*
lrwxrwxrwx  1 root   root           6 Sep  5  2019  bzcmp -> bzdiff*
-rwxr-xr-x  1 root   root        2227 Sep  5  2019  bzdiff*
lrwxrwxrwx  1 root   root           6 Sep  5  2019  bzegrep -> bzgrep*
-rwxr-xr-x  1 root   root        4877 Sep  4  2019  bzexe*
lrwxrwxrwx  1 root   root           6 Sep  5  2019  bzfgrep -> bzgrep*
-rwxr-xr-x  1 root   root        3775 Sep  5  2019  bzgrep*
-rwxr-xr-x  3 root   root       39144 Sep  5  2019  bzip2*
-rwxr-xr-x  1 root   root       18584 Sep  5  2019  bzip2recover*
lrwxrwxrwx  1 root   root           6 Sep  5  2019  bzless -> bzmore*
-rwxr-xr-x  1 root   root        1297 Sep  5  2019  bzmore*
lrwxrwxrwx  1 root   root          21 Jan  2 15:49  c++ -> /etc/alternatives/c++*
lrwxrwxrwx  1 root   root          24 Oct 20 11:09  c++filt -> x86_64-linux-gnu-c++filt*
lrwxrwxrwx  1 root   root          21 Jan  2 15:49  c89 -> /etc/alternatives/c89*
-rwxr-xr-x  1 root   root         428 May  7  2006  c89-gcc*
lrwxrwxrwx  1 root   root          21 Jan  2 15:49  c99 -> /etc/alternatives/c99*
-rwxr-xr-x  1 root   root         454 Apr 11  2011  c99-gcc*
-rwxr-xr-x  1 root   root        6332 Aug 25 01:13  c_rehash*
lrwxrwxrwx  1 root   root           4 Mar 30  2020  cal -> ncal*
-rwxr-xr-x  1 root   root       35464 Mar 30  2020  calendar*
lrwxrwxrwx  1 root   root           3 Feb 26  2020  captoinfo -> tic*
-rwxr-xr-x  1 root   root       43416 Sep  5  2019  cat*
-rwxr-xr-x  1 root   root        3330 Dec 16  2020  catchsegv*
-rwxr-xr-x  1 root   root       39616 Feb 25  2020  catman*
-rwxr-xr-x  1 root   root         853 Oct 18  2019  cautious-launcher*
lrwxrwxrwx  1 root   root          20 Jan  2 15:49  cc -> /etc/alternatives/cc*
-rwxr-xr-x  1 root   root         380 Feb 17  2021  cftp3*
-rwxr-sr-x  1 root   shadow     84512 Jul 14 22:08  chage*
lrwxrwxrwx  1 root   root          11 Dec 17  2019  chardet3 -> chardetect3*
-rwxr-xr-x  1 root   root         389 Dec 17  2019  chardetect3*
-rwxr-xr-x  1 root   root       14656 Feb 14  2020  chattr*
-rwxr-xr-x  1 root   root       72024 Sep  5  2019  chcon*
-rwxr-xr-x  1 root   root        2771 Sep 27  2020  check-language-support*
-rwxr-xr-x  1 root   root       14488 Oct 14 16:24  checkgid*
-rwsr-xr-x  1 root   root       85064 Jul 14 22:08  chfn*
-rwxr-xr-x  1 root   root       72024 Sep  5  2019  chgrp*
-rwxr-xr-x  1 root   root       63864 Sep  5  2019  chmod*
-rwxr-xr-x  1 root   root       51432 Jul 21  2020  choom*
-rwxr-xr-x  1 root   root       72024 Sep  5  2019  chown*
-rwxr-xr-x  1 root   root       39144 Jul 21  2020  chrt*
-rwsr-xr-x  1 root   root       53040 Jul 14 22:08  chsh*
-rwxr-xr-x  1 root   root       14408 May  9  2019  chvt*
-rwxr-xr-x  1 root   root      149904 Mar 27  2020  ckbcomp*
-rwxr-xr-x  1 root   root         386 Feb 17  2021  ckeygen3*
-rwxr-xr-x  1 root   root       39256 Sep  5  2019  cksum*
-rwxr-xr-x  1 root   root       14656 Feb 26  2020  clear*
-rwxr-xr-x  1 root   root       14568 Jun 18  2020  clear_console*
-rwxr-xr-x  1 root   root         390 Nov  3 13:58  cloud-id*
-rwxr-xr-x  1 root   root         394 Nov  3 13:58  cloud-init*
-rwxr-xr-x  1 root   root        2108 Nov  2 19:35  cloud-init-per*
-rwxr-xr-x  1 root   root       51296 Apr  8  2019  cmp*
-rwxr-xr-x  1 root   root       14328 May  9  2019  codepage*
-rwxr-xr-x  1 root   root       18584 Mar 30  2020  col*
-rwxr-xr-x  1 root   root         963 Feb 17  2020  col1*
lrwxrwxrwx  1 root   root           4 Feb 17  2020  col2 -> col1*
lrwxrwxrwx  1 root   root           4 Feb 17  2020  col3 -> col1*
lrwxrwxrwx  1 root   root           4 Feb 17  2020  col4 -> col1*
lrwxrwxrwx  1 root   root           4 Feb 17  2020  col5 -> col1*
lrwxrwxrwx  1 root   root           4 Feb 17  2020  col6 -> col1*
lrwxrwxrwx  1 root   root           4 Feb 17  2020  col7 -> col1*
lrwxrwxrwx  1 root   root           4 Feb 17  2020  col8 -> col1*
lrwxrwxrwx  1 root   root           4 Feb 17  2020  col9 -> col1*
-rwxr-xr-x  1 root   root       14488 Mar 30  2020  colcrt*
-rwxr-xr-x  1 root   root       14488 Mar 30  2020  colrm*
-rwxr-xr-x  1 root   root       14504 Mar 30  2020  column*
-rwxr-xr-x  1 root   root       43384 Sep  5  2019  comm*
lrwxrwxrwx  1 root   root          11 Oct 18  2019  compose -> run-mailcap*
-rwxr-xr-x  1 root   root         382 Feb 17  2021  conch3*
-rwxr-xr-x  1 root   root       15088 Oct 19  2020  corelist*
-rwxr-xr-x  1 root   root      153976 Sep  5  2019  cp*
-rwxr-xr-x  1 root   root        8155 Oct 19  2020  cpan*
-rwxr-xr-x  1 root   root        8176 Oct 19  2020  cpan5.30-x86_64-linux-gnu*
-rwxr-xr-x  1 root   root      165504 Aug 25 10:52  cpio*
lrwxrwxrwx  1 root   root           5 Mar 20  2020  cpp -> cpp-9*
lrwxrwxrwx  1 root   root          22 Aug  8  2020  cpp-9 -> x86_64-linux-gnu-cpp-9*
-rwxr-sr-x  1 root   crontab    43720 Feb 13  2020  crontab*
-rwxr-xr-x  1 root   root       55672 Sep  5  2019  csplit*
-rwxr-xr-x  1 root   root         960 Feb 17  2020  ctail*
lrwxrwxrwx  1 root   root           6 Feb 13  2020  ctstat -> lnstat*
-rwxr-xr-x  1 root   root      239848 Sep 10 14:28  curl*
-rwxr-xr-x  1 root   root       47480 Sep  5  2019  cut*
-rwxr-xr-x  1 root   root      273096 Jan 19  2021  cvtsudoers*
-rwxr-xr-x  1 root   root      129816 Jul 18  2019  dash*
-rwxr-xr-x  1 root   root      108920 Sep  5  2019  date*
-rwxr-xr-x  1 root   root       14480 Jun 11  2020  dbus-cleanup-sockets*
-rwxr-xr-x  1 root   root      249032 Jun 11  2020  dbus-daemon*
-rwxr-xr-x  1 root   root       30864 Jun 11  2020  dbus-monitor*
-rwxr-xr-x  1 root   root       14480 Jun 11  2020  dbus-run-session*
-rwxr-xr-x  1 root   root       30864 Jun 11  2020  dbus-send*
-rwxr-xr-x  1 root   root       14480 Jun 11  2020  dbus-update-activation-environment*
-rwxr-xr-x  1 root   root       14480 Jun 11  2020  dbus-uuidgen*
-rwxr-xr-x  1 root   root       26928 Jul 23 07:14  dbxtool*
-rwxr-xr-x  1 root   root       80256 Sep  5  2019  dd*
-rwxr-xr-x  1 root   root       14408 May  9  2019  deallocvt*
-rwxr-xr-x  1 root   root       21328 Jun 21  2019  deb-systemd-helper*
-rwxr-xr-x  1 root   root        4430 Jun 21  2019  deb-systemd-invoke*
-rwxr-xr-x  1 root   root        2859 Aug  3  2019  debconf*
-rwxr-xr-x  1 root   root       11541 Aug  3  2019  debconf-apt-progress*
-rwxr-xr-x  1 root   root         608 Aug  3  2019  debconf-communicate*
-rwxr-xr-x  1 root   root        1719 Aug  3  2019  debconf-copydb*
-rwxr-xr-x  1 root   root         647 Aug  3  2019  debconf-escape*
-rwxr-xr-x  1 root   root        2935 Aug  3  2019  debconf-set-selections*
-rwxr-xr-x  1 root   root        1827 Aug  3  2019  debconf-show*
-rwxr-xr-x  1 root   root       23440 Feb 13  2020  debian-distro-info*
-rwxr-xr-x  1 root   root       30952 Jul 21  2020  delpart*
-rwxr-xr-x  1 root   root       49552 Oct 27 11:00  delv*
-rwxr-xr-x  1 root   root       93128 Sep  5  2019  df*
-rwxr-xr-x  1 root   root      104752 Jul 23 07:14  dfu-tool*
-rwxr-xr-x  1 root   root        2446 Jan 26  2020  dh_bash-completion*
-rwxr-xr-x  1 root   root      219480 Apr  8  2019  diff*
-rwxr-xr-x  1 root   root       67800 Apr  8  2019  diff3*
-rwxr-xr-x  1 root   root      138032 Oct 27 11:00  dig*
-rwxr-xr-x  1 root   root      142144 Sep  5  2019  dir*
-rwxr-xr-x  1 root   root       47456 Sep  5  2019  dircolors*
-rwxr-xr-x  1 root   root      583536 Jan  6  2021  dirmngr*
-rwxr-xr-x  1 root   root      121920 Jan  6  2021  dirmngr-client*
-rwxr-xr-x  1 root   root       39256 Sep  5  2019  dirname*
lrwxrwxrwx  1 root   root          18 Feb 13  2020  distro-info -> ubuntu-distro-info*
-rwxr-xr-x  1 root   root       84440 Jul 21  2020  dmesg*
lrwxrwxrwx  1 root   root           8 Nov  7  2019  dnsdomainname -> hostname*
-rwxr-xr-x  1 root   root        9314 Aug  4 01:00  do-release-upgrade*
lrwxrwxrwx  1 root   root           8 Nov  7  2019  domainname -> hostname*
-rwxr-xr-x  1 root   root      309944 Mar 23  2020  dpkg*
-rwxr-xr-x  1 root   root       12852 Mar 23  2020  dpkg-architecture*
-rwxr-xr-x  1 root   root        7565 Mar 23  2020  dpkg-buildflags*
-rwxr-xr-x  1 root   root       30610 Mar 23  2020  dpkg-buildpackage*
-rwxr-xr-x  1 root   root        7624 Mar 23  2020  dpkg-checkbuilddeps*
-rwxr-xr-x  1 root   root      178728 Mar 23  2020  dpkg-deb*
-rwxr-xr-x  1 root   root        2782 Mar 23  2020  dpkg-distaddfile*
-rwxr-xr-x  1 root   root      154208 Mar 23  2020  dpkg-divert*
-rwxr-xr-x  1 root   root       16795 Mar 23  2020  dpkg-genbuildinfo*
-rwxr-xr-x  1 root   root       17492 Mar 23  2020  dpkg-genchanges*
-rwxr-xr-x  1 root   root       14199 Mar 23  2020  dpkg-gencontrol*
-rwxr-xr-x  1 root   root       10902 Mar 23  2020  dpkg-gensymbols*
-rwxr-xr-x  1 root   root       20514 Mar 23  2020  dpkg-maintscript-helper*
-rwxr-xr-x  1 root   root        8547 Mar 23  2020  dpkg-mergechangelogs*
-rwxr-xr-x  1 root   root        6789 Mar 23  2020  dpkg-name*
-rwxr-xr-x  1 root   root        4567 Mar 23  2020  dpkg-parsechangelog*
-rwxr-xr-x  1 root   root      166488 Mar 23  2020  dpkg-query*
-rwxr-xr-x  1 root   root        8698 Mar 23  2020  dpkg-scanpackages*
-rwxr-xr-x  1 root   root        9167 Mar 23  2020  dpkg-scansources*
-rwxr-xr-x  1 root   root       31416 Mar 23  2020  dpkg-shlibdeps*
-rwxr-xr-x  1 root   root       23022 Mar 23  2020  dpkg-source*
-rwxr-xr-x  1 root   root      125424 Mar 23  2020  dpkg-split*
-rwxr-xr-x  1 root   root       63760 Mar 23  2020  dpkg-statoverride*
-rwxr-xr-x  1 root   root       84472 Mar 23  2020  dpkg-trigger*
-rwxr-xr-x  1 root   root        3262 Mar 23  2020  dpkg-vendor*
-rwxr-xr-x  1 root   root      108920 Sep  5  2019  du*
-rwxr-xr-x  1 root   root      178712 May  9  2019  dumpkeys*
lrwxrwxrwx  1 root   root          20 Oct 20 11:09  dwp -> x86_64-linux-gnu-dwp*
-rwxr-xr-x  1 root   root        2806 Oct 29  2018  eatmydata*
-rwxr-xr-x  1 root   root        7295 Feb 25  2020  ec2metadata*
-rwxr-xr-x  1 root   root       39256 Sep  5  2019  echo*
-rwxr-xr-x  1 root   root       55504 Feb 22  2020  ed*
lrwxrwxrwx  1 root   root          11 Oct 18  2019  edit -> run-mailcap*
lrwxrwxrwx  1 root   root          24 Nov 29 23:31  editor -> /etc/alternatives/editor*
-rwxr-xr-x  1 root   root          28 Jan 29  2020  egrep*
-rwxr-xr-x  1 root   root       35680 Jul  8  2019  eject*
lrwxrwxrwx  1 root   root          24 Oct 20 11:09  elfedit -> x86_64-linux-gnu-elfedit*
-rwxr-xr-x  1 root   root         237 Nov 20  2017  enable-ec2-spot-hibernation*
-rwxr-xr-x  1 root   root       42111 Oct 19  2020  enc2xs*
-rwxr-xr-x  1 root   root        3066 Oct 19  2020  encguess*
-rwxr-xr-x  1 root   root       43352 Sep  5  2019  env*
-rwxr-xr-x  1 root   root       43240 Mar 22  2020  envsubst*
-rwxr-xr-x  1 root   root      206336 Mar 21  2020  eqn*
lrwxrwxrwx  1 root   root          20 Nov 29 23:31  ex -> /etc/alternatives/ex*
-rwxr-xr-x  1 root   root       43384 Sep  5  2019  expand*
-rwxr-sr-x  1 root   shadow     31312 Jul 14 22:08  expiry*
-rwxr-xr-x  1 root   root       55640 Sep  5  2019  expr*
-rwxr-xr-x  1 root   root       80248 Sep  5  2019  factor*
-rwxr-xr-x  1 root   root       23136 Jul 14 22:08  faillog*
-rwxr-xr-x  1 root   root       35088 Sep  6  2019  faked-sysv*
-rwxr-xr-x  1 root   root       35072 Sep  6  2019  faked-tcp*
lrwxrwxrwx  1 root   root          26 Jan  2 15:49  fakeroot -> /etc/alternatives/fakeroot*
-rwxr-xr-x  1 root   root        3851 Sep  6  2019  fakeroot-sysv*
-rwxr-xr-x  1 root   root        3846 Sep  6  2019  fakeroot-tcp*
-rwxr-xr-x  1 root   root       35048 Jul 21  2020  fallocate*
-rwxr-xr-x  1 root   root       39256 Sep  5  2019  false*
-rwxr-xr-x  1 root   root       14488 Oct 14 16:24  fcgistarter*
-rwxr-xr-x  1 root   root       14408 May  9  2019  fgconsole*
-rwxr-xr-x  1 root   root          28 Jan 29  2020  fgrep*
-rwxr-xr-x  1 root   root       27104 Jan 16  2020  file*
-rwxr-xr-x  1 root   root        2152 Sep 10  2020  finalrd*
-rwxr-xr-x  1 root   root       35096 Jul 21  2020  fincore*
-rwxr-xr-x  1 root   root      320160 Feb 18  2020  find*
-rwxr-xr-x  1 root   root       73128 Jul 21  2020  findmnt*
-rwxr-xr-x  1 root   root         372 Dec 27  2019  flask*
-rwxr-xr-x  1 root   root       35128 Jul 21  2020  flock*
-rwxr-xr-x  1 root   root       47448 Sep  5  2019  fmt*
-rwxr-xr-x  1 root   root       43352 Sep  5  2019  fold*
-rwxr-xr-x  1 root   root       26864 Sep  9 12:59  free*
lrwxrwxrwx  1 root   root          22 Nov 29 23:32  from -> /etc/alternatives/from*
lrwxrwxrwx  1 root   root          21 Nov 29 23:32  ftp -> /etc/alternatives/ftp*
-rwxr-xr-x  1 root   root       40184 Nov 12  2019  fuser*
lrwxrwxrwx  1 root   root          11 Mar  7  2020  fusermount -> fusermount3*
-rwsr-xr-x  1 root   root       39144 Mar  7  2020  fusermount3*
-rwxr-xr-x  1 root   root       76080 Jul 23 07:14  fwupdagent*
-rwxr-xr-x  1 root   root       72200 Jul 23 07:14  fwupdate*
-rwxr-xr-x  1 root   root      158000 Jul 23 07:14  fwupdmgr*
-rwxr-xr-x  1 root   root      347056 Jul 23 07:14  fwupdtool*
-rwxr-xr-x  1 root   root       22912 Jul 23 07:14  fwupdtpmevlog*
lrwxrwxrwx  1 root   root           5 Mar 20  2020  g++ -> g++-9*
lrwxrwxrwx  1 root   root          22 Aug  8  2020  g++-9 -> x86_64-linux-gnu-g++-9*
-rwxr-xr-x  1 root   root       22920 Jul 12 14:56  gapplication*
-rwxr-xr-x  1 root   root      711136 Nov  3  2019  gawk*
lrwxrwxrwx  1 root   root           5 Mar 20  2020  gcc -> gcc-9*
lrwxrwxrwx  1 root   root          22 Aug  8  2020  gcc-9 -> x86_64-linux-gnu-gcc-9*
lrwxrwxrwx  1 root   root           8 Mar 20  2020  gcc-ar -> gcc-ar-9*
lrwxrwxrwx  1 root   root          25 Aug  8  2020  gcc-ar-9 -> x86_64-linux-gnu-gcc-ar-9*
lrwxrwxrwx  1 root   root           8 Mar 20  2020  gcc-nm -> gcc-nm-9*
lrwxrwxrwx  1 root   root          25 Aug  8  2020  gcc-nm-9 -> x86_64-linux-gnu-gcc-nm-9*
lrwxrwxrwx  1 root   root          12 Mar 20  2020  gcc-ranlib -> gcc-ranlib-9*
lrwxrwxrwx  1 root   root          29 Aug  8  2020  gcc-ranlib-9 -> x86_64-linux-gnu-gcc-ranlib-9*
lrwxrwxrwx  1 root   root           6 Mar 20  2020  gcov -> gcov-9*
lrwxrwxrwx  1 root   root          23 Aug  8  2020  gcov-9 -> x86_64-linux-gnu-gcov-9*
lrwxrwxrwx  1 root   root          11 Mar 20  2020  gcov-dump -> gcov-dump-9*
lrwxrwxrwx  1 root   root          28 Aug  8  2020  gcov-dump-9 -> x86_64-linux-gnu-gcov-dump-9*
lrwxrwxrwx  1 root   root          11 Mar 20  2020  gcov-tool -> gcov-tool-9*
lrwxrwxrwx  1 root   root          28 Aug  8  2020  gcov-tool-9 -> x86_64-linux-gnu-gcov-tool-9*
-rwxr-xr-x  1 root   root       51592 Jul 12 14:56  gdbus*
-rwxr-xr-x  1 root   root       27000 Dec 16  2020  gencat*
lrwxrwxrwx  1 root   root           3 Mar 21  2020  geqn -> eqn*
-rwxr-xr-x  1 root   root       35112 Dec 16  2020  getconf*
-rwxr-xr-x  1 root   root       39576 Dec 16  2020  getent*
-rwxr-xr-x  1 root   root       14408 May  9  2019  getkeycodes*
-rwxr-xr-x  1 root   root       22760 Jul 21  2020  getopt*
-rwxr-xr-x  1 root   root       43240 Mar 22  2020  gettext*
-rwxr-xr-x  1 root   root        4629 Mar 22  2020  gettext.sh*
lrwxrwxrwx  1 root   root          12 Oct 10  2019  ginstall-info -> install-info*
-rwxr-xr-x  1 root   root       92568 Jul 12 14:56  gio*
lrwxrwxrwx  1 root   root          49 Jul 12 14:56  gio-querymodules -> ../lib/x86_64-linux-gnu/glib-2.0/gio-querymodules*
-rwxr-xr-x  1 root   root     3093072 Sep  9 11:42  git*
lrwxrwxrwx  1 root   root           3 Sep  9 11:42  git-receive-pack -> git*
-rwxr-xr-x  1 root   root     1773344 Sep  9 11:42  git-shell*
lrwxrwxrwx  1 root   root           3 Sep  9 11:42  git-upload-archive -> git*
lrwxrwxrwx  1 root   root           3 Sep  9 11:42  git-upload-pack -> git*
lrwxrwxrwx  1 root   root          53 Jul 12 14:56  glib-compile-schemas -> ../lib/x86_64-linux-gnu/glib-2.0/glib-compile-schemas*
lrwxrwxrwx  1 root   root          21 Oct 20 11:09  gold -> x86_64-linux-gnu-gold*
-rwsr-xr-x  1 root   root       88464 Jul 14 22:08  gpasswd*
-rwxr-xr-x  1 root   root     1066992 Jan  6  2021  gpg*
-rwxr-xr-x  1 root   root      418856 Jan  6  2021  gpg-agent*
-rwxr-xr-x  1 root   root      167072 Jan  6  2021  gpg-connect-agent*
-rwxr-xr-x  1 root   root      208072 Jan  6  2021  gpg-wks-server*
-rwxr-xr-x  1 root   root        3516 Jan  6  2021  gpg-zip*
-rwxr-xr-x  1 root   root      895272 Jan  6  2021  gpgcompose*
-rwxr-xr-x  1 root   root      178848 Jan  6  2021  gpgconf*
-rwxr-xr-x  1 root   root       35200 Jan  6  2021  gpgparsemail*
-rwxr-xr-x  1 root   root      519416 Jan  6  2021  gpgsm*
-rwxr-xr-x  1 root   root       88840 Jan  6  2021  gpgsplit*
-rwxr-xr-x  1 root   root      155264 Jan  6  2021  gpgtar*
-rwxr-xr-x  1 root   root      457880 Jan  6  2021  gpgv*
lrwxrwxrwx  1 root   root           3 Mar 21  2020  gpic -> pic*
lrwxrwxrwx  1 root   root          22 Oct 20 11:09  gprof -> x86_64-linux-gnu-gprof*
-rwxr-xr-x  1 root   root      199136 Jan 29  2020  grep*
-rwxr-xr-x  1 root   root       22840 Jul 12 14:56  gresource*
-rwxr-xr-x  1 root   root      124448 Mar 21  2020  groff*
-rwxr-xr-x  1 root   root        2776 Mar 21  2020  grog*
-rwxr-xr-x  1 root   root      186304 Mar 21  2020  grops*
-rwxr-xr-x  1 root   root      132672 Mar 21  2020  grotty*
-rwxr-xr-x  1 root   root       39256 Sep  5  2019  groups*
-rwxr-xr-x  1 root   root       24522 Feb 25  2020  growpart*
-rwxr-xr-x  1 root   root      253968 Aug 12 09:18  grub-editenv*
-rwxr-xr-x  1 root   root      799104 Aug 12 09:18  grub-file*
-rwxr-xr-x  1 root   root      923488 Aug 12 09:18  grub-fstest*
-rwxr-xr-x  1 root   root      249712 Aug 12 09:18  grub-glue-efi*
-rwxr-xr-x  1 root   root        1681 Aug 12 09:18  grub-kbdcomp*
-rwxr-xr-x  1 root   root      233600 Aug 12 09:18  grub-menulst2cfg*
-rwxr-xr-x  1 root   root      274864 Aug 12 09:18  grub-mkfont*
-rwxr-xr-x  1 root   root      357328 Aug 12 09:18  grub-mkimage*
-rwxr-xr-x  1 root   root      258224 Aug 12 09:18  grub-mklayout*
-rwxr-xr-x  1 root   root      411200 Aug 12 09:18  grub-mknetdir*
-rwxr-xr-x  1 root   root      254160 Aug 12 09:18  grub-mkpasswd-pbkdf2*
-rwxr-xr-x  1 root   root      245328 Aug 12 09:18  grub-mkrelpath*
-rwxr-xr-x  1 root   root      977200 Aug 12 09:18  grub-mkrescue*
-rwxr-xr-x  1 root   root      489328 Aug 12 09:18  grub-mkstandalone*
-rwxr-xr-x  1 root   root      746288 Aug 12 09:18  grub-mount*
lrwxrwxrwx  1 root   root          34 Aug 12 09:18  grub-ntldr-img -> ../lib/grub/i386-pc/grub-ntldr-img*
-rwxr-xr-x  1 root   root      819968 Aug 12 09:18  grub-render-label*
-rwxr-xr-x  1 root   root      278224 Aug 12 09:18  grub-script-check*
-rwxr-xr-x  1 root   root      759056 Aug 12 09:18  grub-syslinux2cfg*
-rwxr-xr-x  1 root   root       31112 Jul 12 14:56  gsettings*
lrwxrwxrwx  1 root   root           3 Mar 21  2020  gtbl -> tbl*
-rwxr-xr-x  2 root   root        2346 Dec 13  2019  gunzip*
-rwxr-xr-x  1 root   root        6376 Dec 13  2019  gzexe*
-rwxr-xr-x  1 root   root       97496 Dec 13  2019  gzip*
-rwxr-xr-x  1 root   root       29224 Oct 19  2020  h2ph*
-rwxr-xr-x  1 root   root       60866 Oct 19  2020  h2xs*
lrwxrwxrwx  1 root   root           7 Mar 30  2020  hd -> hexdump*
-rwxr-xr-x  1 root   root       47480 Sep  5  2019  head*
-rwxr-xr-x  1 root   root        2514 Jan 30  2020  helpztags*
-rwxr-xr-x  1 root   root       35072 Mar 30  2020  hexdump*
-rwxr-xr-x  1 root   root       22172 Nov 20  2017  hibagent*
-rwxr-xr-x  1 root   root       16357 Oct  2  2020  hibinit-agent*
-rwxr-xr-x  1 root   root      105232 Oct 27 11:00  host*
-rwxr-xr-x  1 root   root       39256 Sep  5  2019  hostid*
-rwxr-xr-x  1 root   root       26856 Nov  7  2019  hostname*
-rwxr-xr-x  1 root   root       26848 Sep  7 18:37  hostnamectl*
-rwxr-xr-x  1 root   root       39072 Oct 14 16:24  htcacheclean*
-rwxr-xr-x  1 root   root       26776 Oct 14 16:24  htdbm*
-rwxr-xr-x  1 root   root       14488 Oct 14 16:24  htdigest*
-rwxr-xr-x  1 root   root      189304 Dec  4  2019  htop*
-rwxr-xr-x  1 root   root       26776 Oct 14 16:24  htpasswd*
-rwxr-xr-x  1 root   root       10830 Sep  3 22:17  hwe-support-status*
lrwxrwxrwx  1 root   root           7 Jul 21  2020  i386 -> setarch*
-rwxr-xr-x  1 root   root       68000 Dec 16  2020  iconv*
-rwxr-xr-x  1 root   root       47480 Sep  5  2019  id*
-rwxr-xr-x  1 root   root      317176 Oct 10  2019  info*
lrwxrwxrwx  1 root   root          29 Nov 29 23:32  infobrowser -> /etc/alternatives/infobrowser*
-rwxr-xr-x  1 root   root       63880 Feb 26  2020  infocmp*
lrwxrwxrwx  1 root   root           3 Feb 26  2020  infotocap -> tic*
-rwxr-xr-x  1 root   root      158112 Sep  5  2019  install*
-rwxr-xr-x  1 root   root      118008 Oct 10  2019  install-info*
-rwxr-xr-x  1 root   root        4370 Oct 19  2020  instmodsh*
-rwxr-xr-x  1 root   root       30952 Jul 21  2020  ionice*
-rwxr-xr-x  1 root   root      611960 Feb 13  2020  ip*
-rwxr-xr-x  1 root   root       35120 Jul 21  2020  ipcmk*
-rwxr-xr-x  1 root   root       35048 Jul 21  2020  ipcrm*
-rwxr-xr-x  1 root   root       67816 Jul 21  2020  ipcs*
lrwxrwxrwx  1 root   root          28 Feb 28  2020  iptables-xml -> ../sbin/xtables-legacy-multi*
-rwxr-xr-x  1 root   root       14536 Dec  7  2019  ischroot*
lrwxrwxrwx  1 root   root          14 Mar 18  2021  iscsiadm -> /sbin/iscsiadm*
-rwxr-xr-x  1 root   root       55672 Sep  5  2019  join*
-rwxr-xr-x  1 root   root       80120 Sep  7 18:37  journalctl*
-rwxr-xr-x  1 root   root        4667 Oct 19  2020  json_pp*
lrwxrwxrwx  1 root   root          26 Nov 29 23:32  jsondiff -> /etc/alternatives/jsondiff*
-rwxr-xr-x  1 root   root        3662 Sep  5  2019  jsonpatch*
-rwxr-xr-x  1 root   root        1004 Sep  5  2019  jsonpatch-jsondiff*
-rwxr-xr-x  1 root   root        1838 Jan 24  2020  jsonpointer*
-rwxr-xr-x  1 root   root         397 Jan 23  2020  jsonschema*
-rwxr-xr-x  1 root   root       14408 May  9  2019  kbd_mode*
-rwxr-xr-x  1 root   root       14408 May  9  2019  kbdinfo*
-rwxr-xr-x  1 root   root      179168 Jan  6  2021  kbxutil*
lrwxrwxrwx  1 root   root           7 Jan 15  2014  keep-one-running -> run-one*
-rwxr-xr-x  1 root   root        5191 Apr  1  2020  kernel-install*
-rwxr-xr-x  1 root   root         385 Mar 14  2020  keyring*
-rwxr-xr-x  1 root   root       30952 Sep  9 12:59  kill*
-rwxr-xr-x  1 root   root       32024 Nov 12  2019  killall*
-rwxr-xr-x  1 root   root      174424 Mar 12  2020  kmod*
-rwxr-xr-x  1 root   root       14472 May  3  2019  kmodsign*
-rwxr-xr-x  1 root   root         624 Aug 27  2020  landscape-sysinfo*
-rwxr-xr-x  1 root   root       47336 Jul 21  2020  last*
lrwxrwxrwx  1 root   root           4 Jul 21  2020  lastb -> last*
-rwxr-xr-x  1 root   root       32416 Jul 14 22:08  lastlog*
-rwxr-xr-x  1 root   root        7786 Dec 14  2018  lcf*
lrwxrwxrwx  1 root   root          19 Oct 20 11:09  ld -> x86_64-linux-gnu-ld*
lrwxrwxrwx  1 root   root          23 Oct 20 11:09  ld.bfd -> x86_64-linux-gnu-ld.bfd*
lrwxrwxrwx  1 root   root          24 Oct 20 11:09  ld.gold -> x86_64-linux-gnu-ld.gold*
-rwxr-xr-x  1 root   root        5427 Dec 16  2020  ldd*
-rwxr-xr-x  1 root   root      180064 Jul  1  2020  less*
-rwxr-xr-x  1 root   root       14656 Jul  1  2020  lessecho*
lrwxrwxrwx  1 root   root           8 Jul  1  2020  lessfile -> lesspipe*
-rwxr-xr-x  1 root   root       24288 Jul  1  2020  lesskey*
-rwxr-xr-x  1 root   root        8564 Sep  3  2019  lesspipe*
-rwxr-xr-x  1 root   root      101320 Feb 25  2020  lexgrog*
-rwxr-xr-x  1 root   root       15775 Oct 19  2020  libnetcfg*
-rwxr-xr-x  1 root   root       39256 Sep  5  2019  link*
-rwxr-xr-x  1 root   root        1577 Jan 21  2017  linux-boot-prober*
-rwxr-xr-x  1 root   root        4090 Jun 25  2020  linux-check-removal*
-rwxr-xr-x  1 root   root        6320 Jun 25  2020  linux-update-symlinks*
-rwxr-xr-x  1 root   root        2698 Jul  7 20:19  linux-version*
lrwxrwxrwx  1 root   root           7 Jul 21  2020  linux32 -> setarch*
lrwxrwxrwx  1 root   root           7 Jul 21  2020  linux64 -> setarch*
-rwxr-xr-x  1 root   root       76160 Sep  5  2019  ln*
-rwxr-xr-x  1 root   root       31240 Feb 13  2020  lnstat*
-rwxr-xr-x  1 root   root      215624 May  9  2019  loadkeys*
-rwxr-xr-x  1 root   root       34952 May  9  2019  loadunimap*
-rwxr-xr-x  1 root   root       58944 Dec 16  2020  locale*
-rwxr-xr-x  1 root   root       14496 Aug  4 14:53  locale-check*
-rwxr-xr-x  1 root   root       26848 Sep  7 18:37  localectl*
-rwxr-xr-x  1 root   root      334808 Dec 16  2020  localedef*
-rwxr-xr-x  1 root   root       52040 Jul 21  2020  logger*
-rwxr-xr-x  1 root   root       57104 Jul 14 22:08  login*
-rwxr-xr-x  1 root   root       59736 Sep  7 18:37  loginctl*
-rwxr-xr-x  1 root   root       39256 Sep  5  2019  logname*
-rwxr-xr-x  1 root   root       14496 Oct 14 16:24  logresolve*
-rwxr-xr-x  1 root   root       14728 Mar 30  2020  look*
-rwxr-xr-x  1 root   root        2885 Mar 30  2020  lorder*
-rwxr-xr-x  1 root   root      121712 Aug 23 13:18  lowntfs-3g*
-rwxr-xr-x  1 root   root      142144 Sep  5  2019  ls*
-rwxr-xr-x  1 root   root       14656 Feb 14  2020  lsattr*
-rwxr-xr-x  1 root   root        3638 Aug 25  2019  lsb_release*
-rwxr-xr-x  1 root   root      133352 Jul 21  2020  lsblk*
-rwxr-xr-x  1 root   root      100584 Jul 21  2020  lscpu*
-rwxr-xr-x  1 root   root      861384 Dec 17  2020  lshw*
-rwxr-xr-x  1 root   root         706 Mar 18  2021  lsinitramfs*
-rwxr-xr-x  1 root   root       96488 Jul 21  2020  lsipc*
-rwxr-xr-x  1 root   root       39480 Jul 21  2020  lslocks*
-rwxr-xr-x  1 root   root       67816 Jul 21  2020  lslogins*
-rwxr-xr-x  1 root   root       67816 Jul 21  2020  lsmem*
lrwxrwxrwx  1 root   root           4 Mar 12  2020  lsmod -> kmod*
-rwxr-xr-x  1 root   root       51440 Jul 21  2020  lsns*
-rwxr-xr-x  1 root   root      175744 Dec 25  2020  lsof*
-rwxr-xr-x  1 root   root       94160 Mar 31  2021  lspci*
-rwxr-xr-x  1 root   root        1081 Aug 28  2017  lspgpot*
-rwxr-xr-x  1 root   root      248328 Oct  1  2019  lsusb*
-rwxr-xr-x  1 root   root      308560 Feb  1  2019  ltrace*
-rwxr-xr-x  1 root   root      190704 May 20  2021  lz4*
lrwxrwxrwx  1 root   root           3 May 20  2021  lz4c -> lz4*
lrwxrwxrwx  1 root   root           3 May 20  2021  lz4cat -> lz4*
lrwxrwxrwx  1 root   root          23 Nov 29 23:31  lzcat -> /etc/alternatives/lzcat*
lrwxrwxrwx  1 root   root          23 Nov 29 23:31  lzcmp -> /etc/alternatives/lzcmp*
lrwxrwxrwx  1 root   root          24 Nov 29 23:31  lzdiff -> /etc/alternatives/lzdiff*
lrwxrwxrwx  1 root   root          25 Nov 29 23:31  lzegrep -> /etc/alternatives/lzegrep*
lrwxrwxrwx  1 root   root          25 Nov 29 23:31  lzfgrep -> /etc/alternatives/lzfgrep*
lrwxrwxrwx  1 root   root          24 Nov 29 23:31  lzgrep -> /etc/alternatives/lzgrep*
lrwxrwxrwx  1 root   root          24 Nov 29 23:31  lzless -> /etc/alternatives/lzless*
lrwxrwxrwx  1 root   root          22 Nov 29 23:31  lzma -> /etc/alternatives/lzma*
-rwxr-xr-x  1 root   root       14568 Apr 20  2020  lzmainfo*
lrwxrwxrwx  1 root   root          24 Nov 29 23:31  lzmore -> /etc/alternatives/lzmore*
-rwxr-xr-x  1 root   root         388 Feb 17  2021  mailmail3*
-rwxr-xr-x  1 root   root      230968 Jul 28  2018  make*
-rwxr-xr-x  1 root   root        4905 Jul 28  2018  make-first-existing-target*
-rwxr-xr-x  1 root   root      119632 Feb 25  2020  man*
-rwxr-xr-x  1 root   root       27544 Feb 25  2020  man-recode*
-rwxr-xr-x  1 root   root      142432 Feb 25  2020  mandb*
-rwxr-xr-x  1 root   root        1942 Feb 17  2020  manifest*
-rwxr-xr-x  1 root   root       39632 Feb 25  2020  manpath*
-rwxr-xr-x  1 root   root       26760 May  9  2019  mapscrn*
-rwxr-xr-x  1 root   root      162552 Feb 16  2020  mawk*
-rwxr-xr-x  1 root   root       35120 Jul 21  2020  mcookie*
-rwxr-xr-x  1 root   root       47480 Sep  5  2019  md5sum*
lrwxrwxrwx  1 root   root           6 Sep  5  2019  md5sum.textutils -> md5sum*
-rwxr-xr-x  1 root   root       51608 Oct 27 11:00  mdig*
-rwxr-xr-x  1 root   root       14568 Jul 21  2020  mesg*
-rwxr-xr-x  1 root   root        3060 Jan  6  2021  migrate-pubring-from-classic-gpg*
-rwxr-xr-x  1 root   root       35098 Feb  3  2020  miniterm*
-rwxr-xr-x  1 root   root       16163 May  9  2019  mk_modmap*
-rwxr-xr-x  1 root   root       88408 Sep  5  2019  mkdir*
-rwxr-xr-x  1 root   root       67928 Sep  5  2019  mkfifo*
-rwxr-xr-x  1 root   root       72024 Sep  5  2019  mknod*
-rwxr-xr-x  1 root   root      210904 Oct 12 00:36  mksquashfs*
-rwxr-xr-x  1 root   root       47448 Sep  5  2019  mktemp*
-rwxr-xr-x  1 root   root       43160 Jul 21  2020  more*
-rwsr-xr-x  1 root   root       55528 Jul 21  2020  mount*
-rwxr-xr-x  1 root   root       14568 Jul 21  2020  mountpoint*
lrwxrwxrwx  1 root   root          20 Nov 29 23:32  mt -> /etc/alternatives/mt*
-rwxr-xr-x  1 root   root       88864 Aug 25 10:52  mt-gnu*
-rwxr-xr-x  1 root   root       82176 Aug 20  2019  mtr*
-rwxr-xr-x  1 root   root       39296 Aug 20  2019  mtr-packet*
-rwxr-xr-x  1 root   root        6497 Dec 16  2020  mtrace*
-rwxr-xr-x  1 root   root      149888 Sep  5  2019  mv*
-rwxr-xr-x  1 root   root       35048 Jul 21  2020  namei*
-rwxr-xr-x  1 root   root      320136 Apr 10  2020  nano*
lrwxrwxrwx  1 root   root          22 Nov 29 23:30  nawk -> /etc/alternatives/nawk*
lrwxrwxrwx  1 root   root          20 Nov 29 23:31  nc -> /etc/alternatives/nc*
-rwxr-xr-x  1 root   root       43664 Mar  9  2020  nc.openbsd*
-rwxr-xr-x  1 root   root       37832 Mar 30  2020  ncal*
-rwxr-xr-x  1 root   root         913 Mar 21  2020  neqn*
lrwxrwxrwx  1 root   root          24 Nov 29 23:31  netcat -> /etc/alternatives/netcat*
-rwxr-xr-x  1 root   root      109256 Feb 24  2019  netkit-ftp*
-rwxr-xr-x  1 root   root       76008 Sep  7 18:37  networkctl*
-rwxr-xr-x  1 root   root       18396 Jul 12 13:26  networkd-dispatcher*
-rwsr-xr-x  1 root   root       44784 Jul 14 22:08  newgrp*
-rwxr-xr-x  1 root   root       43240 Mar 22  2020  ngettext*
-rwxr-xr-x  1 root   root       43352 Sep  5  2019  nice*
lrwxrwxrwx  1 root   root           8 Nov  7  2019  nisdomainname -> hostname*
-rwxr-xr-x  1 root   root       43448 Sep  5  2019  nl*
lrwxrwxrwx  1 root   root          19 Oct 20 11:09  nm -> x86_64-linux-gnu-nm*
-rwxr-xr-x  1 root   root       43352 Sep  5  2019  nohup*
-rwxr-xr-x  1 root   root       43352 Sep  5  2019  nproc*
-rwxr-xr-x  1 root   root        3293 Mar 21  2020  nroff*
-rwxr-xr-x  1 root   root       35256 Jul 21  2020  nsenter*
-rwxr-xr-x  1 root   root      109360 Oct 27 11:00  nslookup*
-rwxr-xr-x  1 root   root       80112 Feb 13  2020  nstat*
-rwxr-xr-x  1 root   root       72216 Oct 27 11:00  nsupdate*
-rwxr-xr-x  1 root   root      158608 Aug 23 13:18  ntfs-3g*
-rwxr-xr-x  1 root   root       14568 Aug 23 13:18  ntfs-3g.probe*
-rwxr-xr-x  1 root   root       35080 Aug 23 13:18  ntfscat*
-rwxr-xr-x  1 root   root       39176 Aug 23 13:18  ntfscluster*
-rwxr-xr-x  1 root   root       39176 Aug 23 13:18  ntfscmp*
-rwxr-xr-x  1 root   root       51480 Aug 23 13:18  ntfsdecrypt*
-rwxr-xr-x  1 root   root       39184 Aug 23 13:18  ntfsfallocate*
-rwxr-xr-x  1 root   root       47376 Aug 23 13:18  ntfsfix*
-rwxr-xr-x  1 root   root       59672 Aug 23 13:18  ntfsinfo*
-rwxr-xr-x  1 root   root       36184 Aug 23 13:18  ntfsls*
-rwxr-xr-x  1 root   root       39176 Aug 23 13:18  ntfsmove*
-rwxr-xr-x  1 root   root      121096 Aug 23 13:18  ntfsrecover*
-rwxr-xr-x  1 root   root       97024 Aug 23 13:18  ntfssecaudit*
-rwxr-xr-x  1 root   root       43200 Aug 23 13:18  ntfstruncate*
-rwxr-xr-x  1 root   root       39096 Aug 23 13:18  ntfsusermap*
-rwxr-xr-x  1 root   root       56104 Aug 23 13:18  ntfswipe*
-rwxr-xr-x  1 root   root       67992 Sep  5  2019  numfmt*
lrwxrwxrwx  1 root   root          24 Oct 20 11:09  objcopy -> x86_64-linux-gnu-objcopy*
lrwxrwxrwx  1 root   root          24 Oct 20 11:09  objdump -> x86_64-linux-gnu-objdump*
-rwxr-xr-x  1 root   root       72056 Sep  5  2019  od*
-rwxr-xr-x  1 root   root        8573 Oct 18 11:48  oem-getlogs*
lrwxrwxrwx  1 root   root          17 Jul 20  2019  on_ac_power -> /sbin/on_ac_power*
-rwxr-xr-x  1 root   root      753336 Aug 25 01:13  openssl*
-rwxr-xr-x  1 root   root       22968 May  9  2019  openvt*
-rwxr-xr-x  1 root   root        4551 Jan 31  2017  os-prober*
lrwxrwxrwx  1 root   root          23 Nov 29 23:30  pager -> /etc/alternatives/pager*
-rwxr-xr-x  1 root   root      121072 Jul 21  2020  partx*
-rwsr-xr-x  1 root   root       68208 Jul 14 22:08  passwd*
-rwxr-xr-x  1 root   root       43384 Sep  5  2019  paste*
-rwxr-xr-x  1 root   root       16515 Aug  3  2019  pastebinit*
-rwxr-xr-x  1 root   root      195096 Jul 26  2019  patch*
-rwxr-xr-x  1 root   root       39256 Sep  5  2019  pathchk*
lrwxrwxrwx  1 root   root           5 Aug  3  2019  pbget -> pbput*
-rwxr-xr-x  1 root   root        2569 Aug  3  2019  pbput*
lrwxrwxrwx  1 root   root           5 Aug  3  2019  pbputs -> pbput*
lrwxrwxrwx  1 root   root           6 Mar 13  2020  pdb3 -> pdb3.8*
lrwxrwxrwx  1 root   root          23 Nov 26 20:14  pdb3.8 -> ../lib/python3.8/pdb.py*
-rwxr-xr-x  1 root   root       14488 Nov 12  2019  peekfd*
-rwxr-xr-x  2 root   root     3478464 Oct 19  2020  perl*
-rwxr-xr-x  1 root   root       14648 Oct 19  2020  perl5.30-x86_64-linux-gnu*
-rwxr-xr-x  2 root   root     3478464 Oct 19  2020  perl5.30.0*
-rwxr-xr-x  2 root   root       46366 Oct 19  2020  perlbug*
-rwxr-xr-x  1 root   root         125 Oct 27  2019  perldoc*
-rwxr-xr-x  1 root   root       10864 Oct 19  2020  perlivp*
-rwxr-xr-x  2 root   root       46366 Oct 19  2020  perlthanks*
lrwxrwxrwx  1 root   root          22 Nov 29 23:32  pftp -> /etc/alternatives/pftp*
-rwxr-xr-x  1 root   root       30968 Sep  9 12:59  pgrep*
-rwxr-xr-x  1 root   root      221536 Mar 21  2020  pic*
lrwxrwxrwx  1 root   root          22 Nov 29 23:32  pico -> /etc/alternatives/pico*
-rwxr-xr-x  1 root   root        8357 Oct 19  2020  piconv*
lrwxrwxrwx  1 root   root          14 Feb 13  2020  pidof -> /sbin/killall5*
lrwxrwxrwx  1 root   root          26 Nov 29 23:32  pinentry -> /etc/alternatives/pinentry*
-rwxr-xr-x  1 root   root       68240 Mar 22  2020  pinentry-curses*
-rwxr-xr-x  1 root   root       72776 Jan 30  2020  ping*
lrwxrwxrwx  1 root   root           4 Jan 30  2020  ping4 -> ping*
lrwxrwxrwx  1 root   root           4 Jan 30  2020  ping6 -> ping*
-rwxr-xr-x  1 root   root       43384 Sep  5  2019  pinky*
-rwxr-xr-x  1 root   root         365 Jul 13 03:11  pip*
-rwxr-xr-x  1 root   root         367 Jul 13 03:11  pip3*
-rwxr-xr-x  1 root   root       18744 May 26  2021  pkaction*
-rwxr-xr-x  1 root   root       22912 May 26  2021  pkcheck*
-rwxr-xr-x  1 root   root       76088 Sep 23  2020  pkcon*
-rwsr-xr-x  1 root   root       31032 May 26  2021  pkexec*
lrwxrwxrwx  1 root   root           5 Sep  9 12:59  pkill -> pgrep*
-rwxr-xr-x  1 root   root       22840 Sep 23  2020  pkmon*
-rwxr-xr-x  1 root   root       18744 May 26  2021  pkttyagent*
-rwxr-xr-x  1 root   root        4533 Oct 19  2020  pl2pm*
-rwxr-xr-x  1 root   root       22904 Dec 16  2020  pldd*
-rwxr-xr-x  1 root   root       51352 Nov  2  2020  plymouth*
-rwxr-xr-x  1 root   root       35064 Sep  9 12:59  pmap*
-rwxr-xr-x  1 root   root        4134 Oct 19  2020  pod2html*
-rwxr-xr-x  1 root   root       15034 Oct 19  2020  pod2man*
-rwxr-xr-x  1 root   root       10803 Oct 19  2020  pod2text*
-rwxr-xr-x  1 root   root        3948 Oct 19  2020  pod2usage*
-rwxr-xr-x  1 root   root        3658 Oct 19  2020  podchecker*
-rwxr-xr-x  1 root   root        2527 Oct 19  2020  podselect*
-rwxr-xr-x  1 root   root        8744 May 29  2018  pollinate*
-rwxr-xr-x  1 root   root       76216 Sep  5  2019  pr*
-rwxr-xr-x  1 root   root       68104 Mar 21  2020  preconv*
lrwxrwxrwx  1 root   root          11 Oct 18  2019  print -> run-mailcap*
-rwxr-xr-x  1 root   root       39256 Sep  5  2019  printenv*
-rwxr-xr-x  1 root   root       22680 Mar 30  2020  printerbanner*
-rwxr-xr-x  1 root   root       59736 Sep  5  2019  printf*
-rwxr-xr-x  1 root   root       39672 Jul 21  2020  prlimit*
-rwxr-xr-x  1 root   root       13655 Oct 19  2020  prove*
-rwxr-xr-x  1 root   root       22760 Nov 12  2019  prtstat*
-rwxr-xr-x  1 root   root      137688 Sep  9 12:59  ps*
lrwxrwxrwx  1 root   root           9 May  9  2019  psfaddtable -> psfxtable*
lrwxrwxrwx  1 root   root           9 May  9  2019  psfgettable -> psfxtable*
lrwxrwxrwx  1 root   root           9 May  9  2019  psfstriptable -> psfxtable*
-rwxr-xr-x  1 root   root       22520 May  9  2019  psfxtable*
-rwxr-xr-x  1 root   root       14488 Nov 12  2019  pslog*
-rwxr-xr-x  1 root   root       36008 Nov 12  2019  pstree*
lrwxrwxrwx  1 root   root           6 Nov 12  2019  pstree.x11 -> pstree*
-rwxr-xr-x  1 root   root        3549 Oct 19  2020  ptar*
-rwxr-xr-x  1 root   root        2628 Oct 19  2020  ptardiff*
-rwxr-xr-x  1 root   root        4392 Oct 19  2020  ptargrep*
-rwxr-xr-x  1 root   root       80280 Sep  5  2019  ptx*
-rwxr-xr-x  1 root   root        1149 Feb 17  2020  purge-old-kernels*
-rwxr-xr-x  1 root   root       43352 Sep  5  2019  pwd*
-rwxr-xr-x  1 root   root       14568 Sep  9 12:59  pwdx*
-rwxr-xr-x  1 root   root        7813 Mar 13  2020  py3clean*
-rwxr-xr-x  1 root   root       12120 Mar 13  2020  py3compile*
lrwxrwxrwx  1 root   root          31 Mar 13  2020  py3versions -> ../share/python3/py3versions.py*
lrwxrwxrwx  1 root   root           8 Mar 13  2020  pydoc3 -> pydoc3.8*
-rwxr-xr-x  1 root   root          79 Nov 26 20:14  pydoc3.8*
lrwxrwxrwx  1 root   root          12 Mar 13  2020  pygettext3 -> pygettext3.8*
-rwxr-xr-x  1 root   root       21535 Nov 26 20:14  pygettext3.8*
-rwxr-xr-x  1 root   root         392 Feb 17  2021  pyhtmlizer3*
-rwxr-xr-x  1 root   root         372 Apr  5  2020  pyjwt3*
lrwxrwxrwx  1 root   root           9 Mar 13  2020  python3 -> python3.8*
lrwxrwxrwx  1 root   root          16 Mar 13  2020  python3-config -> python3.8-config*
-rwxr-xr-x  1 root   root     5490488 Nov 26 20:14  python3.8*
lrwxrwxrwx  1 root   root          33 Nov 26 20:14  python3.8-config -> x86_64-linux-gnu-python3.8-config*
lrwxrwxrwx  1 root   root          23 Oct 20 11:09  ranlib -> x86_64-linux-gnu-ranlib*
lrwxrwxrwx  1 root   root           4 Jun 18  2020  rbash -> bash*
lrwxrwxrwx  1 root   root          21 Nov 29 23:32  rcp -> /etc/alternatives/rcp*
-rwxr-xr-x  1 root   root      133360 Feb 13  2020  rdma*
lrwxrwxrwx  1 root   root          24 Oct 20 11:09  readelf -> x86_64-linux-gnu-readelf*
-rwxr-xr-x  1 root   root       51544 Sep  5  2019  readlink*
-rwxr-xr-x  1 root   root       51576 Sep  5  2019  realpath*
-rwxr-xr-x  1 root   root          89 Feb 22  2020  red*
-rwxr-xr-x  1 root   root       22760 Jul 21  2020  rename.ul*
-rwxr-xr-x  1 root   root       14568 Jul 21  2020  renice*
-rwxr-xr-x  1 root   root       39064 Feb 24  2020  rescan-scsi-bus.sh*
lrwxrwxrwx  1 root   root           4 Feb 26  2020  reset -> tset*
-rwxr-xr-x  1 root   root       22664 May  9  2019  resizecons*
-rwxr-xr-x  1 root   root       63720 Jul 21  2020  resizepart*
-rwxr-xr-x  1 root   root      129408 Sep  7 18:37  resolvectl*
-rwxr-xr-x  1 root   root       14568 Jul 21  2020  rev*
-rwxr-xr-x  1 root   root          30 Jan 16  2020  rgrep*
lrwxrwxrwx  1 root   root          24 Nov 29 23:32  rlogin -> /etc/alternatives/rlogin*
-rwxr-xr-x  1 root   root       72056 Sep  5  2019  rm*
-rwxr-xr-x  1 root   root       47448 Sep  5  2019  rmdir*
lrwxrwxrwx  1 root   root           4 Apr 10  2020  rnano -> nano*
-rwxr-xr-x  1 root   root       26856 Oct 14 16:24  rotatelogs*
-rwxr-xr-x  1 root   root         208 Feb 13  2020  routef*
-rwxr-xr-x  1 root   root        1656 Feb 13  2020  routel*
-rwxr-xr-x  1 root   root      101056 Dec 16  2020  rpcgen*
lrwxrwxrwx  1 root   root          29 Oct 28 16:36  rrsync -> ../share/rsync/scripts/rrsync*
lrwxrwxrwx  1 root   root          21 Nov 29 23:32  rsh -> /etc/alternatives/rsh*
-rwxr-xr-x  1 root   root      504472 Oct 28 16:36  rsync*
lrwxrwxrwx  1 root   root           6 Feb 13  2020  rtstat -> lnstat*
-rwxr-xr-x  1 root   root       18487 Oct 18  2019  run-mailcap*
-rwxr-xr-x  1 root   root        3592 Jan 15  2014  run-one*
lrwxrwxrwx  1 root   root           7 Jan 15  2014  run-one-constantly -> run-one*
lrwxrwxrwx  1 root   root           7 Jan 15  2014  run-one-until-failure -> run-one*
lrwxrwxrwx  1 root   root           7 Jan 15  2014  run-one-until-success -> run-one*
-rwxr-xr-x  1 root   root       27144 Dec  7  2019  run-parts*
lrwxrwxrwx  1 root   root           7 Jan 15  2014  run-this-one -> run-one*
-rwxr-xr-x  1 root   root       39256 Sep  5  2019  runcon*
lrwxrwxrwx  1 root   root          23 Nov 29 23:31  rview -> /etc/alternatives/rview*
lrwxrwxrwx  1 root   root          22 Nov 29 23:32  rvim -> /etc/alternatives/rvim*
-rwxr-xr-x  1 root   root       10481 Dec  7  2019  savelog*
-rwxr-xr-x  1 root   root       55632 May  3  2019  sbattach*
-rwxr-xr-x  1 root   root       68144 May  3  2019  sbkeysync*
-rwxr-xr-x  1 root   root       55696 May  3  2019  sbsiglist*
-rwxr-xr-x  1 root   root       59792 May  3  2019  sbsign*
-rwxr-xr-x  1 root   root       63952 May  3  2019  sbvarsign*
-rwxr-xr-x  1 root   root       63824 May  3  2019  sbverify*
-rwxr-xr-x  1 root   root      117040 Jul 23 12:55  scp*
-rwxr-xr-x  1 root   root      474280 Feb 23  2021  screen*
-rwxr-xr-x  1 root   root       14328 May  9  2019  screendump*
-rwxr-xr-x  1 root   root       55528 Jul 21  2020  script*
-rwxr-xr-x  1 root   root       30952 Jul 21  2020  scriptreplay*
-rwxr-xr-x  1 root   root        8585 Feb 24  2020  scsi_logging_level*
-rwxr-xr-x  1 root   root        3602 Feb 24  2020  scsi_mandat*
-rwxr-xr-x  1 root   root        1327 Feb 24  2020  scsi_readcap*
-rwxr-xr-x  1 root   root        1121 Feb 24  2020  scsi_ready*
-rwxr-xr-x  1 root   root        3857 Feb 24  2020  scsi_satl*
-rwxr-xr-x  1 root   root        1285 Feb 24  2020  scsi_start*
-rwxr-xr-x  1 root   root        1474 Feb 24  2020  scsi_stop*
-rwxr-xr-x  1 root   root         936 Feb 24  2020  scsi_temperature*
-rwxr-xr-x  1 root   root       51296 Apr  8  2019  sdiff*
-rwxr-xr-x  1 root   root      121288 Dec 22  2018  sed*
lrwxrwxrwx  1 root   root          11 Oct 18  2019  see -> run-mailcap*
-rwxr-xr-x  1 root   root        2442 Nov 17  2019  select-editor*
-rwxr-xr-x  1 root   root        1230 Nov 17  2019  sensible-browser*
-rwxr-xr-x  1 root   root        1169 Nov 17  2019  sensible-editor*
-rwxr-xr-x  1 root   root         452 Nov 17  2019  sensible-pager*
-rwxr-xr-x  1 root   root       51544 Sep  5  2019  seq*
-rwxr-xr-x  1 root   root       27136 Jul 21  2020  setarch*
-rwxr-xr-x  1 root   root       47240 May  9  2019  setfont*
-rwxr-xr-x  1 root   root       14408 May  9  2019  setkeycodes*
-rwxr-xr-x  1 root   root       14392 May  9  2019  setleds*
-rwxr-xr-x  1 root   root       14408 May  9  2019  setlogcons*
-rwxr-xr-x  1 root   root       14440 May  9  2019  setmetamode*
-rwxr-xr-x  1 root   root       30960 Mar 31  2021  setpci*
-rwxr-xr-x  1 root   root       47344 Jul 21  2020  setpriv*
-rwxr-xr-x  1 root   root       14568 Jul 21  2020  setsid*
-rwxr-xr-x  1 root   root       47336 Jul 21  2020  setterm*
-rwxr-xr-x  1 root   root       39233 Mar 27  2020  setupcon*
-rwxr-xr-x  1 root   root      170504 Jul 23 12:55  sftp*
lrwxrwxrwx  1 root   root           6 Jul 14 22:08  sg -> newgrp*
-rwxr-xr-x  1 root   root       14696 Feb 24  2020  sg_bg_ctl*
-rwxr-xr-x  1 root   root       23304 Feb 24  2020  sg_compare_and_write*
-rwxr-xr-x  1 root   root       23704 Feb 24  2020  sg_copy_results*
-rwxr-xr-x  1 root   root       51376 Feb 24  2020  sg_dd*
-rwxr-xr-x  1 root   root       23144 Feb 24  2020  sg_decode_sense*
-rwxr-xr-x  1 root   root       14488 Feb 24  2020  sg_emc_trespass*
-rwxr-xr-x  1 root   root       35976 Feb 24  2020  sg_format*
-rwxr-xr-x  1 root   root       36088 Feb 24  2020  sg_get_config*
-rwxr-xr-x  1 root   root       19176 Feb 24  2020  sg_get_lba_status*
-rwxr-xr-x  1 root   root       14792 Feb 24  2020  sg_ident*
-rwxr-xr-x  1 root   root      126456 Feb 24  2020  sg_inq*
-rwxr-xr-x  1 root   root      154488 Feb 24  2020  sg_logs*
-rwxr-xr-x  1 root   root       23176 Feb 24  2020  sg_luns*
-rwxr-xr-x  1 root   root       18584 Feb 24  2020  sg_map*
-rwxr-xr-x  1 root   root       27192 Feb 24  2020  sg_map26*
-rwxr-xr-x  1 root   root       46712 Feb 24  2020  sg_modes*
-rwxr-xr-x  1 root   root       35688 Feb 24  2020  sg_opcodes*
-rwxr-xr-x  1 root   root       36792 Feb 24  2020  sg_persist*
-rwxr-xr-x  1 root   root       14696 Feb 24  2020  sg_prevent*
-rwxr-xr-x  1 root   root       31400 Feb 24  2020  sg_raw*
-rwxr-xr-x  1 root   root       23112 Feb 24  2020  sg_rbuf*
-rwxr-xr-x  1 root   root       18600 Feb 24  2020  sg_rdac*
-rwxr-xr-x  1 root   root       26784 Feb 24  2020  sg_read*
-rwxr-xr-x  1 root   root       37352 Feb 24  2020  sg_read_attr*
-rwxr-xr-x  1 root   root       14728 Feb 24  2020  sg_read_block_limits*
-rwxr-xr-x  1 root   root       27464 Feb 24  2020  sg_read_buffer*
-rwxr-xr-x  1 root   root       14888 Feb 24  2020  sg_read_long*
-rwxr-xr-x  1 root   root       23176 Feb 24  2020  sg_readcap*
-rwxr-xr-x  1 root   root       14856 Feb 24  2020  sg_reassign*
-rwxr-xr-x  1 root   root       14856 Feb 24  2020  sg_referrals*
-rwxr-xr-x  1 root   root       27224 Feb 24  2020  sg_rep_zones*
-rwxr-xr-x  1 root   root       14920 Feb 24  2020  sg_requests*
-rwxr-xr-x  1 root   root       14856 Feb 24  2020  sg_reset*
-rwxr-xr-x  1 root   root       14792 Feb 24  2020  sg_reset_wp*
-rwxr-xr-x  1 root   root       14696 Feb 24  2020  sg_rmsn*
-rwxr-xr-x  1 root   root       14792 Feb 24  2020  sg_rtpg*
-rwxr-xr-x  1 root   root       23080 Feb 24  2020  sg_safte*
-rwxr-xr-x  1 root   root       27496 Feb 24  2020  sg_sanitize*
-rwxr-xr-x  1 root   root       23112 Feb 24  2020  sg_sat_identify*
-rwxr-xr-x  1 root   root       19304 Feb 24  2020  sg_sat_phy_event*
-rwxr-xr-x  1 root   root       19016 Feb 24  2020  sg_sat_read_gplog*
-rwxr-xr-x  1 root   root       18984 Feb 24  2020  sg_sat_set_features*
-rwxr-xr-x  1 root   root       18592 Feb 24  2020  sg_scan*
-rwxr-xr-x  1 root   root       19176 Feb 24  2020  sg_seek*
-rwxr-xr-x  1 root   root       27688 Feb 24  2020  sg_senddiag*
-rwxr-xr-x  1 root   root      122648 Feb 24  2020  sg_ses*
-rwxr-xr-x  1 root   root       31976 Feb 24  2020  sg_ses_microcode*
-rwxr-xr-x  1 root   root       19144 Feb 24  2020  sg_start*
-rwxr-xr-x  1 root   root       23112 Feb 24  2020  sg_stpg*
-rwxr-xr-x  1 root   root       23080 Feb 24  2020  sg_stream_ctl*
-rwxr-xr-x  1 root   root       14856 Feb 24  2020  sg_sync*
-rwxr-xr-x  1 root   root       14792 Feb 24  2020  sg_test_rwbuf*
-rwxr-xr-x  1 root   root       19128 Feb 24  2020  sg_timestamp*
-rwxr-xr-x  1 root   root       14856 Feb 24  2020  sg_turs*
-rwxr-xr-x  1 root   root       23144 Feb 24  2020  sg_unmap*
-rwxr-xr-x  1 root   root       19176 Feb 24  2020  sg_verify*
-rwxr-xr-x  1 root   root      116920 Feb 24  2020  sg_vpd*
-rwxr-xr-x  1 root   root       23112 Feb 24  2020  sg_wr_mode*
-rwxr-xr-x  1 root   root       27752 Feb 24  2020  sg_write_buffer*
-rwxr-xr-x  1 root   root       14952 Feb 24  2020  sg_write_long*
-rwxr-xr-x  1 root   root       27400 Feb 24  2020  sg_write_same*
-rwxr-xr-x  1 root   root       23176 Feb 24  2020  sg_write_verify*
-rwxr-xr-x  1 root   root       56776 Feb 24  2020  sg_write_x*
-rwxr-xr-x  1 root   root       43176 Feb 24  2020  sg_xcopy*
-rwxr-xr-x  1 root   root       15000 Feb 24  2020  sg_zone*
-rwxr-xr-x  1 root   root       73576 Feb 24  2020  sginfo*
-rwxr-xr-x  1 root   root       34976 Feb 24  2020  sgm_dd*
-rwxr-xr-x  1 root   root       43176 Feb 24  2020  sgp_dd*
lrwxrwxrwx  1 root   root           4 Nov 29 23:30  sh -> dash*
-rwxr-xr-x  1 root   root       51576 Sep  5  2019  sha1sum*
-rwxr-xr-x  1 root   root       59768 Sep  5  2019  sha224sum*
-rwxr-xr-x  1 root   root       59768 Sep  5  2019  sha256sum*
-rwxr-xr-x  1 root   root       67960 Sep  5  2019  sha384sum*
-rwxr-xr-x  1 root   root       67960 Sep  5  2019  sha512sum*
-rwxr-xr-x  1 root   root        9976 Oct 19  2020  shasum*
-rwxr-xr-x  1 root   root       18504 May  9  2019  showconsolefont*
-rwxr-xr-x  1 root   root       18504 May  9  2019  showkey*
-rwxr-xr-x  1 root   root       63864 Sep  5  2019  shred*
-rwxr-xr-x  1 root   root       59736 Sep  5  2019  shuf*
lrwxrwxrwx  1 root   root          21 Oct 20 11:09  size -> x86_64-linux-gnu-size*
-rwxr-xr-x  1 root   root       30952 Sep  9 12:59  skill*
-rwxr-xr-x  1 root   root       22768 Sep  9 12:59  slabtop*
-rwxr-xr-x  1 root   root       39256 Sep  5  2019  sleep*
lrwxrwxrwx  1 root   root           3 Jul 23 12:55  slogin -> ssh*
-rwxr-xr-x  1 root   root    22443760 Sep  9 14:34  snap*
lrwxrwxrwx  1 root   root          20 Sep  9 14:34  snapctl -> ../lib/snapd/snapctl*
-rwxr-xr-x  1 root   root       43304 Sep  9 14:34  snapfuse*
lrwxrwxrwx  1 root   root           5 Sep  9 12:59  snice -> skill*
-rwxr-xr-x  1 root   root       47624 Mar 21  2020  soelim*
-rwxr-xr-x  1 root   root      117376 Sep  5  2019  sort*
-rwxr-xr-x  1 root   root         596 Jun  8  2021  sos*
-rwxr-xr-x  1 root   root        1065 Jun  8  2021  sos-collector*
-rwxr-xr-x  1 root   root        1057 Jun  8  2021  sosreport*
-rwxr-xr-x  1 root   root        4309 Dec 16  2020  sotruss*
-rwxr-xr-x  1 root   root       19150 Oct 19  2020  splain*
-rwxr-xr-x  1 root   root       60184 Sep  5  2019  split*
-rwxr-xr-x  1 root   root       14328 May  9  2019  splitfont*
-rwxr-xr-x  1 root   root       35192 Dec 16  2020  sprof*
-rwxr-xr-x  1 root   root      168800 Feb 13  2020  ss*
-rwxr-xr-x  1 root   root      789448 Jul 23 12:55  ssh*
-rwxr-xr-x  1 root   root      370976 Jul 23 12:55  ssh-add*
-rwxr-sr-x  1 root   ssh       350504 Jul 23 12:55  ssh-agent*
-rwxr-xr-x  1 root   root        1455 Jul 23 12:55  ssh-argv0*
-rwxr-xr-x  1 root   root       10658 Feb 14  2020  ssh-copy-id*
-rwxr-xr-x  1 root   root         409 Feb 28  2020  ssh-import-id*
-rwxr-xr-x  1 root   root         785 Feb 28  2020  ssh-import-id-gh*
-rwxr-xr-x  1 root   root         785 Feb 28  2020  ssh-import-id-lp*
-rwxr-xr-x  1 root   root      477488 Jul 23 12:55  ssh-keygen*
-rwxr-xr-x  1 root   root      465208 Jul 23 12:55  ssh-keyscan*
-rwxr-xr-x  1 root   root       88440 Sep  5  2019  stat*
lrwxrwxrwx  1 root   root           7 Nov 11  2020  static-sh -> busybox*
-rwxr-xr-x  1 root   root       51544 Sep  5  2019  stdbuf*
-rwxr-xr-x  1 root   root     1583592 Apr 16  2020  strace*
-rwxr-xr-x  1 root   root        1821 Mar 18  2019  strace-log-merge*
lrwxrwxrwx  1 root   root          24 Oct 20 11:09  strings -> x86_64-linux-gnu-strings*
lrwxrwxrwx  1 root   root          22 Oct 20 11:09  strip -> x86_64-linux-gnu-strip*
-rwxr-xr-x  1 root   root       84344 Sep  5  2019  stty*
-rwsr-xr-x  1 root   root       67816 Jul 21  2020  su*
-rwsr-xr-x  1 root   root      166056 Jan 19  2021  sudo*
lrwxrwxrwx  1 root   root           4 Jan 19  2021  sudoedit -> sudo*
-rwxr-xr-x  1 root   root       64512 Jan 19  2021  sudoreplay*
-rwxr-xr-x  1 root   root       47456 Sep  5  2019  sum*
-rwxr-xr-x  1 root   root      125984 Jan  6  2021  symcryptrun*
-rwxr-xr-x  1 root   root       39256 Sep  5  2019  sync*
-rwxr-xr-x  1 root   root      996584 Sep  7 18:37  systemctl*
lrwxrwxrwx  1 root   root          20 Sep  7 18:37  systemd -> /lib/systemd/systemd*
-rwxr-xr-x  1 root   root     1587584 Sep  7 18:37  systemd-analyze*
-rwxr-xr-x  1 root   root       14680 Sep  7 18:37  systemd-ask-password*
-rwxr-xr-x  1 root   root       18664 Sep  7 18:37  systemd-cat*
-rwxr-xr-x  1 root   root       22864 Sep  7 18:37  systemd-cgls*
-rwxr-xr-x  1 root   root       39160 Sep  7 18:37  systemd-cgtop*
-rwxr-xr-x  1 root   root       26848 Sep  7 18:37  systemd-delta*
-rwxr-xr-x  1 root   root       18656 Sep  7 18:37  systemd-detect-virt*
-rwxr-xr-x  1 root   root       22752 Sep  7 18:37  systemd-escape*
-rwxr-xr-x  1 root   root      109072 Sep  7 18:37  systemd-hwdb*
-rwxr-xr-x  1 root   root       22752 Sep  7 18:37  systemd-id128*
-rwxr-xr-x  1 root   root       22776 Sep  7 18:37  systemd-inhibit*
-rwxr-xr-x  1 root   root       26952 Sep  7 18:37  systemd-machine-id-setup*
-rwxr-xr-x  1 root   root       51664 Sep  7 18:37  systemd-mount*
-rwxr-xr-x  1 root   root       18664 Sep  7 18:37  systemd-notify*
-rwxr-xr-x  1 root   root       18656 Sep  7 18:37  systemd-path*
lrwxrwxrwx  1 root   root          10 Sep  7 18:37  systemd-resolve -> resolvectl*
-rwxr-xr-x  1 root   root       59824 Sep  7 18:37  systemd-run*
-rwxr-xr-x  1 root   root       26848 Sep  7 18:37  systemd-socket-activate*
-rwxr-xr-x  1 root   root       22760 Sep  7 18:37  systemd-stdio-bridge*
-rwxr-xr-x  1 root   root       55824 Sep  7 18:37  systemd-sysusers*
-rwxr-xr-x  1 root   root       88480 Sep  7 18:37  systemd-tmpfiles*
-rwxr-xr-x  1 root   root       30944 Sep  7 18:37  systemd-tty-ask-password-agent*
lrwxrwxrwx  1 root   root          13 Sep  7 18:37  systemd-umount -> systemd-mount*
-rwxr-xr-x  1 root   root       18744 Feb 26  2020  tabs*
-rwxr-xr-x  1 root   root       43352 Sep  5  2019  tac*
-rwxr-xr-x  1 root   root       72088 Sep  5  2019  tail*
-rwxr-xr-x  1 root   root      448112 Dec 16  2020  tar*
-rwxr-xr-x  1 root   root       35048 Jul 21  2020  taskset*
-rwxr-xr-x  1 root   root      141832 Mar 21  2020  tbl*
-rwxr-xr-x  1 root   root       43384 Sep  5  2019  tee*
lrwxrwxrwx  1 root   root          24 Nov 29 23:32  telnet -> /etc/alternatives/telnet*
-rwxr-xr-x  1 root   root      115376 Mar 23  2020  telnet.netkit*
-rwxr-xr-x  1 root   root       14360 Dec  7  2019  tempfile*
-rwxr-xr-x  1 root   root       55640 Sep  5  2019  test*
-rwxr-xr-x  1 root   root       92584 Feb 26  2020  tic*
-rwxr-xr-x  1 root   root       14720 Apr 21  2017  time*
-rwxr-xr-x  1 root   root       47328 Sep  7 18:37  timedatectl*
-rwxr-xr-x  1 root   root       43800 Sep  5  2019  timeout*
-rwxr-xr-x  1 root   root         386 Feb 17  2021  tkconch3*
-rwxr-xr-x  1 root   root       22776 Sep  9 12:59  tload*
-rwxr-xr-x  1 root   root      692192 Apr 22  2021  tmux*
-rwxr-xr-x  1 root   root       22840 Feb 26  2020  toe*
-rwxr-xr-x  1 root   root      129072 Sep  9 12:59  top*
-rwxr-xr-x  1 root   root      100728 Sep  5  2019  touch*
-rwxr-xr-x  1 root   root       26968 Feb 26  2020  tput*
-rwxr-xr-x  1 root   root       51544 Sep  5  2019  tr*
-rwxr-xr-x  1 root   root       18584 Jan 30  2020  tracepath*
lrwxrwxrwx  1 root   root          29 Nov 29 23:32  traceroute6 -> /etc/alternatives/traceroute6*
-rwxr-xr-x  1 root   root       26776 Jan 30  2020  traceroute6.iputils*
-rwxr-xr-x  1 root   root         382 Feb 17  2021  trial3*
-rwxr-xr-x  1 root   root      753568 Mar 21  2020  troff*
-rwxr-xr-x  1 root   root       39256 Sep  5  2019  true*
-rwxr-xr-x  1 root   root       43352 Sep  5  2019  truncate*
-rwxr-xr-x  1 root   root       31040 Feb 26  2020  tset*
-rwxr-xr-x  1 root   root       43352 Sep  5  2019  tsort*
-rwxr-xr-x  1 root   root       39256 Sep  5  2019  tty*
-rwxr-xr-x  1 root   root         382 Feb 17  2021  twist3*
-rwxr-xr-x  1 root   root         384 Feb 17  2021  twistd3*
-rwxr-xr-x  1 root   root       15378 Dec 16  2020  tzselect*
lrwxrwxrwx  1 root   root          16 Nov 11 20:57  ua -> ubuntu-advantage*
-rwxr-xr-x  1 root   root         442 Nov 11 20:57  ubuntu-advantage*
lrwxrwxrwx  1 root   root          10 Oct 18 11:48  ubuntu-bug -> apport-bug*
lrwxrwxrwx  1 root   root          25 Sep  9 14:34  ubuntu-core-launcher -> ../lib/snapd/snap-confine*
-rwxr-xr-x  1 root   root       23440 Feb 13  2020  ubuntu-distro-info*
-rwxr-xr-x  1 root   root       23594 Sep  3 22:17  ubuntu-security-status*
-rwxr-xr-x  1 root   root       40685 Dec 14  2018  ucf*
-rwxr-xr-x  1 root   root       19367 Dec 14  2018  ucfq*
-rwxr-xr-x  1 root   root       10722 Dec 14  2018  ucfr*
-rwxr-xr-x  1 root   root      941264 Sep  7 18:37  udevadm*
-rwxr-xr-x  1 root   root       59776 Sep  6 03:01  udisksctl*
-rwxr-xr-x  1 root   root       18600 Mar 30  2020  ul*
-rwsr-xr-x  1 root   root       39144 Jul 21  2020  umount*
-rwxr-xr-x  1 root   root       39288 Sep  5  2019  uname*
-rwxr-xr-x  1 root   root       99313 Jul 21  2020  unattended-upgrade*
lrwxrwxrwx  1 root   root          18 Jul 21  2020  unattended-upgrades -> unattended-upgrade*
-rwxr-xr-x  2 root   root        2346 Dec 13  2019  uncompress*
-rwxr-xr-x  1 root   root       43384 Sep  5  2019  unexpand*
-rwxr-xr-x  1 root   root        2762 May  9  2019  unicode_start*
-rwxr-xr-x  1 root   root         530 May  9  2019  unicode_stop*
-rwxr-xr-x  1 root   root       51576 Sep  5  2019  uniq*
-rwxr-xr-x  1 root   root       39256 Sep  5  2019  unlink*
lrwxrwxrwx  1 root   root           3 May 20  2021  unlz4 -> lz4*
lrwxrwxrwx  1 root   root          24 Nov 29 23:31  unlzma -> /etc/alternatives/unlzma*
-rwxr-xr-x  1 root   root        3676 Jun 18  2021  unmkinitramfs*
-rwxr-xr-x  1 root   root       43448 Jul 21  2020  unshare*
-rwxr-xr-x  1 root   root      114808 Oct 12 00:36  unsquashfs*
lrwxrwxrwx  1 root   root           2 Apr 20  2020  unxz -> xz*
-rwxr-xr-x  1 root   root       55712 Mar 23  2020  update-alternatives*
-rwxr-xr-x  1 root   root        1174 Sep 10  2020  update-microcode-initrd*
-rwxr-xr-x  1 root   root       59768 Mar 24  2020  update-mime-database*
-rwxr-xr-x  1 root   root       14568 Sep  9 12:59  uptime*
-rwxr-xr-x  1 root   root        4100 Oct  1  2019  usb-devices*
-rwxr-xr-x  1 root   root       31112 Oct  1  2019  usbhid-dump*
-rwxr-xr-x  1 root   root       14640 Oct  1  2019  usbreset*
-rwxr-xr-x  1 root   root       39256 Sep  5  2019  users*
-rwxr-xr-x  1 root   root       30952 Jul 21  2020  utmpdump*
-rwxr-xr-x  1 root   root       14568 Jul 21  2020  uuidgen*
-rwxr-xr-x  1 root   root       39144 Jul 21  2020  uuidparse*
-rwxr-xr-x  1 root   root        6912 Feb 25  2020  vcs-run*
-rwxr-xr-x  1 root   root      142144 Sep  5  2019  vdir*
lrwxrwxrwx  1 root   root          20 Nov 29 23:31  vi -> /etc/alternatives/vi*
lrwxrwxrwx  1 root   root          22 Nov 29 23:31  view -> /etc/alternatives/view*
-rwxr-xr-x  1 root   root        2640 Feb 17  2020  vigpg*
lrwxrwxrwx  1 root   root          21 Nov 29 23:32  vim -> /etc/alternatives/vim*
-rwxr-xr-x  1 root   root     2906824 Nov  8 14:21  vim.basic*
-rwxr-xr-x  1 root   root     1349848 Nov  8 14:21  vim.tiny*
lrwxrwxrwx  1 root   root          25 Nov 29 23:32  vimdiff -> /etc/alternatives/vimdiff*
-rwxr-xr-x  1 root   root        2121 Nov  8 14:21  vimtutor*
-rwxr-xr-x  1 root   root       51856 Mar  9  2020  vmhgfs-fuse*
-rwxr-xr-x  1 root   root       39168 Sep  9 12:59  vmstat*
-rwxr-xr-x  1 root   root       63904 Mar  9  2020  vmtoolsd*
-rwxr-xr-x  1 root   root       14560 Mar  9  2020  vmware-checkvm*
-rwxr-xr-x  1 root   root       14560 Mar  9  2020  vmware-hgfsclient*
-rwxr-xr-x  1 root   root       22680 Mar  9  2020  vmware-namespace-cmd*
-rwxr-xr-x  1 root   root       18584 Mar  9  2020  vmware-rpctool*
-rwxr-xr-x  1 root   root       47552 Mar  9  2020  vmware-toolbox-cmd*
-rwxr-xr-x  1 root   root       18584 Mar  9  2020  vmware-vgauth-cmd*
-rwxr-xr-x  1 root   root       22696 Mar  9  2020  vmware-vgauth-smoketest*
-rwxr-xr-x  1 root   root       23104 Mar  9  2020  vmware-vmblock-fuse*
-rwxr-xr-x  1 root   root       14560 Mar  9  2020  vmware-xferlogs*
-rwxr-xr-x  1 root   root       14488 Jul  8  2019  volname*
lrwxrwxrwx  1 root   root          19 Nov 29 23:30  w -> /etc/alternatives/w*
-rwxr-xr-x  1 root   root       22760 Sep  9 12:59  w.procps*
-rwxr-sr-x  1 root   tty        35048 Jul 21  2020  wall*
-rwxr-xr-x  1 root   root       27208 Sep  9 12:59  watch*
-rwxr-xr-x  1 root   root       18744 Jan  6  2021  watchgnupg*
-rwxr-xr-x  1 root   root       47456 Sep  5  2019  wc*
-rwxr-xr-x  1 root   root       35048 Jul 21  2020  wdctl*
-rwxr-xr-x  1 root   root      544472 Nov 12 17:09  wget*
-rwxr-xr-x  1 root   root       56536 Feb 25  2020  whatis*
-rwxr-xr-x  1 root   root       35496 Jul 21  2020  whereis*
-rwxr-xr-x  1 root   root         946 Dec  7  2019  which*
-rwxr-xr-x  1 root   root       34984 Feb 18  2020  whiptail*
-rwxr-xr-x  1 root   root       59768 Sep  5  2019  who*
-rwxr-xr-x  1 root   root       39256 Sep  5  2019  whoami*
-rwxr-xr-x  1 root   root        2107 Feb 17  2020  wifi-status*
lrwxrwxrwx  1 root   root          23 Nov 29 23:32  write -> /etc/alternatives/write*
lrwxrwxrwx  1 root   root           7 Jul 21  2020  x86_64 -> setarch*
-rwxr-xr-x  1 root   root       35536 Oct 20 11:09  x86_64-linux-gnu-addr2line*
-rwxr-xr-x  1 root   root       68024 Oct 20 11:09  x86_64-linux-gnu-ar*
-rwxr-xr-x  1 root   root      696624 Oct 20 11:09  x86_64-linux-gnu-as*
-rwxr-xr-x  1 root   root       30992 Oct 20 11:09  x86_64-linux-gnu-c++filt*
lrwxrwxrwx  1 root   root           5 Mar 20  2020  x86_64-linux-gnu-cpp -> cpp-9*
-rwxr-xr-x  1 root   root     1158288 Aug  8  2020  x86_64-linux-gnu-cpp-9*
-rwxr-xr-x  1 root   root     2046584 Oct 20 11:09  x86_64-linux-gnu-dwp*
-rwxr-xr-x  1 root   root       43696 Oct 20 11:09  x86_64-linux-gnu-elfedit*
lrwxrwxrwx  1 root   root           5 Mar 20  2020  x86_64-linux-gnu-g++ -> g++-9*
-rwxr-xr-x  1 root   root     1158288 Aug  8  2020  x86_64-linux-gnu-g++-9*
lrwxrwxrwx  1 root   root           5 Mar 20  2020  x86_64-linux-gnu-gcc -> gcc-9*
-rwxr-xr-x  1 root   root     1154192 Aug  8  2020  x86_64-linux-gnu-gcc-9*
lrwxrwxrwx  1 root   root           8 Mar 20  2020  x86_64-linux-gnu-gcc-ar -> gcc-ar-9*
-rwxr-xr-x  1 root   root       35464 Aug  8  2020  x86_64-linux-gnu-gcc-ar-9*
lrwxrwxrwx  1 root   root           8 Mar 20  2020  x86_64-linux-gnu-gcc-nm -> gcc-nm-9*
-rwxr-xr-x  1 root   root       35464 Aug  8  2020  x86_64-linux-gnu-gcc-nm-9*
lrwxrwxrwx  1 root   root          12 Mar 20  2020  x86_64-linux-gnu-gcc-ranlib -> gcc-ranlib-9*
-rwxr-xr-x  1 root   root       35464 Aug  8  2020  x86_64-linux-gnu-gcc-ranlib-9*
lrwxrwxrwx  1 root   root           6 Mar 20  2020  x86_64-linux-gnu-gcov -> gcov-9*
-rwxr-xr-x  1 root   root      671984 Aug  8  2020  x86_64-linux-gnu-gcov-9*
lrwxrwxrwx  1 root   root          11 Mar 20  2020  x86_64-linux-gnu-gcov-dump -> gcov-dump-9*
-rwxr-xr-x  1 root   root      536712 Aug  8  2020  x86_64-linux-gnu-gcov-dump-9*
lrwxrwxrwx  1 root   root          11 Mar 20  2020  x86_64-linux-gnu-gcov-tool -> gcov-tool-9*
-rwxr-xr-x  1 root   root      557256 Aug  8  2020  x86_64-linux-gnu-gcov-tool-9*
lrwxrwxrwx  1 root   root          24 Oct 20 11:09  x86_64-linux-gnu-gold -> x86_64-linux-gnu-ld.gold*
-rwxr-xr-x  1 root   root      102280 Oct 20 11:09  x86_64-linux-gnu-gprof*
lrwxrwxrwx  1 root   root          23 Oct 20 11:09  x86_64-linux-gnu-ld -> x86_64-linux-gnu-ld.bfd*
-rwxr-xr-x  1 root   root     1740384 Oct 20 11:09  x86_64-linux-gnu-ld.bfd*
-rwxr-xr-x  1 root   root     2312584 Oct 20 11:09  x86_64-linux-gnu-ld.gold*
-rwxr-xr-x  1 root   root       52664 Oct 20 11:09  x86_64-linux-gnu-nm*
-rwxr-xr-x  1 root   root      186856 Oct 20 11:09  x86_64-linux-gnu-objcopy*
-rwxr-xr-x  1 root   root      402256 Oct 20 11:09  x86_64-linux-gnu-objdump*
lrwxrwxrwx  1 root   root          33 Mar 13  2020  x86_64-linux-gnu-python3-config -> x86_64-linux-gnu-python3.8-config*
-rwxr-xr-x  1 root   root        3241 Nov 26 20:14  x86_64-linux-gnu-python3.8-config*
-rwxr-xr-x  1 root   root       68056 Oct 20 11:09  x86_64-linux-gnu-ranlib*
-rwxr-xr-x  1 root   root      658360 Oct 20 11:09  x86_64-linux-gnu-readelf*
-rwxr-xr-x  1 root   root       35280 Oct 20 11:09  x86_64-linux-gnu-size*
-rwxr-xr-x  1 root   root       35488 Oct 20 11:09  x86_64-linux-gnu-strings*
-rwxr-xr-x  1 root   root      186856 Oct 20 11:09  x86_64-linux-gnu-strip*
-rwxr-xr-x  1 root   root       76152 Feb 18  2020  xargs*
-rwxr-xr-x  1 root   root       56288 Aug 25  2019  xauth*
-rwxr-xr-x  1 root   root         234 Jan 24  2019  xdg-user-dir*
-rwxr-xr-x  1 root   root       26696 Jan 24  2019  xdg-user-dirs-update*
-rwxr-xr-x  1 root   root        5164 Oct 19  2020  xsubpp*
-rwxr-xr-x  1 root   root       18712 Nov  8 14:21  xxd*
-rwxr-xr-x  1 root   root       80384 Apr 20  2020  xz*
lrwxrwxrwx  1 root   root           2 Apr 20  2020  xzcat -> xz*
lrwxrwxrwx  1 root   root           6 Apr 20  2020  xzcmp -> xzdiff*
-rwxr-xr-x  1 root   root        6632 Apr 20  2020  xzdiff*
lrwxrwxrwx  1 root   root           6 Apr 20  2020  xzegrep -> xzgrep*
lrwxrwxrwx  1 root   root           6 Apr 20  2020  xzfgrep -> xzgrep*
-rwxr-xr-x  1 root   root        5628 Apr 20  2020  xzgrep*
-rwxr-xr-x  1 root   root        1802 Apr 20  2020  xzless*
-rwxr-xr-x  1 root   root        2161 Apr 20  2020  xzmore*
-rwxr-xr-x  1 root   root       39256 Sep  5  2019  yes*
lrwxrwxrwx  1 root   root           8 Nov  7  2019  ypdomainname -> hostname*
-rwxr-xr-x  1 root   root        1984 Dec 13  2019  zcat*
-rwxr-xr-x  1 root   root        1678 Dec 13  2019  zcmp*
-rwxr-xr-x  1 root   root        5880 Dec 13  2019  zdiff*
-rwxr-xr-x  1 root   root       26840 Dec 16  2020  zdump*
-rwxr-xr-x  1 root   root          29 Dec 13  2019  zegrep*
-rwxr-xr-x  1 root   root          29 Dec 13  2019  zfgrep*
-rwxr-xr-x  1 root   root        2081 Dec 13  2019  zforce*
-rwxr-xr-x  1 root   root        7585 Dec 13  2019  zgrep*
-rwxr-xr-x  1 root   root       50718 Oct 19  2020  zipdetails*
-rwxr-xr-x  1 root   root        2206 Dec 13  2019  zless*
-rwxr-xr-x  1 root   root        1842 Dec 13  2019  zmore*
-rwxr-xr-x  1 root   root        4553 Dec 13  2019  znew*
ubuntu@ip-172-31-42-44:/usr/bin$ ls | grep pip
lesspipe
pip
pip3
ubuntu@ip-172-31-42-44:/usr/bin$
ubuntu@ip-172-31-42-44:/usr/bin$
ubuntu@ip-172-31-42-44:/usr/bin$ ls | grep python
python3
python3-config
python3.8
python3.8-config
x86_64-linux-gnu-python3-config
x86_64-linux-gnu-python3.8-config
ubuntu@ip-172-31-42-44:/usr/bin$
ubuntu@ip-172-31-42-44:/usr/bin$
ubuntu@ip-172-31-42-44:/usr/bin$ ls | grep gunicorn
ubuntu@ip-172-31-42-44:/usr/bin$
ubuntu@ip-172-31-42-44:/usr/bin$ pip list | grep gunicorn
gunicorn               20.0.4
ubuntu@ip-172-31-42-44:/usr/bin$ pip install gunicorn
Requirement already satisfied: gunicorn in /usr/lib/python3/dist-packages (20.0.4)
ubuntu@ip-172-31-42-44:/usr/bin$ cd -
/home/ubuntu/flask
ubuntu@ip-172-31-42-44:~/flask$ ll
total 16
drwxrwxr-x 3 ubuntu ubuntu 4096 Jan  2 18:23 ./
drwxr-xr-x 6 ubuntu ubuntu 4096 Jan  2 18:23 ../
drwxr-xr-x 2 root   root   4096 Jan  2 16:10 __pycache__/
-rw-rw-r-- 1 ubuntu ubuntu  183 Jan  2 16:10 app.py
ubuntu@ip-172-31-42-44:~/flask$ whereis python
python: /usr/bin/python3.8-config /usr/bin/python3.8 /usr/lib/python3.8 /usr/lib/python2.7 /usr/lib/python3.9 /etc/python3.8 /usr/local   /lib/python3.8 /usr/include/python3.8
ubuntu@ip-172-31-42-44:~/flask$ gunicorn app:app

Command 'gunicorn' not found, but can be installed with:

sudo apt install gunicorn

ubuntu@ip-172-31-42-44:~/flask$ sudo apt install gunicorn
Reading package lists... Done
Building dependency tree
Reading state information... Done
Suggested packages:
  python3-pastedeploy python3-setproctitle python3-tornado
The following NEW packages will be installed:
  gunicorn
0 upgraded, 1 newly installed, 0 to remove and 11 not upgraded.
Need to get 11.8 kB of archives.
After this operation, 33.8 kB of additional disk space will be used.
Get:1 http://ap-south-1.ec2.archive.ubuntu.com/ubuntu focal/universe amd64 gunicorn all 20.0.4-3 [11.8 kB]
Fetched 11.8 kB in 0s (41.9 kB/s)
Selecting previously unselected package gunicorn.
(Reading database ... 71188 files and directories currently installed.)
Preparing to unpack .../gunicorn_20.0.4-3_all.deb ...
Unpacking gunicorn (20.0.4-3) ...
Setting up gunicorn (20.0.4-3) ...
Processing triggers for man-db (2.9.1-1) ...
ubuntu@ip-172-31-42-44:~/flask$
ubuntu@ip-172-31-42-44:~/flask$ sudo apt-get install gunicorn
Reading package lists... Done
Building dependency tree
Reading state information... Done
gunicorn is already the newest version (20.0.4-3).
0 upgraded, 0 newly installed, 0 to remove and 11 not upgraded.
ubuntu@ip-172-31-42-44:~/flask$
ubuntu@ip-172-31-42-44:~/flask$
ubuntu@ip-172-31-42-44:~/flask$
ubuntu@ip-172-31-42-44:~/flask$ gunicorn
gunicorn   gunicorn3
ubuntu@ip-172-31-42-44:~/flask$ gunicorn
gunicorn   gunicorn3
ubuntu@ip-172-31-42-44:~/flask$ gunicorn
gunicorn   gunicorn3
ubuntu@ip-172-31-42-44:~/flask$ gunicorn3 app:app
[2022-01-02 20:39:40 +0000] [13299] [INFO] Starting gunicorn 20.0.4
[2022-01-02 20:39:40 +0000] [13299] [INFO] Listening at: http://127.0.0.1:8000 (13299)
[2022-01-02 20:39:40 +0000] [13299] [INFO] Using worker: sync
[2022-01-02 20:39:40 +0000] [13301] [INFO] Booting worker with pid: 13301
^C[2022-01-02 20:49:52 +0000] [13299] [INFO] Handling signal: int
[2022-01-02 20:49:52 +0000] [13301] [INFO] Worker exiting (pid: 13301)
[2022-01-02 20:49:53 +0000] [13299] [INFO] Shutting down: Master
ubuntu@ip-172-31-42-44:~/flask$
ubuntu@ip-172-31-42-44:~/flask$
ubuntu@ip-172-31-42-44:~/flask$
ubuntu@ip-172-31-42-44:~/flask$ gunicorn3 app:app
[2022-01-02 20:50:09 +0000] [13497] [INFO] Starting gunicorn 20.0.4
[2022-01-02 20:50:09 +0000] [13497] [INFO] Listening at: http://127.0.0.1:8000 (13497)
[2022-01-02 20:50:09 +0000] [13497] [INFO] Using worker: sync
[2022-01-02 20:50:09 +0000] [13499] [INFO] Booting worker with pid: 13499
^C[2022-01-02 20:56:33 +0000] [13497] [INFO] Handling signal: int
[2022-01-02 20:56:33 +0000] [13499] [INFO] Worker exiting (pid: 13499)
[2022-01-02 20:56:33 +0000] [13497] [INFO] Shutting down: Master
ubuntu@ip-172-31-42-44:~/flask$
ubuntu@ip-172-31-42-44:~/flask$ gunicorn3 app:app
[2022-01-02 20:57:35 +0000] [13553] [INFO] Starting gunicorn 20.0.4
[2022-01-02 20:57:35 +0000] [13553] [INFO] Listening at: http://127.0.0.1:8000 (13553)
[2022-01-02 20:57:35 +0000] [13553] [INFO] Using worker: sync
[2022-01-02 20:57:35 +0000] [13555] [INFO] Booting worker with pid: 13555
^C[2022-01-02 21:00:52 +0000] [13553] [INFO] Handling signal: int
[2022-01-02 21:00:52 +0000] [13555] [INFO] Worker exiting (pid: 13555)
[2022-01-02 21:00:53 +0000] [13553] [INFO] Shutting down: Master
ubuntu@ip-172-31-42-44:~/flask$
ubuntu@ip-172-31-42-44:~/flask$ gunicorn3 app:app
[2022-01-02 21:01:49 +0000] [13591] [INFO] Starting gunicorn 20.0.4
[2022-01-02 21:01:49 +0000] [13591] [INFO] Listening at: http://127.0.0.1:8000 (13591)
[2022-01-02 21:01:49 +0000] [13591] [INFO] Using worker: sync
[2022-01-02 21:01:49 +0000] [13594] [INFO] Booting worker with pid: 13594
^C[2022-01-02 21:07:53 +0000] [13591] [INFO] Handling signal: int
[2022-01-02 21:07:54 +0000] [13594] [INFO] Worker exiting (pid: 13594)
[2022-01-02 21:07:54 +0000] [13591] [INFO] Shutting down: Master
ubuntu@ip-172-31-42-44:~/flask$ gunicorn3 app:app
[2022-01-02 21:09:10 +0000] [13641] [INFO] Starting gunicorn 20.0.4
[2022-01-02 21:09:10 +0000] [13641] [INFO] Listening at: http://127.0.0.1:8000 (13641)
[2022-01-02 21:09:10 +0000] [13641] [INFO] Using worker: sync
[2022-01-02 21:09:10 +0000] [13643] [INFO] Booting worker with pid: 13643
[2022-01-02 22:33:41 +0000] [13641] [INFO] Handling signal: winch
^C[2022-01-02 22:34:03 +0000] [13641] [INFO] Handling signal: int
[2022-01-02 22:34:03 +0000] [13643] [INFO] Worker exiting (pid: 13643)
[2022-01-02 22:34:04 +0000] [13641] [INFO] Shutting down: Master
ubuntu@ip-172-31-42-44:~/flask$
ubuntu@ip-172-31-42-44:~/flask$
ubuntu@ip-172-31-42-44:~/flask$ gunicorn3 app:app
[2022-01-02 22:34:28 +0000] [14419] [INFO] Starting gunicorn 20.0.4
[2022-01-02 22:34:28 +0000] [14419] [INFO] Listening at: http://127.0.0.1:8000 (14419)
[2022-01-02 22:34:28 +0000] [14419] [INFO] Using worker: sync
[2022-01-02 22:34:28 +0000] [14421] [INFO] Booting worker with pid: 14421
^C[2022-01-02 22:37:26 +0000] [14419] [INFO] Handling signal: int
[2022-01-02 22:37:26 +0000] [14421] [INFO] Worker exiting (pid: 14421)
[2022-01-02 22:37:26 +0000] [14419] [INFO] Shutting down: Master
ubuntu@ip-172-31-42-44:~/flask$
ubuntu@ip-172-31-42-44:~/flask$
ubuntu@ip-172-31-42-44:~/flask$ gunicorn3 app:app
[2022-01-02 22:38:42 +0000] [14459] [INFO] Starting gunicorn 20.0.4
[2022-01-02 22:38:42 +0000] [14459] [INFO] Listening at: http://127.0.0.1:8000 (14459)
[2022-01-02 22:38:42 +0000] [14459] [INFO] Using worker: sync
[2022-01-02 22:38:42 +0000] [14461] [INFO] Booting worker with pid: 14461
