Using username "ubuntu".
Authenticating with public key "imported-openssh-key"
Welcome to Ubuntu 20.04.3 LTS (GNU/Linux 5.11.0-1022-aws x86_64)

 * Documentation:  https://help.ubuntu.com
 * Management:     https://landscape.canonical.com
 * Support:        https://ubuntu.com/advantage

  System information as of Sun Jan  2 15:39:42 UTC 2022

  System load:  0.0               Processes:             100
  Usage of /:   18.5% of 7.69GB   Users logged in:       0
  Memory usage: 21%               IPv4 address for eth0: 172.31.42.44
  Swap usage:   0%


1 update can be applied immediately.
To see these additional updates run: apt list --upgradable


The list of available updates is more than a week old.
To check for new updates run: sudo apt update

Last login: Sun Jan  2 15:38:02 2022 from 103.145.229.158
To run a command as administrator (user "root"), use "sudo <command>".
See "man sudo_root" for details.

ubuntu@ip-172-31-42-44:~$
ubuntu@ip-172-31-42-44:~$
ubuntu@ip-172-31-42-44:~$
ubuntu@ip-172-31-42-44:~$ sudo apt-get update
Hit:1 http://ap-south-1.ec2.archive.ubuntu.com/ubuntu focal InRelease
Get:2 http://ap-south-1.ec2.archive.ubuntu.com/ubuntu focal-updates InRelease [114 kB]
Get:3 http://security.ubuntu.com/ubuntu focal-security InRelease [114 kB]
Get:4 http://ap-south-1.ec2.archive.ubuntu.com/ubuntu focal-backports InRelease [108 kB]
Get:5 http://ap-south-1.ec2.archive.ubuntu.com/ubuntu focal/universe amd64 Packages [8628 kB]
Get:6 http://security.ubuntu.com/ubuntu focal-security/main amd64 Packages [1069 kB]
Get:7 http://ap-south-1.ec2.archive.ubuntu.com/ubuntu focal/universe Translation-en [5124 kB]
Get:8 http://security.ubuntu.com/ubuntu focal-security/main Translation-en [197 kB]
Get:9 http://security.ubuntu.com/ubuntu focal-security/main amd64 c-n-f Metadata [9096 B]
Get:10 http://security.ubuntu.com/ubuntu focal-security/restricted amd64 Packages [566 kB]
Get:11 http://ap-south-1.ec2.archive.ubuntu.com/ubuntu focal/universe amd64 c-n-f Metadata [265 kB]
Get:12 http://ap-south-1.ec2.archive.ubuntu.com/ubuntu focal/multiverse amd64 Packages [144 kB]
Get:13 http://ap-south-1.ec2.archive.ubuntu.com/ubuntu focal/multiverse Translation-en [104 kB]
Get:14 http://ap-south-1.ec2.archive.ubuntu.com/ubuntu focal/multiverse amd64 c-n-f Metadata [9136 B]
Get:15 http://security.ubuntu.com/ubuntu focal-security/restricted Translation-en [80.9 kB]
Get:16 http://ap-south-1.ec2.archive.ubuntu.com/ubuntu focal-updates/main amd64 Packages [1400 kB]
Get:17 http://security.ubuntu.com/ubuntu focal-security/universe amd64 Packages [668 kB]
Get:18 http://ap-south-1.ec2.archive.ubuntu.com/ubuntu focal-updates/main Translation-en [283 kB]
Get:19 http://ap-south-1.ec2.archive.ubuntu.com/ubuntu focal-updates/main amd64 c-n-f Metadata [14.7 kB]
Get:20 http://ap-south-1.ec2.archive.ubuntu.com/ubuntu focal-updates/restricted amd64 Packages [616 kB]
Get:21 http://ap-south-1.ec2.archive.ubuntu.com/ubuntu focal-updates/restricted Translation-en [88.1 kB]
Get:22 http://ap-south-1.ec2.archive.ubuntu.com/ubuntu focal-updates/universe amd64 Packages [884 kB]
Get:23 http://security.ubuntu.com/ubuntu focal-security/universe Translation-en [112 kB]
Get:24 http://security.ubuntu.com/ubuntu focal-security/universe amd64 c-n-f Metadata [13.0 kB]
Get:25 http://security.ubuntu.com/ubuntu focal-security/multiverse amd64 Packages [21.9 kB]
Get:26 http://security.ubuntu.com/ubuntu focal-security/multiverse Translation-en [4948 B]
Get:27 http://security.ubuntu.com/ubuntu focal-security/multiverse amd64 c-n-f Metadata [540 B]
Get:28 http://ap-south-1.ec2.archive.ubuntu.com/ubuntu focal-updates/universe Translation-en [193 kB]
Get:29 http://ap-south-1.ec2.archive.ubuntu.com/ubuntu focal-updates/universe amd64 c-n-f Metadata [19.9 kB]
Get:30 http://ap-south-1.ec2.archive.ubuntu.com/ubuntu focal-updates/multiverse amd64 Packages [24.8 kB]
Get:31 http://ap-south-1.ec2.archive.ubuntu.com/ubuntu focal-updates/multiverse Translation-en [6928 B]
Get:32 http://ap-south-1.ec2.archive.ubuntu.com/ubuntu focal-updates/multiverse amd64 c-n-f Metadata [616 B]
Get:33 http://ap-south-1.ec2.archive.ubuntu.com/ubuntu focal-backports/main amd64 Packages [42.0 kB]
Get:34 http://ap-south-1.ec2.archive.ubuntu.com/ubuntu focal-backports/main Translation-en [10.0 kB]
Get:35 http://ap-south-1.ec2.archive.ubuntu.com/ubuntu focal-backports/main amd64 c-n-f Metadata [864 B]
Get:36 http://ap-south-1.ec2.archive.ubuntu.com/ubuntu focal-backports/restricted amd64 c-n-f Metadata [116 B]
Get:37 http://ap-south-1.ec2.archive.ubuntu.com/ubuntu focal-backports/universe amd64 Packages [18.9 kB]
Get:38 http://ap-south-1.ec2.archive.ubuntu.com/ubuntu focal-backports/universe Translation-en [7492 B]
Get:39 http://ap-south-1.ec2.archive.ubuntu.com/ubuntu focal-backports/universe amd64 c-n-f Metadata [636 B]
Get:40 http://ap-south-1.ec2.archive.ubuntu.com/ubuntu focal-backports/multiverse amd64 c-n-f Metadata [116 B]
Fetched 21.0 MB in 6s (3680 kB/s)
Reading package lists... Done
ubuntu@ip-172-31-42-44:~$
ubuntu@ip-172-31-42-44:~$
ubuntu@ip-172-31-42-44:~$ sudo apt install apache2
Reading package lists... Done
Building dependency tree
Reading state information... Done
The following additional packages will be installed:
  apache2-bin apache2-data apache2-utils libapr1 libaprutil1 libaprutil1-dbd-sqlite3 libaprutil1-ldap libjansson4 liblua5.2-0 ssl-cert
Suggested packages:
  apache2-doc apache2-suexec-pristine | apache2-suexec-custom www-browser openssl-blacklist
The following NEW packages will be installed:
  apache2 apache2-bin apache2-data apache2-utils libapr1 libaprutil1 libaprutil1-dbd-sqlite3 libaprutil1-ldap libjansson4 liblua5.2-0 ssl-cert
0 upgraded, 11 newly installed, 0 to remove and 16 not upgraded.
Need to get 1866 kB of archives.
After this operation, 8091 kB of additional disk space will be used.
Do you want to continue? [Y/n] y
Get:1 http://ap-south-1.ec2.archive.ubuntu.com/ubuntu focal/main amd64 libapr1 amd64 1.6.5-1ubuntu1 [91.4 kB]
Get:2 http://ap-south-1.ec2.archive.ubuntu.com/ubuntu focal/main amd64 libaprutil1 amd64 1.6.1-4ubuntu2 [84.7 kB]
Get:3 http://ap-south-1.ec2.archive.ubuntu.com/ubuntu focal/main amd64 libaprutil1-dbd-sqlite3 amd64 1.6.1-4ubuntu2 [10.5 kB]
Get:4 http://ap-south-1.ec2.archive.ubuntu.com/ubuntu focal/main amd64 libaprutil1-ldap amd64 1.6.1-4ubuntu2 [8736 B]
Get:5 http://ap-south-1.ec2.archive.ubuntu.com/ubuntu focal/main amd64 libjansson4 amd64 2.12-1build1 [28.9 kB]
Get:6 http://ap-south-1.ec2.archive.ubuntu.com/ubuntu focal/main amd64 liblua5.2-0 amd64 5.2.4-1.1build3 [106 kB]
Get:7 http://ap-south-1.ec2.archive.ubuntu.com/ubuntu focal-updates/main amd64 apache2-bin amd64 2.4.41-4ubuntu3.8 [1181 kB]
Get:8 http://ap-south-1.ec2.archive.ubuntu.com/ubuntu focal-updates/main amd64 apache2-data all 2.4.41-4ubuntu3.8 [159 kB]
Get:9 http://ap-south-1.ec2.archive.ubuntu.com/ubuntu focal-updates/main amd64 apache2-utils amd64 2.4.41-4ubuntu3.8 [84.5 kB]
Get:10 http://ap-south-1.ec2.archive.ubuntu.com/ubuntu focal-updates/main amd64 apache2 amd64 2.4.41-4ubuntu3.8 [95.5 kB]
Get:11 http://ap-south-1.ec2.archive.ubuntu.com/ubuntu focal/main amd64 ssl-cert all 1.0.39 [17.0 kB]
Fetched 1866 kB in 1s (1307 kB/s)
Preconfiguring packages ...
Selecting previously unselected package libapr1:amd64.
(Reading database ... 63895 files and directories currently installed.)
Preparing to unpack .../00-libapr1_1.6.5-1ubuntu1_amd64.deb ...
Unpacking libapr1:amd64 (1.6.5-1ubuntu1) ...
Selecting previously unselected package libaprutil1:amd64.
Preparing to unpack .../01-libaprutil1_1.6.1-4ubuntu2_amd64.deb ...
Unpacking libaprutil1:amd64 (1.6.1-4ubuntu2) ...
Selecting previously unselected package libaprutil1-dbd-sqlite3:amd64.
Preparing to unpack .../02-libaprutil1-dbd-sqlite3_1.6.1-4ubuntu2_amd64.deb ...
Unpacking libaprutil1-dbd-sqlite3:amd64 (1.6.1-4ubuntu2) ...
Selecting previously unselected package libaprutil1-ldap:amd64.
Preparing to unpack .../03-libaprutil1-ldap_1.6.1-4ubuntu2_amd64.deb ...
Unpacking libaprutil1-ldap:amd64 (1.6.1-4ubuntu2) ...
Selecting previously unselected package libjansson4:amd64.
Preparing to unpack .../04-libjansson4_2.12-1build1_amd64.deb ...
Unpacking libjansson4:amd64 (2.12-1build1) ...
Selecting previously unselected package liblua5.2-0:amd64.
Preparing to unpack .../05-liblua5.2-0_5.2.4-1.1build3_amd64.deb ...
Unpacking liblua5.2-0:amd64 (5.2.4-1.1build3) ...
Selecting previously unselected package apache2-bin.
Preparing to unpack .../06-apache2-bin_2.4.41-4ubuntu3.8_amd64.deb ...
Unpacking apache2-bin (2.4.41-4ubuntu3.8) ...
Selecting previously unselected package apache2-data.
Preparing to unpack .../07-apache2-data_2.4.41-4ubuntu3.8_all.deb ...
Unpacking apache2-data (2.4.41-4ubuntu3.8) ...
Selecting previously unselected package apache2-utils.
Preparing to unpack .../08-apache2-utils_2.4.41-4ubuntu3.8_amd64.deb ...
Unpacking apache2-utils (2.4.41-4ubuntu3.8) ...
Selecting previously unselected package apache2.
Preparing to unpack .../09-apache2_2.4.41-4ubuntu3.8_amd64.deb ...
Unpacking apache2 (2.4.41-4ubuntu3.8) ...
Selecting previously unselected package ssl-cert.
Preparing to unpack .../10-ssl-cert_1.0.39_all.deb ...
Unpacking ssl-cert (1.0.39) ...
Setting up libapr1:amd64 (1.6.5-1ubuntu1) ...
Setting up libjansson4:amd64 (2.12-1build1) ...
Setting up ssl-cert (1.0.39) ...
Setting up liblua5.2-0:amd64 (5.2.4-1.1build3) ...
Setting up apache2-data (2.4.41-4ubuntu3.8) ...
Setting up libaprutil1:amd64 (1.6.1-4ubuntu2) ...
Setting up libaprutil1-ldap:amd64 (1.6.1-4ubuntu2) ...
Setting up libaprutil1-dbd-sqlite3:amd64 (1.6.1-4ubuntu2) ...
Setting up apache2-utils (2.4.41-4ubuntu3.8) ...
Setting up apache2-bin (2.4.41-4ubuntu3.8) ...
Setting up apache2 (2.4.41-4ubuntu3.8) ...
Enabling module mpm_event.
Enabling module authz_core.
Enabling module authz_host.
Enabling module authn_core.
Enabling module auth_basic.
Enabling module access_compat.
Enabling module authn_file.
Enabling module authz_user.
Enabling module alias.
Enabling module dir.
Enabling module autoindex.
Enabling module env.
Enabling module mime.
Enabling module negotiation.
Enabling module setenvif.
Enabling module filter.
Enabling module deflate.
Enabling module status.
Enabling module reqtimeout.
Enabling conf charset.
Enabling conf localized-error-pages.
Enabling conf other-vhosts-access-log.
Enabling conf security.
Enabling conf serve-cgi-bin.
Enabling site 000-default.
Created symlink /etc/systemd/system/multi-user.target.wants/apache2.service → /lib/systemd/system/apache2.service.
Created symlink /etc/systemd/system/multi-user.target.wants/apache-htcacheclean.service → /lib/systemd/system/apache-htcacheclean.service.
Processing triggers for ufw (0.36-6ubuntu1) ...
Processing triggers for systemd (245.4-4ubuntu3.13) ...
Processing triggers for man-db (2.9.1-1) ...
Processing triggers for libc-bin (2.31-0ubuntu9.2) ...
ubuntu@ip-172-31-42-44:~$
ubuntu@ip-172-31-42-44:~$ sudo ufw show app list
ERROR: Invalid syntax

Usage: ufw COMMAND

Commands:
 enable                          enables the firewall
 disable                         disables the firewall
 default ARG                     set default policy
 logging LEVEL                   set logging to LEVEL
 allow ARGS                      add allow rule
 deny ARGS                       add deny rule
 reject ARGS                     add reject rule
 limit ARGS                      add limit rule
 delete RULE|NUM                 delete RULE
 insert NUM RULE                 insert RULE at NUM
 route RULE                      add route RULE
 route delete RULE|NUM           delete route RULE
 route insert NUM RULE           insert route RULE at NUM
 reload                          reload firewall
 reset                           reset firewall
 status                          show firewall status
 status numbered                 show firewall status as numbered list of RULES
 status verbose                  show verbose firewall status
 show ARG                        show firewall report
 version                         display version information

Application profile commands:
 app list                        list application profiles
 app info PROFILE                show information on PROFILE
 app update PROFILE              update PROFILE
 app default ARG                 set default application policy

ubuntu@ip-172-31-42-44:~$
ubuntu@ip-172-31-42-44:~$ sudo ufw app list
Available applications:
  Apache
  Apache Full
  Apache Secure
  OpenSSH
ubuntu@ip-172-31-42-44:~$
ubuntu@ip-172-31-42-44:~$
ubuntu@ip-172-31-42-44:~$ sudo ufw status
Status: inactive
ubuntu@ip-172-31-42-44:~$ sudo ufw enable
Command may disrupt existing ssh connections. Proceed with operation (y|n)? y
Firewall is active and enabled on system startup
ubuntu@ip-172-31-42-44:~$
ubuntu@ip-172-31-42-44:~$
ubuntu@ip-172-31-42-44:~$ sudo ufw status
Status: active
ubuntu@ip-172-31-42-44:~$ sudo ufw allow apache
Rule added
Rule added (v6)
ubuntu@ip-172-31-42-44:~$
ubuntu@ip-172-31-42-44:~$
ubuntu@ip-172-31-42-44:~$ sudo ufw status
Status: active

To                         Action      From
--                         ------      ----
Apache                     ALLOW       Anywhere
Apache (v6)                ALLOW       Anywhere (v6)

ubuntu@ip-172-31-42-44:~$
ubuntu@ip-172-31-42-44:~$
ubuntu@ip-172-31-42-44:~$
ubuntu@ip-172-31-42-44:~$
ubuntu@ip-172-31-42-44:~$ sudo ufw status
Status: active

To                         Action      From
--                         ------      ----
Apache                     ALLOW       Anywhere
Apache (v6)                ALLOW       Anywhere (v6)

ubuntu@ip-172-31-42-44:~$
ubuntu@ip-172-31-42-44:~$ pwd
/home/ubuntu
ubuntu@ip-172-31-42-44:~$ ll
total 32
drwxr-xr-x 4 ubuntu ubuntu 4096 Jan  2 15:41 ./
drwxr-xr-x 3 root   root   4096 Jan  2 15:30 ../
-rw------- 1 ubuntu ubuntu    5 Jan  2 15:38 .bash_history
-rw-r--r-- 1 ubuntu ubuntu  220 Feb 25  2020 .bash_logout
-rw-r--r-- 1 ubuntu ubuntu 3771 Feb 25  2020 .bashrc
drwx------ 2 ubuntu ubuntu 4096 Jan  2 15:38 .cache/
-rw-r--r-- 1 ubuntu ubuntu  807 Feb 25  2020 .profile
drwx------ 2 ubuntu ubuntu 4096 Jan  2 15:30 .ssh/
-rw-r--r-- 1 ubuntu ubuntu    0 Jan  2 15:41 .sudo_as_admin_successful
ubuntu@ip-172-31-42-44:~$ mkdir flask
ubuntu@ip-172-31-42-44:~$ cd flask/
ubuntu@ip-172-31-42-44:~/flask$ ll
total 8
drwxrwxr-x 2 ubuntu ubuntu 4096 Jan  2 15:46 ./
drwxr-xr-x 5 ubuntu ubuntu 4096 Jan  2 15:46 ../
ubuntu@ip-172-31-42-44:~/flask$ vi app.py
ubuntu@ip-172-31-42-44:~/flask$
ubuntu@ip-172-31-42-44:~/flask$
ubuntu@ip-172-31-42-44:~/flask$ sudo apt install python3
Reading package lists... Done
Building dependency tree
Reading state information... Done
python3 is already the newest version (3.8.2-0ubuntu2).
python3 set to manually installed.
0 upgraded, 0 newly installed, 0 to remove and 16 not upgraded.
ubuntu@ip-172-31-42-44:~/flask$ sudo apt install pip3
Reading package lists... Done
Building dependency tree
Reading state information... Done
E: Unable to locate package pip3
ubuntu@ip-172-31-42-44:~/flask$ sudo apt install python3-pip
Reading package lists... Done
Building dependency tree
Reading state information... Done
The following additional packages will be installed:
  binutils binutils-common binutils-x86-64-linux-gnu build-essential cpp cpp-9 dpkg-dev fakeroot g++ g++-9 gcc gcc-9 gcc-9-base
  libalgorithm-diff-perl libalgorithm-diff-xs-perl libalgorithm-merge-perl libasan5 libatomic1 libbinutils libc-dev-bin libc6-dev libcc1-0
  libcrypt-dev libctf-nobfd0 libctf0 libdpkg-perl libexpat1-dev libfakeroot libfile-fcntllock-perl libgcc-9-dev libgomp1 libisl22 libitm1 liblsan0
  libmpc3 libpython3-dev libpython3.8 libpython3.8-dev libpython3.8-minimal libpython3.8-stdlib libquadmath0 libstdc++-9-dev libtsan0 libubsan1
  linux-libc-dev make manpages-dev python-pip-whl python3-dev python3-wheel python3.8 python3.8-dev python3.8-minimal zlib1g-dev
Suggested packages:
  binutils-doc cpp-doc gcc-9-locales debian-keyring g++-multilib g++-9-multilib gcc-9-doc gcc-multilib autoconf automake libtool flex bison gdb
  gcc-doc gcc-9-multilib glibc-doc bzr libstdc++-9-doc make-doc python3.8-venv python3.8-doc binfmt-support
The following NEW packages will be installed:
  binutils binutils-common binutils-x86-64-linux-gnu build-essential cpp cpp-9 dpkg-dev fakeroot g++ g++-9 gcc gcc-9 gcc-9-base
  libalgorithm-diff-perl libalgorithm-diff-xs-perl libalgorithm-merge-perl libasan5 libatomic1 libbinutils libc-dev-bin libc6-dev libcc1-0
  libcrypt-dev libctf-nobfd0 libctf0 libdpkg-perl libexpat1-dev libfakeroot libfile-fcntllock-perl libgcc-9-dev libgomp1 libisl22 libitm1 liblsan0
  libmpc3 libpython3-dev libpython3.8-dev libquadmath0 libstdc++-9-dev libtsan0 libubsan1 linux-libc-dev make manpages-dev python-pip-whl
  python3-dev python3-pip python3-wheel python3.8-dev zlib1g-dev
The following packages will be upgraded:
  libpython3.8 libpython3.8-minimal libpython3.8-stdlib python3.8 python3.8-minimal
5 upgraded, 50 newly installed, 0 to remove and 11 not upgraded.
Need to get 56.1 MB of archives.
After this operation, 214 MB of additional disk space will be used.
Do you want to continue? [Y/n] y
Get:1 http://ap-south-1.ec2.archive.ubuntu.com/ubuntu focal-updates/main amd64 python3.8 amd64 3.8.10-0ubuntu1~20.04.2 [387 kB]
Get:2 http://ap-south-1.ec2.archive.ubuntu.com/ubuntu focal-updates/main amd64 libpython3.8 amd64 3.8.10-0ubuntu1~20.04.2 [1625 kB]
Get:3 http://ap-south-1.ec2.archive.ubuntu.com/ubuntu focal-updates/main amd64 libpython3.8-stdlib amd64 3.8.10-0ubuntu1~20.04.2 [1675 kB]
Get:4 http://ap-south-1.ec2.archive.ubuntu.com/ubuntu focal-updates/main amd64 python3.8-minimal amd64 3.8.10-0ubuntu1~20.04.2 [1900 kB]
Get:5 http://ap-south-1.ec2.archive.ubuntu.com/ubuntu focal-updates/main amd64 libpython3.8-minimal amd64 3.8.10-0ubuntu1~20.04.2 [717 kB]
Get:6 http://ap-south-1.ec2.archive.ubuntu.com/ubuntu focal-updates/main amd64 binutils-common amd64 2.34-6ubuntu1.3 [207 kB]
Get:7 http://ap-south-1.ec2.archive.ubuntu.com/ubuntu focal-updates/main amd64 libbinutils amd64 2.34-6ubuntu1.3 [474 kB]
Get:8 http://ap-south-1.ec2.archive.ubuntu.com/ubuntu focal-updates/main amd64 libctf-nobfd0 amd64 2.34-6ubuntu1.3 [47.4 kB]
Get:9 http://ap-south-1.ec2.archive.ubuntu.com/ubuntu focal-updates/main amd64 libctf0 amd64 2.34-6ubuntu1.3 [46.6 kB]
Get:10 http://ap-south-1.ec2.archive.ubuntu.com/ubuntu focal-updates/main amd64 binutils-x86-64-linux-gnu amd64 2.34-6ubuntu1.3 [1613 kB]
Get:11 http://ap-south-1.ec2.archive.ubuntu.com/ubuntu focal-updates/main amd64 binutils amd64 2.34-6ubuntu1.3 [3380 B]
Get:12 http://ap-south-1.ec2.archive.ubuntu.com/ubuntu focal-updates/main amd64 libc-dev-bin amd64 2.31-0ubuntu9.2 [71.8 kB]
Get:13 http://ap-south-1.ec2.archive.ubuntu.com/ubuntu focal-updates/main amd64 linux-libc-dev amd64 5.4.0-91.102 [1127 kB]
Get:14 http://ap-south-1.ec2.archive.ubuntu.com/ubuntu focal/main amd64 libcrypt-dev amd64 1:4.4.10-10ubuntu4 [104 kB]
Get:15 http://ap-south-1.ec2.archive.ubuntu.com/ubuntu focal-updates/main amd64 libc6-dev amd64 2.31-0ubuntu9.2 [2520 kB]
Get:16 http://ap-south-1.ec2.archive.ubuntu.com/ubuntu focal-updates/main amd64 gcc-9-base amd64 9.3.0-17ubuntu1~20.04 [19.1 kB]
Get:17 http://ap-south-1.ec2.archive.ubuntu.com/ubuntu focal/main amd64 libisl22 amd64 0.22.1-1 [592 kB]
Get:18 http://ap-south-1.ec2.archive.ubuntu.com/ubuntu focal/main amd64 libmpc3 amd64 1.1.0-1 [40.8 kB]
Get:19 http://ap-south-1.ec2.archive.ubuntu.com/ubuntu focal-updates/main amd64 cpp-9 amd64 9.3.0-17ubuntu1~20.04 [7494 kB]
Get:20 http://ap-south-1.ec2.archive.ubuntu.com/ubuntu focal/main amd64 cpp amd64 4:9.3.0-1ubuntu2 [27.6 kB]
Get:21 http://ap-south-1.ec2.archive.ubuntu.com/ubuntu focal-updates/main amd64 libcc1-0 amd64 10.3.0-1ubuntu1~20.04 [48.8 kB]
Get:22 http://ap-south-1.ec2.archive.ubuntu.com/ubuntu focal-updates/main amd64 libgomp1 amd64 10.3.0-1ubuntu1~20.04 [102 kB]
Get:23 http://ap-south-1.ec2.archive.ubuntu.com/ubuntu focal-updates/main amd64 libitm1 amd64 10.3.0-1ubuntu1~20.04 [26.2 kB]
Get:24 http://ap-south-1.ec2.archive.ubuntu.com/ubuntu focal-updates/main amd64 libatomic1 amd64 10.3.0-1ubuntu1~20.04 [9284 B]
Get:25 http://ap-south-1.ec2.archive.ubuntu.com/ubuntu focal-updates/main amd64 libasan5 amd64 9.3.0-17ubuntu1~20.04 [394 kB]
Get:26 http://ap-south-1.ec2.archive.ubuntu.com/ubuntu focal-updates/main amd64 liblsan0 amd64 10.3.0-1ubuntu1~20.04 [835 kB]
Get:27 http://ap-south-1.ec2.archive.ubuntu.com/ubuntu focal-updates/main amd64 libtsan0 amd64 10.3.0-1ubuntu1~20.04 [2009 kB]
Get:28 http://ap-south-1.ec2.archive.ubuntu.com/ubuntu focal-updates/main amd64 libubsan1 amd64 10.3.0-1ubuntu1~20.04 [784 kB]
Get:29 http://ap-south-1.ec2.archive.ubuntu.com/ubuntu focal-updates/main amd64 libquadmath0 amd64 10.3.0-1ubuntu1~20.04 [146 kB]
Get:30 http://ap-south-1.ec2.archive.ubuntu.com/ubuntu focal-updates/main amd64 libgcc-9-dev amd64 9.3.0-17ubuntu1~20.04 [2360 kB]
Get:31 http://ap-south-1.ec2.archive.ubuntu.com/ubuntu focal-updates/main amd64 gcc-9 amd64 9.3.0-17ubuntu1~20.04 [8241 kB]
Get:32 http://ap-south-1.ec2.archive.ubuntu.com/ubuntu focal/main amd64 gcc amd64 4:9.3.0-1ubuntu2 [5208 B]
Get:33 http://ap-south-1.ec2.archive.ubuntu.com/ubuntu focal-updates/main amd64 libstdc++-9-dev amd64 9.3.0-17ubuntu1~20.04 [1714 kB]
Get:34 http://ap-south-1.ec2.archive.ubuntu.com/ubuntu focal-updates/main amd64 g++-9 amd64 9.3.0-17ubuntu1~20.04 [8405 kB]
Get:35 http://ap-south-1.ec2.archive.ubuntu.com/ubuntu focal/main amd64 g++ amd64 4:9.3.0-1ubuntu2 [1604 B]
Get:36 http://ap-south-1.ec2.archive.ubuntu.com/ubuntu focal/main amd64 make amd64 4.2.1-1.2 [162 kB]
Get:37 http://ap-south-1.ec2.archive.ubuntu.com/ubuntu focal/main amd64 libdpkg-perl all 1.19.7ubuntu3 [230 kB]
Get:38 http://ap-south-1.ec2.archive.ubuntu.com/ubuntu focal/main amd64 dpkg-dev all 1.19.7ubuntu3 [679 kB]
Get:39 http://ap-south-1.ec2.archive.ubuntu.com/ubuntu focal-updates/main amd64 build-essential amd64 12.8ubuntu1.1 [4664 B]
Get:40 http://ap-south-1.ec2.archive.ubuntu.com/ubuntu focal/main amd64 libfakeroot amd64 1.24-1 [25.7 kB]
Get:41 http://ap-south-1.ec2.archive.ubuntu.com/ubuntu focal/main amd64 fakeroot amd64 1.24-1 [62.6 kB]
Get:42 http://ap-south-1.ec2.archive.ubuntu.com/ubuntu focal/main amd64 libalgorithm-diff-perl all 1.19.03-2 [46.6 kB]
Get:43 http://ap-south-1.ec2.archive.ubuntu.com/ubuntu focal/main amd64 libalgorithm-diff-xs-perl amd64 0.04-6 [11.3 kB]
Get:44 http://ap-south-1.ec2.archive.ubuntu.com/ubuntu focal/main amd64 libalgorithm-merge-perl all 0.08-3 [12.0 kB]
Get:45 http://ap-south-1.ec2.archive.ubuntu.com/ubuntu focal/main amd64 libexpat1-dev amd64 2.2.9-1build1 [116 kB]
Get:46 http://ap-south-1.ec2.archive.ubuntu.com/ubuntu focal/main amd64 libfile-fcntllock-perl amd64 0.22-3build4 [33.1 kB]
Get:47 http://ap-south-1.ec2.archive.ubuntu.com/ubuntu focal-updates/main amd64 libpython3.8-dev amd64 3.8.10-0ubuntu1~20.04.2 [3950 kB]
Get:48 http://ap-south-1.ec2.archive.ubuntu.com/ubuntu focal/main amd64 libpython3-dev amd64 3.8.2-0ubuntu2 [7236 B]
Get:49 http://ap-south-1.ec2.archive.ubuntu.com/ubuntu focal/main amd64 manpages-dev all 5.05-1 [2266 kB]
Get:50 http://ap-south-1.ec2.archive.ubuntu.com/ubuntu focal-updates/universe amd64 python-pip-whl all 20.0.2-5ubuntu1.6 [1805 kB]
Get:51 http://ap-south-1.ec2.archive.ubuntu.com/ubuntu focal-updates/main amd64 zlib1g-dev amd64 1:1.2.11.dfsg-2ubuntu1.2 [155 kB]
Get:52 http://ap-south-1.ec2.archive.ubuntu.com/ubuntu focal-updates/main amd64 python3.8-dev amd64 3.8.10-0ubuntu1~20.04.2 [510 kB]
Get:53 http://ap-south-1.ec2.archive.ubuntu.com/ubuntu focal/main amd64 python3-dev amd64 3.8.2-0ubuntu2 [1212 B]
Get:54 http://ap-south-1.ec2.archive.ubuntu.com/ubuntu focal/universe amd64 python3-wheel all 0.34.2-1 [23.8 kB]
Get:55 http://ap-south-1.ec2.archive.ubuntu.com/ubuntu focal-updates/universe amd64 python3-pip all 20.0.2-5ubuntu1.6 [231 kB]
Fetched 56.1 MB in 2min 38s (354 kB/s)
Extracting templates from packages: 100%
(Reading database ... 64620 files and directories currently installed.)
Preparing to unpack .../00-python3.8_3.8.10-0ubuntu1~20.04.2_amd64.deb ...
Unpacking python3.8 (3.8.10-0ubuntu1~20.04.2) over (3.8.10-0ubuntu1~20.04.1) ...
Preparing to unpack .../01-libpython3.8_3.8.10-0ubuntu1~20.04.2_amd64.deb ...
Unpacking libpython3.8:amd64 (3.8.10-0ubuntu1~20.04.2) over (3.8.10-0ubuntu1~20.04.1) ...
Preparing to unpack .../02-libpython3.8-stdlib_3.8.10-0ubuntu1~20.04.2_amd64.deb ...
Unpacking libpython3.8-stdlib:amd64 (3.8.10-0ubuntu1~20.04.2) over (3.8.10-0ubuntu1~20.04.1) ...
Preparing to unpack .../03-python3.8-minimal_3.8.10-0ubuntu1~20.04.2_amd64.deb ...
Unpacking python3.8-minimal (3.8.10-0ubuntu1~20.04.2) over (3.8.10-0ubuntu1~20.04.1) ...
Preparing to unpack .../04-libpython3.8-minimal_3.8.10-0ubuntu1~20.04.2_amd64.deb ...
Unpacking libpython3.8-minimal:amd64 (3.8.10-0ubuntu1~20.04.2) over (3.8.10-0ubuntu1~20.04.1) ...
Selecting previously unselected package binutils-common:amd64.
Preparing to unpack .../05-binutils-common_2.34-6ubuntu1.3_amd64.deb ...
Unpacking binutils-common:amd64 (2.34-6ubuntu1.3) ...
Selecting previously unselected package libbinutils:amd64.
Preparing to unpack .../06-libbinutils_2.34-6ubuntu1.3_amd64.deb ...
Unpacking libbinutils:amd64 (2.34-6ubuntu1.3) ...
Selecting previously unselected package libctf-nobfd0:amd64.
Preparing to unpack .../07-libctf-nobfd0_2.34-6ubuntu1.3_amd64.deb ...
Unpacking libctf-nobfd0:amd64 (2.34-6ubuntu1.3) ...
Selecting previously unselected package libctf0:amd64.
Preparing to unpack .../08-libctf0_2.34-6ubuntu1.3_amd64.deb ...
Unpacking libctf0:amd64 (2.34-6ubuntu1.3) ...
Selecting previously unselected package binutils-x86-64-linux-gnu.
Preparing to unpack .../09-binutils-x86-64-linux-gnu_2.34-6ubuntu1.3_amd64.deb ...
Unpacking binutils-x86-64-linux-gnu (2.34-6ubuntu1.3) ...
Selecting previously unselected package binutils.
Preparing to unpack .../10-binutils_2.34-6ubuntu1.3_amd64.deb ...
Unpacking binutils (2.34-6ubuntu1.3) ...
Selecting previously unselected package libc-dev-bin.
Preparing to unpack .../11-libc-dev-bin_2.31-0ubuntu9.2_amd64.deb ...
Unpacking libc-dev-bin (2.31-0ubuntu9.2) ...
Selecting previously unselected package linux-libc-dev:amd64.
Preparing to unpack .../12-linux-libc-dev_5.4.0-91.102_amd64.deb ...
Unpacking linux-libc-dev:amd64 (5.4.0-91.102) ...
Selecting previously unselected package libcrypt-dev:amd64.
Preparing to unpack .../13-libcrypt-dev_1%3a4.4.10-10ubuntu4_amd64.deb ...
Unpacking libcrypt-dev:amd64 (1:4.4.10-10ubuntu4) ...
Selecting previously unselected package libc6-dev:amd64.
Preparing to unpack .../14-libc6-dev_2.31-0ubuntu9.2_amd64.deb ...
Unpacking libc6-dev:amd64 (2.31-0ubuntu9.2) ...
Selecting previously unselected package gcc-9-base:amd64.
Preparing to unpack .../15-gcc-9-base_9.3.0-17ubuntu1~20.04_amd64.deb ...
Unpacking gcc-9-base:amd64 (9.3.0-17ubuntu1~20.04) ...
Selecting previously unselected package libisl22:amd64.
Preparing to unpack .../16-libisl22_0.22.1-1_amd64.deb ...
Unpacking libisl22:amd64 (0.22.1-1) ...
Selecting previously unselected package libmpc3:amd64.
Preparing to unpack .../17-libmpc3_1.1.0-1_amd64.deb ...
Unpacking libmpc3:amd64 (1.1.0-1) ...
Selecting previously unselected package cpp-9.
Preparing to unpack .../18-cpp-9_9.3.0-17ubuntu1~20.04_amd64.deb ...
Unpacking cpp-9 (9.3.0-17ubuntu1~20.04) ...
Selecting previously unselected package cpp.
Preparing to unpack .../19-cpp_4%3a9.3.0-1ubuntu2_amd64.deb ...
Unpacking cpp (4:9.3.0-1ubuntu2) ...
Selecting previously unselected package libcc1-0:amd64.
Preparing to unpack .../20-libcc1-0_10.3.0-1ubuntu1~20.04_amd64.deb ...
Unpacking libcc1-0:amd64 (10.3.0-1ubuntu1~20.04) ...
Selecting previously unselected package libgomp1:amd64.
Preparing to unpack .../21-libgomp1_10.3.0-1ubuntu1~20.04_amd64.deb ...
Unpacking libgomp1:amd64 (10.3.0-1ubuntu1~20.04) ...
Selecting previously unselected package libitm1:amd64.
Preparing to unpack .../22-libitm1_10.3.0-1ubuntu1~20.04_amd64.deb ...
Unpacking libitm1:amd64 (10.3.0-1ubuntu1~20.04) ...
Selecting previously unselected package libatomic1:amd64.
Preparing to unpack .../23-libatomic1_10.3.0-1ubuntu1~20.04_amd64.deb ...
Unpacking libatomic1:amd64 (10.3.0-1ubuntu1~20.04) ...
Selecting previously unselected package libasan5:amd64.
Preparing to unpack .../24-libasan5_9.3.0-17ubuntu1~20.04_amd64.deb ...
Unpacking libasan5:amd64 (9.3.0-17ubuntu1~20.04) ...
Selecting previously unselected package liblsan0:amd64.
Preparing to unpack .../25-liblsan0_10.3.0-1ubuntu1~20.04_amd64.deb ...
Unpacking liblsan0:amd64 (10.3.0-1ubuntu1~20.04) ...
Selecting previously unselected package libtsan0:amd64.
Preparing to unpack .../26-libtsan0_10.3.0-1ubuntu1~20.04_amd64.deb ...
Unpacking libtsan0:amd64 (10.3.0-1ubuntu1~20.04) ...
Selecting previously unselected package libubsan1:amd64.
Preparing to unpack .../27-libubsan1_10.3.0-1ubuntu1~20.04_amd64.deb ...
Unpacking libubsan1:amd64 (10.3.0-1ubuntu1~20.04) ...
Selecting previously unselected package libquadmath0:amd64.
Preparing to unpack .../28-libquadmath0_10.3.0-1ubuntu1~20.04_amd64.deb ...
Unpacking libquadmath0:amd64 (10.3.0-1ubuntu1~20.04) ...
Selecting previously unselected package libgcc-9-dev:amd64.
Preparing to unpack .../29-libgcc-9-dev_9.3.0-17ubuntu1~20.04_amd64.deb ...
Unpacking libgcc-9-dev:amd64 (9.3.0-17ubuntu1~20.04) ...
Selecting previously unselected package gcc-9.
Preparing to unpack .../30-gcc-9_9.3.0-17ubuntu1~20.04_amd64.deb ...
Unpacking gcc-9 (9.3.0-17ubuntu1~20.04) ...
Selecting previously unselected package gcc.
Preparing to unpack .../31-gcc_4%3a9.3.0-1ubuntu2_amd64.deb ...
Unpacking gcc (4:9.3.0-1ubuntu2) ...
Selecting previously unselected package libstdc++-9-dev:amd64.
Preparing to unpack .../32-libstdc++-9-dev_9.3.0-17ubuntu1~20.04_amd64.deb ...
Unpacking libstdc++-9-dev:amd64 (9.3.0-17ubuntu1~20.04) ...
Selecting previously unselected package g++-9.
Preparing to unpack .../33-g++-9_9.3.0-17ubuntu1~20.04_amd64.deb ...
Unpacking g++-9 (9.3.0-17ubuntu1~20.04) ...
Selecting previously unselected package g++.
Preparing to unpack .../34-g++_4%3a9.3.0-1ubuntu2_amd64.deb ...
Unpacking g++ (4:9.3.0-1ubuntu2) ...
Selecting previously unselected package make.
Preparing to unpack .../35-make_4.2.1-1.2_amd64.deb ...
Unpacking make (4.2.1-1.2) ...
Selecting previously unselected package libdpkg-perl.
Preparing to unpack .../36-libdpkg-perl_1.19.7ubuntu3_all.deb ...
Unpacking libdpkg-perl (1.19.7ubuntu3) ...
Selecting previously unselected package dpkg-dev.
Preparing to unpack .../37-dpkg-dev_1.19.7ubuntu3_all.deb ...
Unpacking dpkg-dev (1.19.7ubuntu3) ...
Selecting previously unselected package build-essential.
Preparing to unpack .../38-build-essential_12.8ubuntu1.1_amd64.deb ...
Unpacking build-essential (12.8ubuntu1.1) ...
Selecting previously unselected package libfakeroot:amd64.
Preparing to unpack .../39-libfakeroot_1.24-1_amd64.deb ...
Unpacking libfakeroot:amd64 (1.24-1) ...
Selecting previously unselected package fakeroot.
Preparing to unpack .../40-fakeroot_1.24-1_amd64.deb ...
Unpacking fakeroot (1.24-1) ...
Selecting previously unselected package libalgorithm-diff-perl.
Preparing to unpack .../41-libalgorithm-diff-perl_1.19.03-2_all.deb ...
Unpacking libalgorithm-diff-perl (1.19.03-2) ...
Selecting previously unselected package libalgorithm-diff-xs-perl.
Preparing to unpack .../42-libalgorithm-diff-xs-perl_0.04-6_amd64.deb ...
Unpacking libalgorithm-diff-xs-perl (0.04-6) ...
Selecting previously unselected package libalgorithm-merge-perl.
Preparing to unpack .../43-libalgorithm-merge-perl_0.08-3_all.deb ...
Unpacking libalgorithm-merge-perl (0.08-3) ...
Selecting previously unselected package libexpat1-dev:amd64.
Preparing to unpack .../44-libexpat1-dev_2.2.9-1build1_amd64.deb ...
Unpacking libexpat1-dev:amd64 (2.2.9-1build1) ...
Selecting previously unselected package libfile-fcntllock-perl.
Preparing to unpack .../45-libfile-fcntllock-perl_0.22-3build4_amd64.deb ...
Unpacking libfile-fcntllock-perl (0.22-3build4) ...
Selecting previously unselected package libpython3.8-dev:amd64.
Preparing to unpack .../46-libpython3.8-dev_3.8.10-0ubuntu1~20.04.2_amd64.deb ...
Unpacking libpython3.8-dev:amd64 (3.8.10-0ubuntu1~20.04.2) ...
Selecting previously unselected package libpython3-dev:amd64.
Preparing to unpack .../47-libpython3-dev_3.8.2-0ubuntu2_amd64.deb ...
Unpacking libpython3-dev:amd64 (3.8.2-0ubuntu2) ...
Selecting previously unselected package manpages-dev.
Preparing to unpack .../48-manpages-dev_5.05-1_all.deb ...
Unpacking manpages-dev (5.05-1) ...
Selecting previously unselected package python-pip-whl.
Preparing to unpack .../49-python-pip-whl_20.0.2-5ubuntu1.6_all.deb ...
Unpacking python-pip-whl (20.0.2-5ubuntu1.6) ...
Selecting previously unselected package zlib1g-dev:amd64.
Preparing to unpack .../50-zlib1g-dev_1%3a1.2.11.dfsg-2ubuntu1.2_amd64.deb ...
Unpacking zlib1g-dev:amd64 (1:1.2.11.dfsg-2ubuntu1.2) ...
Selecting previously unselected package python3.8-dev.
Preparing to unpack .../51-python3.8-dev_3.8.10-0ubuntu1~20.04.2_amd64.deb ...
Unpacking python3.8-dev (3.8.10-0ubuntu1~20.04.2) ...
Selecting previously unselected package python3-dev.
Preparing to unpack .../52-python3-dev_3.8.2-0ubuntu2_amd64.deb ...
Unpacking python3-dev (3.8.2-0ubuntu2) ...
Selecting previously unselected package python3-wheel.
Preparing to unpack .../53-python3-wheel_0.34.2-1_all.deb ...
Unpacking python3-wheel (0.34.2-1) ...
Selecting previously unselected package python3-pip.
Preparing to unpack .../54-python3-pip_20.0.2-5ubuntu1.6_all.deb ...
Unpacking python3-pip (20.0.2-5ubuntu1.6) ...
Setting up manpages-dev (5.05-1) ...
Setting up libpython3.8-minimal:amd64 (3.8.10-0ubuntu1~20.04.2) ...
Setting up libfile-fcntllock-perl (0.22-3build4) ...
Setting up libalgorithm-diff-perl (1.19.03-2) ...
Setting up binutils-common:amd64 (2.34-6ubuntu1.3) ...
Setting up linux-libc-dev:amd64 (5.4.0-91.102) ...
Setting up libctf-nobfd0:amd64 (2.34-6ubuntu1.3) ...
Setting up libgomp1:amd64 (10.3.0-1ubuntu1~20.04) ...
Setting up python3-wheel (0.34.2-1) ...
Setting up libfakeroot:amd64 (1.24-1) ...
Setting up fakeroot (1.24-1) ...
update-alternatives: using /usr/bin/fakeroot-sysv to provide /usr/bin/fakeroot (fakeroot) in auto mode
Setting up make (4.2.1-1.2) ...
Setting up libquadmath0:amd64 (10.3.0-1ubuntu1~20.04) ...
Setting up libmpc3:amd64 (1.1.0-1) ...
Setting up libatomic1:amd64 (10.3.0-1ubuntu1~20.04) ...
Setting up libdpkg-perl (1.19.7ubuntu3) ...
Setting up libubsan1:amd64 (10.3.0-1ubuntu1~20.04) ...
Setting up python3.8-minimal (3.8.10-0ubuntu1~20.04.2) ...
Setting up libcrypt-dev:amd64 (1:4.4.10-10ubuntu4) ...
Setting up libisl22:amd64 (0.22.1-1) ...
Setting up python-pip-whl (20.0.2-5ubuntu1.6) ...
Setting up libbinutils:amd64 (2.34-6ubuntu1.3) ...
Setting up libpython3.8-stdlib:amd64 (3.8.10-0ubuntu1~20.04.2) ...
Setting up libc-dev-bin (2.31-0ubuntu9.2) ...
Setting up python3.8 (3.8.10-0ubuntu1~20.04.2) ...
Setting up libalgorithm-diff-xs-perl (0.04-6) ...
Setting up libcc1-0:amd64 (10.3.0-1ubuntu1~20.04) ...
Setting up liblsan0:amd64 (10.3.0-1ubuntu1~20.04) ...
Setting up libitm1:amd64 (10.3.0-1ubuntu1~20.04) ...
Setting up gcc-9-base:amd64 (9.3.0-17ubuntu1~20.04) ...
Setting up libalgorithm-merge-perl (0.08-3) ...
Setting up libtsan0:amd64 (10.3.0-1ubuntu1~20.04) ...
Setting up libctf0:amd64 (2.34-6ubuntu1.3) ...
Setting up libasan5:amd64 (9.3.0-17ubuntu1~20.04) ...
Setting up libpython3.8:amd64 (3.8.10-0ubuntu1~20.04.2) ...
Setting up python3-pip (20.0.2-5ubuntu1.6) ...
Setting up cpp-9 (9.3.0-17ubuntu1~20.04) ...
Setting up libc6-dev:amd64 (2.31-0ubuntu9.2) ...
Setting up binutils-x86-64-linux-gnu (2.34-6ubuntu1.3) ...
Setting up binutils (2.34-6ubuntu1.3) ...
Setting up dpkg-dev (1.19.7ubuntu3) ...
Setting up libgcc-9-dev:amd64 (9.3.0-17ubuntu1~20.04) ...
Setting up libexpat1-dev:amd64 (2.2.9-1build1) ...
Setting up libpython3.8-dev:amd64 (3.8.10-0ubuntu1~20.04.2) ...
Setting up zlib1g-dev:amd64 (1:1.2.11.dfsg-2ubuntu1.2) ...
Setting up cpp (4:9.3.0-1ubuntu2) ...
Setting up gcc-9 (9.3.0-17ubuntu1~20.04) ...
Setting up libpython3-dev:amd64 (3.8.2-0ubuntu2) ...
Setting up libstdc++-9-dev:amd64 (9.3.0-17ubuntu1~20.04) ...
Setting up gcc (4:9.3.0-1ubuntu2) ...
Setting up g++-9 (9.3.0-17ubuntu1~20.04) ...
Setting up python3.8-dev (3.8.10-0ubuntu1~20.04.2) ...
Setting up g++ (4:9.3.0-1ubuntu2) ...
update-alternatives: using /usr/bin/g++ to provide /usr/bin/c++ (c++) in auto mode
Setting up build-essential (12.8ubuntu1.1) ...
Setting up python3-dev (3.8.2-0ubuntu2) ...
Processing triggers for libc-bin (2.31-0ubuntu9.2) ...
Processing triggers for man-db (2.9.1-1) ...
Processing triggers for mime-support (3.64ubuntu1) ...
ubuntu@ip-172-31-42-44:~/flask$
ubuntu@ip-172-31-42-44:~/flask$ whereis pip3
pip3: /usr/bin/pip3 /usr/share/man/man1/pip3.1.gz
ubuntu@ip-172-31-42-44:~/flask$
ubuntu@ip-172-31-42-44:~/flask$ vi app.py
ubuntu@ip-172-31-42-44:~/flask$
ubuntu@ip-172-31-42-44:~/flask$ python3 app.py
Traceback (most recent call last):
  File "app.py", line 1, in <module>
    from flask import Flask
ModuleNotFoundError: No module named 'flask'
ubuntu@ip-172-31-42-44:~/flask$ pip3 install flask
Collecting flask
  Downloading Flask-2.0.2-py3-none-any.whl (95 kB)
     |████████████████████████████████| 95 kB 2.4 MB/s
Collecting Werkzeug>=2.0
  Downloading Werkzeug-2.0.2-py3-none-any.whl (288 kB)
     |████████████████████████████████| 288 kB 2.9 MB/s
Collecting itsdangerous>=2.0
  Downloading itsdangerous-2.0.1-py3-none-any.whl (18 kB)
Collecting click>=7.1.2
  Downloading click-8.0.3-py3-none-any.whl (97 kB)
     |████████████████████████████████| 97 kB 10.1 MB/s
Collecting Jinja2>=3.0
  Downloading Jinja2-3.0.3-py3-none-any.whl (133 kB)
     |████████████████████████████████| 133 kB 32.7 MB/s
Collecting MarkupSafe>=2.0
  Downloading MarkupSafe-2.0.1-cp38-cp38-manylinux2010_x86_64.whl (30 kB)
Installing collected packages: Werkzeug, itsdangerous, click, MarkupSafe, Jinja2, flask
  WARNING: The script flask is installed in '/home/ubuntu/.local/bin' which is not on PATH.
  Consider adding this directory to PATH or, if you prefer to suppress this warning, use --no-warn-script-location.
Successfully installed Jinja2-3.0.3 MarkupSafe-2.0.1 Werkzeug-2.0.2 click-8.0.3 flask-2.0.2 itsdangerous-2.0.1
ubuntu@ip-172-31-42-44:~/flask$
ubuntu@ip-172-31-42-44:~/flask$
ubuntu@ip-172-31-42-44:~/flask$
ubuntu@ip-172-31-42-44:~/flask$ python3 app.py
 * Serving Flask app 'app' (lazy loading)
 * Environment: production
   WARNING: This is a development server. Do not use it in a production deployment.
   Use a production WSGI server instead.
 * Debug mode: off
 * Running on all addresses.
   WARNING: This is a development server. Do not use it in a production deployment.
 * Running on http://172.31.42.44:8080/ (Press CTRL+C to quit)
^Cubuntu@ip-172-31-42-44:~/flask$
ubuntu@ip-172-31-42-44:~/flask$
ubuntu@ip-172-31-42-44:~/flask$ ps -ef
UID          PID    PPID  C STIME TTY          TIME CMD
root           1       0  0 15:30 ?        00:00:05 /sbin/init
root           2       0  0 15:30 ?        00:00:00 [kthreadd]
root           3       2  0 15:30 ?        00:00:00 [rcu_gp]
root           4       2  0 15:30 ?        00:00:00 [rcu_par_gp]
root           5       2  0 15:30 ?        00:00:00 [kworker/0:0-cgroup_destroy]
root           6       2  0 15:30 ?        00:00:00 [kworker/0:0H-events_highpri]
root           9       2  0 15:30 ?        00:00:00 [mm_percpu_wq]
root          10       2  0 15:30 ?        00:00:00 [rcu_tasks_rude_]
root          11       2  0 15:30 ?        00:00:00 [rcu_tasks_trace]
root          12       2  0 15:30 ?        00:00:00 [ksoftirqd/0]
root          13       2  0 15:30 ?        00:00:00 [rcu_sched]
root          14       2  0 15:30 ?        00:00:00 [migration/0]
root          15       2  0 15:30 ?        00:00:00 [idle_inject/0]
root          16       2  0 15:30 ?        00:00:00 [cpuhp/0]
root          17       2  0 15:30 ?        00:00:00 [kdevtmpfs]
root          18       2  0 15:30 ?        00:00:00 [netns]
root          19       2  0 15:30 ?        00:00:00 [inet_frag_wq]
root          20       2  0 15:30 ?        00:00:00 [kauditd]
root          21       2  0 15:30 ?        00:00:00 [khungtaskd]
root          22       2  0 15:30 ?        00:00:00 [oom_reaper]
root          23       2  0 15:30 ?        00:00:00 [writeback]
root          24       2  0 15:30 ?        00:00:00 [kcompactd0]
root          25       2  0 15:30 ?        00:00:00 [ksmd]
root          26       2  0 15:30 ?        00:00:00 [khugepaged]
root          72       2  0 15:30 ?        00:00:00 [kintegrityd]
root          73       2  0 15:30 ?        00:00:00 [kblockd]
root          74       2  0 15:30 ?        00:00:00 [blkcg_punt_bio]
root          75       2  0 15:30 ?        00:00:00 [xen-balloon]
root          76       2  0 15:30 ?        00:00:00 [tpm_dev_wq]
root          77       2  0 15:30 ?        00:00:00 [ata_sff]
root          78       2  0 15:30 ?        00:00:00 [md]
root          79       2  0 15:30 ?        00:00:00 [edac-poller]
root          80       2  0 15:30 ?        00:00:00 [devfreq_wq]
root          81       2  0 15:30 ?        00:00:00 [watchdogd]
root          82       2  0 15:30 ?        00:00:00 [kworker/u30:1-events_unbound]
root          83       2  0 15:30 ?        00:00:00 [kworker/0:1H-kblockd]
root          85       2  0 15:30 ?        00:00:00 [kswapd0]
root          86       2  0 15:30 ?        00:00:00 [ecryptfs-kthrea]
root          88       2  0 15:30 ?        00:00:00 [kthrotld]
root          89       2  0 15:30 ?        00:00:00 [acpi_thermal_pm]
root          90       2  0 15:30 ?        00:00:00 [xenbus]
root          91       2  0 15:30 ?        00:00:00 [xenwatch]
root          92       2  0 15:30 ?        00:00:00 [nvme-wq]
root          93       2  0 15:30 ?        00:00:00 [nvme-reset-wq]
root          94       2  0 15:30 ?        00:00:00 [nvme-delete-wq]
root          95       2  0 15:30 ?        00:00:00 [scsi_eh_0]
root          96       2  0 15:30 ?        00:00:00 [scsi_tmf_0]
root          97       2  0 15:30 ?        00:00:00 [scsi_eh_1]
root          98       2  0 15:30 ?        00:00:00 [scsi_tmf_1]
root         100       2  0 15:30 ?        00:00:00 [vfio-irqfd-clea]
root         101       2  0 15:30 ?        00:00:00 [ipv6_addrconf]
root         110       2  0 15:30 ?        00:00:00 [kstrp]
root         113       2  0 15:30 ?        00:00:00 [zswap-shrink]
root         114       2  0 15:30 ?        00:00:00 [kworker/u31:0]
root         119       2  0 15:30 ?        00:00:00 [charger_manager]
root         120       2  0 15:30 ?        00:00:00 [jbd2/xvda1-8]
root         121       2  0 15:30 ?        00:00:00 [ext4-rsv-conver]
root         160       1  0 15:30 ?        00:00:00 /lib/systemd/systemd-journald
root         177       2  0 15:30 ?        00:00:00 [kworker/0:2-events]
root         192       1  0 15:30 ?        00:00:00 /lib/systemd/systemd-udevd
root         203       2  0 15:30 ?        00:00:00 [cryptd]
root         260       2  0 15:30 ?        00:00:00 [kaluad]
root         261       2  0 15:30 ?        00:00:00 [kmpath_rdacd]
root         262       2  0 15:30 ?        00:00:00 [kmpathd]
root         263       2  0 15:30 ?        00:00:00 [kmpath_handlerd]
root         264       1  0 15:30 ?        00:00:00 /sbin/multipathd -d -s
root         272       2  0 15:30 ?        00:00:00 [loop0]
root         274       2  0 15:30 ?        00:00:00 [loop1]
root         276       2  0 15:30 ?        00:00:00 [loop2]
root         278       2  0 15:30 ?        00:00:00 [loop3]
root         280       2  0 15:30 ?        00:00:00 [loop4]
systemd+     304       1  0 15:30 ?        00:00:00 /lib/systemd/systemd-timesyncd
systemd+     375       1  0 15:30 ?        00:00:00 /lib/systemd/systemd-networkd
systemd+     379       1  0 15:30 ?        00:00:00 /lib/systemd/systemd-resolved
root         434       1  0 15:30 ?        00:00:00 /usr/lib/accountsservice/accounts-daemon
root         435       1  0 15:30 ?        00:00:00 /usr/sbin/acpid
root         442       1  0 15:30 ?        00:00:00 /usr/sbin/cron -f
message+     443       1  0 15:30 ?        00:00:00 /usr/bin/dbus-daemon --system --address=systemd: --nofork --nopidfile --systemd-activation --sy
root         452       1  0 15:30 ?        00:00:00 /usr/bin/python3 /usr/bin/networkd-dispatcher --run-startup-triggers
syslog       454       1  0 15:30 ?        00:00:00 /usr/sbin/rsyslogd -n -iNONE
root         455       1  0 15:30 ?        00:00:01 /usr/lib/snapd/snapd
root         457       1  0 15:30 ?        00:00:00 /lib/systemd/systemd-logind
root         464       1  0 15:30 ?        00:00:00 /usr/lib/udisks2/udisksd
daemon       465       1  0 15:30 ?        00:00:00 /usr/sbin/atd -f
root         593       1  0 15:30 ttyS0    00:00:00 /sbin/agetty -o -p -- \u --keep-baud 115200,38400,9600 ttyS0 vt220
root         621       1  0 15:30 tty1     00:00:00 /sbin/agetty -o -p -- \u --noclear tty1 linux
root         622       1  0 15:30 ?        00:00:00 /usr/lib/policykit-1/polkitd --no-debug
root         627       1  0 15:30 ?        00:00:00 /usr/bin/python3 /usr/share/unattended-upgrades/unattended-upgrade-shutdown --wait-for-signal
root         648       1  0 15:30 ?        00:00:00 sshd: /usr/sbin/sshd -D -o AuthorizedKeysCommand /usr/share/ec2-instance-connect/eic_run_author
root        1076       1  0 15:30 ?        00:00:00 /snap/amazon-ssm-agent/4046/amazon-ssm-agent
root        1099    1076  0 15:30 ?        00:00:00 /snap/amazon-ssm-agent/4046/ssm-agent-worker
root        1279       2  0 15:38 ?        00:00:00 [kworker/u30:0-events_unbound]
root        1281     648  0 15:39 ?        00:00:00 sshd: ubuntu [priv]
ubuntu      1284       1  0 15:39 ?        00:00:00 /lib/systemd/systemd --user
ubuntu      1285    1284  0 15:39 ?        00:00:00 (sd-pam)
ubuntu      1362    1281  0 15:39 ?        00:00:00 sshd: ubuntu@pts/0
ubuntu      1363    1362  0 15:39 pts/0    00:00:00 -bash
root        2218       1  0 15:42 ?        00:00:00 /usr/sbin/apache2 -k start
www-data    2220    2218  0 15:42 ?        00:00:00 /usr/sbin/apache2 -k start
www-data    2221    2218  0 15:42 ?        00:00:00 /usr/sbin/apache2 -k start
root        2632       2  0 15:43 ?        00:00:00 bpfilter_umh
ubuntu      8354    1284  0 15:56 ?        00:00:00 /usr/bin/dbus-daemon --session --address=systemd: --nofork --nopidfile --systemd-activation --s
ubuntu      8371    1363  0 16:03 pts/0    00:00:00 ps -ef
ubuntu@ip-172-31-42-44:~/flask$ ps -ef | grep -w
Usage: grep [OPTION]... PATTERNS [FILE]...
Try 'grep --help' for more information.
ubuntu@ip-172-31-42-44:~/flask$
ubuntu@ip-172-31-42-44:~/flask$ ps -ef | grep -w "8080"
ubuntu      8375    1363  0 16:04 pts/0    00:00:00 grep --color=auto -w 8080
ubuntu@ip-172-31-42-44:~/flask$ kill -9 8375
-bash: kill: (8375) - No such process
ubuntu@ip-172-31-42-44:~/flask$ ps -ef | grep flask
ubuntu      8377    1363  0 16:04 pts/0    00:00:00 grep --color=auto flask
ubuntu@ip-172-31-42-44:~/flask$
ubuntu@ip-172-31-42-44:~/flask$
ubuntu@ip-172-31-42-44:~/flask$
ubuntu@ip-172-31-42-44:~/flask$ python3 app.py
 * Serving Flask app 'app' (lazy loading)
 * Environment: production
   WARNING: This is a development server. Do not use it in a production deployment.
   Use a production WSGI server instead.
 * Debug mode: off
 * Running on all addresses.
   WARNING: This is a development server. Do not use it in a production deployment.
 * Running on http://172.31.42.44:8080/ (Press CTRL+C to quit)

^Cubuntu@ip-172-31-42-44:~/flask$
ubuntu@ip-172-31-42-44:~/flask$
ubuntu@ip-172-31-42-44:~/flask$
ubuntu@ip-172-31-42-44:~/flask$
ubuntu@ip-172-31-42-44:~/flask$ sudo systemctl status apache2
● apache2.service - The Apache HTTP Server
     Loaded: loaded (/lib/systemd/system/apache2.service; enabled; vendor preset: enabled)
     Active: active (running) since Sun 2022-01-02 15:42:08 UTC; 23min ago
       Docs: https://httpd.apache.org/docs/2.4/
   Main PID: 2218 (apache2)
      Tasks: 55 (limit: 1147)
     Memory: 6.2M
     CGroup: /system.slice/apache2.service
             ├─2218 /usr/sbin/apache2 -k start
             ├─2220 /usr/sbin/apache2 -k start
             └─2221 /usr/sbin/apache2 -k start

Jan 02 15:42:08 ip-172-31-42-44 systemd[1]: Starting The Apache HTTP Server...
Jan 02 15:42:08 ip-172-31-42-44 systemd[1]: Started The Apache HTTP Server.
ubuntu@ip-172-31-42-44:~/flask$
ubuntu@ip-172-31-42-44:~/flask$
ubuntu@ip-172-31-42-44:~/flask$ vi app.py
ubuntu@ip-172-31-42-44:~/flask$
ubuntu@ip-172-31-42-44:~/flask$
ubuntu@ip-172-31-42-44:~/flask$ python3 app.py
 * Serving Flask app 'app' (lazy loading)
 * Environment: production
   WARNING: This is a development server. Do not use it in a production deployment.
   Use a production WSGI server instead.
 * Debug mode: off
 * Running on all addresses.
   WARNING: This is a development server. Do not use it in a production deployment.
 * Running on http://172.31.42.44:5000/ (Press CTRL+C to quit)
^Cubuntu@ip-172-31-42-44:~/flask$
ubuntu@ip-172-31-42-44:~/flask$
ubuntu@ip-172-31-42-44:~/flask$
ubuntu@ip-172-31-42-44:~/flask$
ubuntu@ip-172-31-42-44:~/flask$ python3 app.py
 * Serving Flask app 'app' (lazy loading)
 * Environment: production
   WARNING: This is a development server. Do not use it in a production deployment.
   Use a production WSGI server instead.
 * Debug mode: off
 * Running on all addresses.
   WARNING: This is a development server. Do not use it in a production deployment.
 * Running on http://172.31.42.44:5000/ (Press CTRL+C to quit)
^Cubuntu@ip-172-31-42-44:~/flask$
ubuntu@ip-172-31-42-44:~/flask$
ubuntu@ip-172-31-42-44:~/flask$
ubuntu@ip-172-31-42-44:~/flask$ vi app.py
ubuntu@ip-172-31-42-44:~/flask$
ubuntu@ip-172-31-42-44:~/flask$
ubuntu@ip-172-31-42-44:~/flask$ python3 app.py
 * Serving Flask app 'app' (lazy loading)
 * Environment: production
   WARNING: This is a development server. Do not use it in a production deployment.
   Use a production WSGI server instead.
 * Debug mode: off
Traceback (most recent call last):
  File "app.py", line 9, in <module>
    app.run(host='0.0.0.0',port=80)
  File "/home/ubuntu/.local/lib/python3.8/site-packages/flask/app.py", line 920, in run
    run_simple(t.cast(str, host), port, self, **options)
  File "/home/ubuntu/.local/lib/python3.8/site-packages/werkzeug/serving.py", line 1010, in run_simple
    inner()
  File "/home/ubuntu/.local/lib/python3.8/site-packages/werkzeug/serving.py", line 950, in inner
    srv = make_server(
  File "/home/ubuntu/.local/lib/python3.8/site-packages/werkzeug/serving.py", line 782, in make_server
    return ThreadedWSGIServer(
  File "/home/ubuntu/.local/lib/python3.8/site-packages/werkzeug/serving.py", line 688, in __init__
    super().__init__(server_address, handler)  # type: ignore
  File "/usr/lib/python3.8/socketserver.py", line 452, in __init__
    self.server_bind()
  File "/usr/lib/python3.8/http/server.py", line 138, in server_bind
    socketserver.TCPServer.server_bind(self)
  File "/usr/lib/python3.8/socketserver.py", line 466, in server_bind
    self.socket.bind(self.server_address)
PermissionError: [Errno 13] Permission denied
ubuntu@ip-172-31-42-44:~/flask$ sudo systemctl status apache2
● apache2.service - The Apache HTTP Server
     Loaded: loaded (/lib/systemd/system/apache2.service; enabled; vendor preset: enabled)
     Active: active (running) since Sun 2022-01-02 15:42:08 UTC; 25min ago
       Docs: https://httpd.apache.org/docs/2.4/
   Main PID: 2218 (apache2)
      Tasks: 55 (limit: 1147)
     Memory: 6.3M
     CGroup: /system.slice/apache2.service
             ├─2218 /usr/sbin/apache2 -k start
             ├─2220 /usr/sbin/apache2 -k start
             └─2221 /usr/sbin/apache2 -k start

Jan 02 15:42:08 ip-172-31-42-44 systemd[1]: Starting The Apache HTTP Server...
Jan 02 15:42:08 ip-172-31-42-44 systemd[1]: Started The Apache HTTP Server.
ubuntu@ip-172-31-42-44:~/flask$ sudo systemctl stop apache2
ubuntu@ip-172-31-42-44:~/flask$
ubuntu@ip-172-31-42-44:~/flask$
ubuntu@ip-172-31-42-44:~/flask$ sudo systemctl status apache2
● apache2.service - The Apache HTTP Server
     Loaded: loaded (/lib/systemd/system/apache2.service; enabled; vendor preset: enabled)
     Active: inactive (dead) since Sun 2022-01-02 16:07:20 UTC; 2s ago
       Docs: https://httpd.apache.org/docs/2.4/
    Process: 8415 ExecStop=/usr/sbin/apachectl stop (code=exited, status=0/SUCCESS)
   Main PID: 2218 (code=exited, status=0/SUCCESS)

Jan 02 15:42:08 ip-172-31-42-44 systemd[1]: Starting The Apache HTTP Server...
Jan 02 15:42:08 ip-172-31-42-44 systemd[1]: Started The Apache HTTP Server.
Jan 02 16:07:20 ip-172-31-42-44 systemd[1]: Stopping The Apache HTTP Server...
Jan 02 16:07:20 ip-172-31-42-44 systemd[1]: apache2.service: Succeeded.
Jan 02 16:07:20 ip-172-31-42-44 systemd[1]: Stopped The Apache HTTP Server.
ubuntu@ip-172-31-42-44:~/flask$
ubuntu@ip-172-31-42-44:~/flask$ python3 app.py
 * Serving Flask app 'app' (lazy loading)
 * Environment: production
   WARNING: This is a development server. Do not use it in a production deployment.
   Use a production WSGI server instead.
 * Debug mode: off
Traceback (most recent call last):
  File "app.py", line 9, in <module>
    app.run(host='0.0.0.0',port=80)
  File "/home/ubuntu/.local/lib/python3.8/site-packages/flask/app.py", line 920, in run
    run_simple(t.cast(str, host), port, self, **options)
  File "/home/ubuntu/.local/lib/python3.8/site-packages/werkzeug/serving.py", line 1010, in run_simple
    inner()
  File "/home/ubuntu/.local/lib/python3.8/site-packages/werkzeug/serving.py", line 950, in inner
    srv = make_server(
  File "/home/ubuntu/.local/lib/python3.8/site-packages/werkzeug/serving.py", line 782, in make_server
    return ThreadedWSGIServer(
  File "/home/ubuntu/.local/lib/python3.8/site-packages/werkzeug/serving.py", line 688, in __init__
    super().__init__(server_address, handler)  # type: ignore
  File "/usr/lib/python3.8/socketserver.py", line 452, in __init__
    self.server_bind()
  File "/usr/lib/python3.8/http/server.py", line 138, in server_bind
    socketserver.TCPServer.server_bind(self)
  File "/usr/lib/python3.8/socketserver.py", line 466, in server_bind
    self.socket.bind(self.server_address)
PermissionError: [Errno 13] Permission denied
ubuntu@ip-172-31-42-44:~/flask$
ubuntu@ip-172-31-42-44:~/flask$
ubuntu@ip-172-31-42-44:~/flask$
ubuntu@ip-172-31-42-44:~/flask$ vi app.py
ubuntu@ip-172-31-42-44:~/flask$
ubuntu@ip-172-31-42-44:~/flask$
ubuntu@ip-172-31-42-44:~/flask$ flask help

Command 'flask' not found, but can be installed with:

sudo apt install python3-flask

ubuntu@ip-172-31-42-44:~/flask$ sudo apt install python3-flask
Reading package lists... Done
Building dependency tree
Reading state information... Done
The following additional packages will be installed:
  javascript-common libjs-jquery python3-itsdangerous python3-pyinotify python3-werkzeug
Suggested packages:
  python-flask-doc python-pyinotify-doc ipython3 python-werkzeug-doc python3-lxml python3-termcolor python3-watchdog
The following NEW packages will be installed:
  javascript-common libjs-jquery python3-flask python3-itsdangerous python3-pyinotify python3-werkzeug
0 upgraded, 6 newly installed, 0 to remove and 11 not upgraded.
Need to get 637 kB of archives.
After this operation, 2296 kB of additional disk space will be used.
Do you want to continue? [Y/n] y
Get:1 http://ap-south-1.ec2.archive.ubuntu.com/ubuntu focal/main amd64 javascript-common all 11 [6066 B]
Get:2 http://ap-south-1.ec2.archive.ubuntu.com/ubuntu focal/main amd64 libjs-jquery all 3.3.1~dfsg-3 [329 kB]
Get:3 http://ap-south-1.ec2.archive.ubuntu.com/ubuntu focal/main amd64 python3-itsdangerous all 1.1.0-1 [14.6 kB]
Get:4 http://ap-south-1.ec2.archive.ubuntu.com/ubuntu focal/main amd64 python3-werkzeug all 0.16.1+dfsg1-2 [183 kB]
Get:5 http://ap-south-1.ec2.archive.ubuntu.com/ubuntu focal/main amd64 python3-flask all 1.1.1-2 [80.3 kB]
Get:6 http://ap-south-1.ec2.archive.ubuntu.com/ubuntu focal/main amd64 python3-pyinotify all 0.9.6-1.2ubuntu1 [24.8 kB]
Fetched 637 kB in 9s (74.4 kB/s)
Selecting previously unselected package javascript-common.
(Reading database ... 70733 files and directories currently installed.)
Preparing to unpack .../0-javascript-common_11_all.deb ...
Unpacking javascript-common (11) ...
Selecting previously unselected package libjs-jquery.
Preparing to unpack .../1-libjs-jquery_3.3.1~dfsg-3_all.deb ...
Unpacking libjs-jquery (3.3.1~dfsg-3) ...
Selecting previously unselected package python3-itsdangerous.
Preparing to unpack .../2-python3-itsdangerous_1.1.0-1_all.deb ...
Unpacking python3-itsdangerous (1.1.0-1) ...
Selecting previously unselected package python3-werkzeug.
Preparing to unpack .../3-python3-werkzeug_0.16.1+dfsg1-2_all.deb ...
Unpacking python3-werkzeug (0.16.1+dfsg1-2) ...
Selecting previously unselected package python3-flask.
Preparing to unpack .../4-python3-flask_1.1.1-2_all.deb ...
Unpacking python3-flask (1.1.1-2) ...
Selecting previously unselected package python3-pyinotify.
Preparing to unpack .../5-python3-pyinotify_0.9.6-1.2ubuntu1_all.deb ...
Unpacking python3-pyinotify (0.9.6-1.2ubuntu1) ...
Setting up javascript-common (11) ...
apache2_invoke: Enable configuration javascript-common
apache2.service is not active, cannot reload.
invoke-rc.d: initscript apache2, action "reload" failed.
Setting up python3-pyinotify (0.9.6-1.2ubuntu1) ...
Setting up python3-itsdangerous (1.1.0-1) ...
Setting up libjs-jquery (3.3.1~dfsg-3) ...
Setting up python3-werkzeug (0.16.1+dfsg1-2) ...
Setting up python3-flask (1.1.1-2) ...
ubuntu@ip-172-31-42-44:~/flask$
ubuntu@ip-172-31-42-44:~/flask$
ubuntu@ip-172-31-42-44:~/flask$ vi app.py
ubuntu@ip-172-31-42-44:~/flask$
ubuntu@ip-172-31-42-44:~/flask$
ubuntu@ip-172-31-42-44:~/flask$ sudo FLASK_APP=app.py flask run --host=0.0.0.0 --port=8080
 * Serving Flask app "app.py"
 * Environment: production
   WARNING: This is a development server. Do not use it in a production deployment.
   Use a production WSGI server instead.
 * Debug mode: off
 * Running on http://0.0.0.0:8080/ (Press CTRL+C to quit)
^Cubuntu@ip-172-31-42-44:~/flask$
ubuntu@ip-172-31-42-44:~/flask$
ubuntu@ip-172-31-42-44:~/flask$ sudo FLASK_APP=app.py flask run --host=0.0.0.0 --port=80
 * Serving Flask app "app.py"
 * Environment: production
   WARNING: This is a development server. Do not use it in a production deployment.
   Use a production WSGI server instead.
 * Debug mode: off
 * Running on http://0.0.0.0:80/ (Press CTRL+C to quit)
103.145.229.158 - - [02/Jan/2022 16:13:50] "GET / HTTP/1.1" 200 -
^Cubuntu@ip-172-31-42-44:~/flask$ sudo FLASK_APP=app.py flask run --host=0.0.0.0 --port=5000
 * Serving Flask app "app.py"
 * Environment: production
   WARNING: This is a development server. Do not use it in a production deployment.
   Use a production WSGI server instead.
 * Debug mode: off
 * Running on http://0.0.0.0:5000/ (Press CTRL+C to quit)
^Cubuntu@ip-172-31-42-44:~/flask$
ubuntu@ip-172-31-42-44:~/flask$
ubuntu@ip-172-31-42-44:~/flask$ sudo ufw status
Status: active

To                         Action      From
--                         ------      ----
Apache                     ALLOW       Anywhere
Apache (v6)                ALLOW       Anywhere (v6)

ubuntu@ip-172-31-42-44:~/flask$ sudo ufw disable
Firewall stopped and disabled on system startup
ubuntu@ip-172-31-42-44:~/flask$
ubuntu@ip-172-31-42-44:~/flask$
ubuntu@ip-172-31-42-44:~/flask$
ubuntu@ip-172-31-42-44:~/flask$ ps -ef | grep 80
root          80       2  0 15:30 ?        00:00:00 [devfreq_wq]
root         280       2  0 15:30 ?        00:00:00 [loop4]
ubuntu      8965    1363  0 16:16 pts/0    00:00:00 grep --color=auto 80
ubuntu@ip-172-31-42-44:~/flask$ ps -ef | grep -w "80"
root          80       2  0 15:30 ?        00:00:00 [devfreq_wq]
ubuntu      8967    1363  0 16:16 pts/0    00:00:00 grep --color=auto -w 80
ubuntu@ip-172-31-42-44:~/flask$ ps -ef | grep -w "8080"
ubuntu      8969    1363  0 16:16 pts/0    00:00:00 grep --color=auto -w 8080
ubuntu@ip-172-31-42-44:~/flask$ sudo ps -ef | grep -w "8080"
ubuntu      8974    1363  0 16:17 pts/0    00:00:00 grep --color=auto -w 8080
ubuntu@ip-172-31-42-44:~/flask$ sudo ps -ef | grep -w "80"
root          80       2  0 15:30 ?        00:00:00 [devfreq_wq]
ubuntu      8977    1363  0 16:17 pts/0    00:00:00 grep --color=auto -w 80
ubuntu@ip-172-31-42-44:~/flask$
ubuntu@ip-172-31-42-44:~/flask$
ubuntu@ip-172-31-42-44:~/flask$ sudo FLASK_APP=app.py flask run --host=0.0.0.0 --port=8080
 * Serving Flask app "app.py"
 * Environment: production
   WARNING: This is a development server. Do not use it in a production deployment.
   Use a production WSGI server instead.
 * Debug mode: off
 * Running on http://0.0.0.0:8080/ (Press CTRL+C to quit)
103.145.229.158 - - [02/Jan/2022 16:17:38] "GET / HTTP/1.1" 200 -
103.145.229.158 - - [02/Jan/2022 16:17:38] "GET /favicon.ico HTTP/1.1" 404 -
^Cubuntu@ip-172-31-42-44:~/flask$
ubuntu@ip-172-31-42-44:~/flask$
ubuntu@ip-172-31-42-44:~/flask$ sudo FLASK_APP=app.py flask run --host=0.0.0.0 --port=5000
 * Serving Flask app "app.py"
 * Environment: production
   WARNING: This is a development server. Do not use it in a production deployment.
   Use a production WSGI server instead.
 * Debug mode: off
 * Running on http://0.0.0.0:5000/ (Press CTRL+C to quit)
103.145.229.158 - - [02/Jan/2022 16:23:20] "GET / HTTP/1.1" 200 -
103.145.229.158 - - [02/Jan/2022 16:23:20] "GET /favicon.ico HTTP/1.1" 404 -
^Cubuntu@ip-172-31-42-44:~/flask$
ubuntu@ip-172-31-42-44:~/flask$ sudo ufw app list
Available applications:
  Apache
  Apache Full
  Apache Secure
  OpenSSH
ubuntu@ip-172-31-42-44:~/flask$ sudo ufw help

Usage: ufw COMMAND

Commands:
 enable                          enables the firewall
 disable                         disables the firewall
 default ARG                     set default policy
 logging LEVEL                   set logging to LEVEL
 allow ARGS                      add allow rule
 deny ARGS                       add deny rule
 reject ARGS                     add reject rule
 limit ARGS                      add limit rule
 delete RULE|NUM                 delete RULE
 insert NUM RULE                 insert RULE at NUM
 route RULE                      add route RULE
 route delete RULE|NUM           delete route RULE
 route insert NUM RULE           insert route RULE at NUM
 reload                          reload firewall
 reset                           reset firewall
 status                          show firewall status
 status numbered                 show firewall status as numbered list of RULES
 status verbose                  show verbose firewall status
 show ARG                        show firewall report
 version                         display version information

Application profile commands:
 app list                        list application profiles
 app info PROFILE                show information on PROFILE
 app update PROFILE              update PROFILE
 app default ARG                 set default application policy

ubuntu@ip-172-31-42-44:~/flask$ sudo ufw enable
Command may disrupt existing ssh connections. Proceed with operation (y|n)? y
Firewall is active and enabled on system startup
ubuntu@ip-172-31-42-44:~/flask$ sudo ufw app list
Available applications:
  Apache
  Apache Full
  Apache Secure
  OpenSSH
ubuntu@ip-172-31-42-44:~/flask$ sudo ufw show
ERROR: Invalid syntax

Usage: ufw COMMAND

Commands:
 enable                          enables the firewall
 disable                         disables the firewall
 default ARG                     set default policy
 logging LEVEL                   set logging to LEVEL
 allow ARGS                      add allow rule
 deny ARGS                       add deny rule
 reject ARGS                     add reject rule
 limit ARGS                      add limit rule
 delete RULE|NUM                 delete RULE
 insert NUM RULE                 insert RULE at NUM
 route RULE                      add route RULE
 route delete RULE|NUM           delete route RULE
 route insert NUM RULE           insert route RULE at NUM
 reload                          reload firewall
 reset                           reset firewall
 status                          show firewall status
 status numbered                 show firewall status as numbered list of RULES
 status verbose                  show verbose firewall status
 show ARG                        show firewall report
 version                         display version information

Application profile commands:
 app list                        list application profiles
 app info PROFILE                show information on PROFILE
 app update PROFILE              update PROFILE
 app default ARG                 set default application policy

ubuntu@ip-172-31-42-44:~/flask$ sudo ufw status
Status: active

To                         Action      From
--                         ------      ----
Apache                     ALLOW       Anywhere
Apache (v6)                ALLOW       Anywhere (v6)

ubuntu@ip-172-31-42-44:~/flask$ sudo ufw deny apache
Rule updated
Rule updated (v6)
ubuntu@ip-172-31-42-44:~/flask$
ubuntu@ip-172-31-42-44:~/flask$
ubuntu@ip-172-31-42-44:~/flask$ sudo ufw status
Status: active

To                         Action      From
--                         ------      ----
Apache                     DENY        Anywhere
Apache (v6)                DENY        Anywhere (v6)

ubuntu@ip-172-31-42-44:~/flask$ sudo ufw reset
Resetting all rules to installed defaults. This may disrupt existing ssh
connections. Proceed with operation (y|n)? y
Backing up 'user.rules' to '/etc/ufw/user.rules.20220102_162524'
Backing up 'before.rules' to '/etc/ufw/before.rules.20220102_162524'
Backing up 'after.rules' to '/etc/ufw/after.rules.20220102_162524'
Backing up 'user6.rules' to '/etc/ufw/user6.rules.20220102_162524'
Backing up 'before6.rules' to '/etc/ufw/before6.rules.20220102_162524'
Backing up 'after6.rules' to '/etc/ufw/after6.rules.20220102_162524'

ubuntu@ip-172-31-42-44:~/flask$
ubuntu@ip-172-31-42-44:~/flask$
ubuntu@ip-172-31-42-44:~/flask$
ubuntu@ip-172-31-42-44:~/flask$ sudo ufw status
Status: inactive
ubuntu@ip-172-31-42-44:~/flask$ sudo FLASK_APP=app.py flask run --host=0.0.0.0 --port=5000
 * Serving Flask app "app.py"
 * Environment: production
   WARNING: This is a development server. Do not use it in a production deployment.
   Use a production WSGI server instead.
 * Debug mode: off
 * Running on http://0.0.0.0:5000/ (Press CTRL+C to quit)
103.145.229.158 - - [02/Jan/2022 16:25:48] "GET / HTTP/1.1" 200 -
^Cubuntu@ip-172-31-42-44:~/flask$ sudo ufw enable
Command may disrupt existing ssh connections. Proceed with operation (y|n)? y
Firewall is active and enabled on system startup
ubuntu@ip-172-31-42-44:~/flask$ sudo ufw status
Status: active
ubuntu@ip-172-31-42-44:~/flask$ sudo ufw app list
Available applications:
  Apache
  Apache Full
  Apache Secure
  OpenSSH
ubuntu@ip-172-31-42-44:~/flask$
ubuntu@ip-172-31-42-44:~/flask$ sudo FLASK_APP=app.py flask run --host=0.0.0.0 --port=5000
 * Serving Flask app "app.py"
 * Environment: production
   WARNING: This is a development server. Do not use it in a production deployment.
   Use a production WSGI server instead.
 * Debug mode: off
 * Running on http://0.0.0.0:5000/ (Press CTRL+C to quit)
^Cubuntu@ip-172-31-42-44:~/flask$
ubuntu@ip-172-31-42-44:~/flask$
ubuntu@ip-172-31-42-44:~/flask$ sudo ufw status
Status: active
ubuntu@ip-172-31-42-44:~/flask$ sudo ufw disable
Firewall stopped and disabled on system startup
ubuntu@ip-172-31-42-44:~/flask$ sudo ufw status
Status: inactive
ubuntu@ip-172-31-42-44:~/flask$
ubuntu@ip-172-31-42-44:~/flask$ sudo FLASK_APP=app.py flask run --host=0.0.0.0 --port=5000
 * Serving Flask app "app.py"
 * Environment: production
   WARNING: This is a development server. Do not use it in a production deployment.
   Use a production WSGI server instead.
 * Debug mode: off
 * Running on http://0.0.0.0:5000/ (Press CTRL+C to quit)
103.145.229.158 - - [02/Jan/2022 16:28:39] "GET / HTTP/1.1" 200 -
^Cubuntu@ip-172-31-42-44:~/flask$
ubuntu@ip-172-31-42-44:~/flask$
ubuntu@ip-172-31-42-44:~/flask$ sudo FLASK_APP=app.py flask run --host=0.0.0.0 --port=5000
 * Serving Flask app "app.py"
 * Environment: production
   WARNING: This is a development server. Do not use it in a production deployment.
   Use a production WSGI server instead.
 * Debug mode: off
 * Running on http://0.0.0.0:5000/ (Press CTRL+C to quit)
^Cubuntu@ip-172-31-42-44:~/flask$
ubuntu@ip-172-31-42-44:~/flask$ sudo FLASK_APP=app.py flask run --host=0.0.0.0 --port=8080
 * Serving Flask app "app.py"
 * Environment: production
   WARNING: This is a development server. Do not use it in a production deployment.
   Use a production WSGI server instead.
 * Debug mode: off
 * Running on http://0.0.0.0:8080/ (Press CTRL+C to quit)
103.145.229.158 - - [02/Jan/2022 16:29:29] "GET / HTTP/1.1" 200 -
^Cubuntu@ip-172-31-42-44:~/flask$
ubuntu@ip-172-31-42-44:~/flask$
ubuntu@ip-172-31-42-44:~/flask$ sudo ufw status
Status: inactive
ubuntu@ip-172-31-42-44:~/flask$ pwd
/home/ubuntu/flask
ubuntu@ip-172-31-42-44:~/flask$ cd ~
ubuntu@ip-172-31-42-44:~$ cd -
/home/ubuntu/flask
ubuntu@ip-172-31-42-44:~/flask$
ubuntu@ip-172-31-42-44:~/flask$ Status: inactive
Status:: command not found
ubuntu@ip-172-31-42-44:~/flask$
ubuntu@ip-172-31-42-44:~/flask$
ubuntu@ip-172-31-42-44:~/flask$ sudo ufw app list
Available applications:
  Apache
  Apache Full
  Apache Secure
  OpenSSH
ubuntu@ip-172-31-42-44:~/flask$
ubuntu@ip-172-31-42-44:~/flask$ sudo ufw help

Usage: ufw COMMAND

Commands:
 enable                          enables the firewall
 disable                         disables the firewall
 default ARG                     set default policy
 logging LEVEL                   set logging to LEVEL
 allow ARGS                      add allow rule
 deny ARGS                       add deny rule
 reject ARGS                     add reject rule
 limit ARGS                      add limit rule
 delete RULE|NUM                 delete RULE
 insert NUM RULE                 insert RULE at NUM
 route RULE                      add route RULE
 route delete RULE|NUM           delete route RULE
 route insert NUM RULE           insert route RULE at NUM
 reload                          reload firewall
 reset                           reset firewall
 status                          show firewall status
 status numbered                 show firewall status as numbered list of RULES
 status verbose                  show verbose firewall status
 show ARG                        show firewall report
 version                         display version information

Application profile commands:
 app list                        list application profiles
 app info PROFILE                show information on PROFILE
 app update PROFILE              update PROFILE
 app default ARG                 set default application policy

ubuntu@ip-172-31-42-44:~/flask$
ubuntu@ip-172-31-42-44:~/flask$ sudo ufw status
Status: inactive
ubuntu@ip-172-31-42-44:~/flask$ sudo ufw enable
Command may disrupt existing ssh connections. Proceed with operation (y|n)? y
Firewall is active and enabled on system startup
ubuntu@ip-172-31-42-44:~/flask$ sudo ufw status
Status: active
ubuntu@ip-172-31-42-44:~/flask$ sudo ufw allow apache
Rule added
Rule added (v6)
ubuntu@ip-172-31-42-44:~/flask$
ubuntu@ip-172-31-42-44:~/flask$ sudo ufw status
Status: active

To                         Action      From
--                         ------      ----
Apache                     ALLOW       Anywhere
Apache (v6)                ALLOW       Anywhere (v6)

ubuntu@ip-172-31-42-44:~/flask$ sudo ufw deny apache
Rule updated
Rule updated (v6)
ubuntu@ip-172-31-42-44:~/flask$ sudo ufw status
Status: active

To                         Action      From
--                         ------      ----
Apache                     DENY        Anywhere
Apache (v6)                DENY        Anywhere (v6)

ubuntu@ip-172-31-42-44:~/flask$
ubuntu@ip-172-31-42-44:~/flask$ sudo ufw status
Status: active

To                         Action      From
--                         ------      ----
Apache                     DENY        Anywhere
Apache (v6)                DENY        Anywhere (v6)

ubuntu@ip-172-31-42-44:~/flask$
ubuntu@ip-172-31-42-44:~/flask$
ubuntu@ip-172-31-42-44:~/flask$ sudo FLASK_APP=app.py flask run --host=0.0.0.0 --port=8080
 * Serving Flask app "app.py"
 * Environment: production
   WARNING: This is a development server. Do not use it in a production deployment.
   Use a production WSGI server instead.
 * Debug mode: off
 * Running on http://0.0.0.0:8080/ (Press CTRL+C to quit)
^Cubuntu@ip-172-31-42-44:~/flask$
ubuntu@ip-172-31-42-44:~/flask$
ubuntu@ip-172-31-42-44:~/flask$
ubuntu@ip-172-31-42-44:~/flask$ sudo FLASK_APP=app.py flask run --host=0.0.0.0 --port=5000
 * Serving Flask app "app.py"
 * Environment: production
   WARNING: This is a development server. Do not use it in a production deployment.
   Use a production WSGI server instead.
 * Debug mode: off
 * Running on http://0.0.0.0:5000/ (Press CTRL+C to quit)
^Cubuntu@ip-172-31-42-44:~/flask$ sudo ufw disable
Firewall stopped and disabled on system startup
ubuntu@ip-172-31-42-44:~/flask$
ubuntu@ip-172-31-42-44:~/flask$ sudo ufw status
Status: inactive
ubuntu@ip-172-31-42-44:~/flask$
ubuntu@ip-172-31-42-44:~/flask$ sudo FLASK_APP=app.py flask run --host=0.0.0.0 --port=5000
 * Serving Flask app "app.py"
 * Environment: production
   WARNING: This is a development server. Do not use it in a production deployment.
   Use a production WSGI server instead.
 * Debug mode: off
 * Running on http://0.0.0.0:5000/ (Press CTRL+C to quit)
103.145.229.158 - - [02/Jan/2022 16:53:08] "GET / HTTP/1.1" 200 -
^Cubuntu@ip-172-31-42-44:~/flask$ sudo FLASK_APP=app.py flask run --host=0.0.0.0 --port=8080
 * Serving Flask app "app.py"
 * Environment: production
   WARNING: This is a development server. Do not use it in a production deployment.
   Use a production WSGI server instead.
 * Debug mode: off
 * Running on http://0.0.0.0:8080/ (Press CTRL+C to quit)
103.145.229.158 - - [02/Jan/2022 16:53:30] "GET / HTTP/1.1" 200 -
^Cubuntu@ip-172-31-42-44:~/flask$
ubuntu@ip-172-31-42-44:~/flask$
ubuntu@ip-172-31-42-44:~/flask$
ubuntu@ip-172-31-42-44:~/flask$
ubuntu@ip-172-31-42-44:~/flask$
ubuntu@ip-172-31-42-44:~/flask$ sudo ufw status
Status: inactive
ubuntu@ip-172-31-42-44:~/flask$ sudo FLASK_APP=app.py flask run --host=0.0.0.0 --port=8080
 * Serving Flask app "app.py"
 * Environment: production
   WARNING: This is a development server. Do not use it in a production deployment.
   Use a production WSGI server instead.
 * Debug mode: off
 * Running on http://0.0.0.0:8080/ (Press CTRL+C to quit)
103.145.229.158 - - [02/Jan/2022 18:19:44] "GET / HTTP/1.1" 200 -
^Cubuntu@ip-172-31-42-44:~/flask$
ubuntu@ip-172-31-42-44:~/flask$
ubuntu@ip-172-31-42-44:~/flask$ sudo FLASK_APP=app.py flask run --host=0.0.0.0 --port=5000
 * Serving Flask app "app.py"
 * Environment: production
   WARNING: This is a development server. Do not use it in a production deployment.
   Use a production WSGI server instead.
 * Debug mode: off
 * Running on http://0.0.0.0:5000/ (Press CTRL+C to quit)
103.145.229.158 - - [02/Jan/2022 18:19:57] "GET / HTTP/1.1" 200 -
103.145.229.158 - - [02/Jan/2022 18:20:05] "GET / HTTP/1.1" 200 -
103.145.229.158 - - [02/Jan/2022 18:20:05] "GET /favicon.ico HTTP/1.1" 404 -
103.145.229.158 - - [02/Jan/2022 18:20:23] "GET / HTTP/1.1" 200 -
103.145.229.158 - - [02/Jan/2022 18:20:23] "GET /favicon.ico HTTP/1.1" 404 -
^Cubuntu@ip-172-31-42-44:~/flask$
ubuntu@ip-172-31-42-44:~/flask$ sudo FLASK_APP=app.py flask run --host=0.0.0.0 --port=80
 * Serving Flask app "app.py"
 * Environment: production
   WARNING: This is a development server. Do not use it in a production deployment.
   Use a production WSGI server instead.
 * Debug mode: off
 * Running on http://0.0.0.0:80/ (Press CTRL+C to quit)
103.145.229.158 - - [02/Jan/2022 18:20:41] "GET / HTTP/1.1" 200 -
103.145.229.158 - - [02/Jan/2022 18:20:49] "GET / HTTP/1.1" 200 -
103.145.229.158 - - [02/Jan/2022 18:21:04] "GET / HTTP/1.1" 200 -
103.145.229.158 - - [02/Jan/2022 18:21:18] "GET / HTTP/1.1" 200 -
103.145.229.158 - - [02/Jan/2022 18:21:20] "GET / HTTP/1.1" 200 -
103.145.229.158 - - [02/Jan/2022 18:21:24] "GET / HTTP/1.1" 200 -
^Cubuntu@ip-172-31-42-44:~/flask$
ubuntu@ip-172-31-42-44:~/flask$ ll
total 16
drwxrwxr-x 3 ubuntu ubuntu 4096 Jan  2 16:10 ./
drwxr-xr-x 6 ubuntu ubuntu 4096 Jan  2 16:10 ../
drwxr-xr-x 2 root   root   4096 Jan  2 16:10 __pycache__/
-rw-rw-r-- 1 ubuntu ubuntu  183 Jan  2 16:10 app.py
ubuntu@ip-172-31-42-44:~/flask$ vi app.py
ubuntu@ip-172-31-42-44:~/flask$
ubuntu@ip-172-31-42-44:~/flask$ sudo FLASK_APP=app.py flask run --host=0.0.0.0 --port=80
 * Serving Flask app "app.py"
 * Environment: production
   WARNING: This is a development server. Do not use it in a production deployment.
   Use a production WSGI server instead.
 * Debug mode: off
 * Running on http://0.0.0.0:80/ (Press CTRL+C to quit)
103.145.229.158 - - [02/Jan/2022 18:26:30] "GET / HTTP/1.1" 200 -
^Cubuntu@ip-172-31-42-44:~/flask$
ubuntu@ip-172-31-42-44:~/flask$ sudo FLASK_APP=app.py flask run --host=0.0.0.0 --port=8080
 * Serving Flask app "app.py"
 * Environment: production
   WARNING: This is a development server. Do not use it in a production deployment.
   Use a production WSGI server instead.
 * Debug mode: off
 * Running on http://0.0.0.0:8080/ (Press CTRL+C to quit)
103.145.229.158 - - [02/Jan/2022 18:27:19] "GET / HTTP/1.1" 200 -
103.145.229.158 - - [02/Jan/2022 18:27:25] "GET / HTTP/1.1" 200 -
^Cubuntu@ip-172-31-42-44:~/flask$
ubuntu@ip-172-31-42-44:~/flask$ sudo FLASK_APP=app.py flask run --host=0.0.0.0 --port=5000
 * Serving Flask app "app.py"
 * Environment: production
   WARNING: This is a development server. Do not use it in a production deployment.
   Use a production WSGI server instead.
 * Debug mode: off
 * Running on http://0.0.0.0:5000/ (Press CTRL+C to quit)
103.145.229.158 - - [02/Jan/2022 18:29:01] "GET / HTTP/1.1" 200 -
103.145.229.158 - - [02/Jan/2022 18:29:39] "GET / HTTP/1.1" 200 -
^Cubuntu@ip-172-31-42-44:~/flask$
ubuntu@ip-172-31-42-44:~/flask$
ubuntu@ip-172-31-42-44:~/flask$ sudo FLASK_APP=app.py flask run --host=0.0.0.0 --port=8080
 * Serving Flask app "app.py"
 * Environment: production
   WARNING: This is a development server. Do not use it in a production deployment.
   Use a production WSGI server instead.
 * Debug mode: off
 * Running on http://0.0.0.0:8080/ (Press CTRL+C to quit)
103.145.229.158 - - [02/Jan/2022 18:30:18] "GET / HTTP/1.1" 200 -
103.145.229.158 - - [02/Jan/2022 18:30:18] "GET /favicon.ico HTTP/1.1" 404 -
^Cubuntu@ip-172-31-42-44:~/flask$
ubuntu@ip-172-31-42-44:~/flask$
ubuntu@ip-172-31-42-44:~/flask$
ubuntu@ip-172-31-42-44:~/flask$ sudo FLASK_APP=app.py flask run --host=0.0.0.0 --port=8080
 * Serving Flask app "app.py"
 * Environment: production
   WARNING: This is a development server. Do not use it in a production deployment.
   Use a production WSGI server instead.
 * Debug mode: off
 * Running on http://0.0.0.0:8080/ (Press CTRL+C to quit)
103.145.229.158 - - [02/Jan/2022 20:04:18] "GET / HTTP/1.1" 200 -
103.145.229.158 - - [02/Jan/2022 20:04:22] "GET / HTTP/1.1" 200 -
103.145.229.158 - - [02/Jan/2022 20:04:28] "GET / HTTP/1.1" 200 -
103.145.229.158 - - [02/Jan/2022 20:04:28] "GET /favicon.ico HTTP/1.1" 404 -
103.145.229.158 - - [02/Jan/2022 20:04:39] code 400, message Bad request version ('3²\x10f')
103.145.229.158 - - [02/Jan/2022 20:04:39] "ü»1�G�ú)t�OGPè¬î�J?{Æ 3²f" HTTPStatus.BAD_REQUEST -
103.145.229.158 - - [02/Jan/2022 20:04:39] code 400, message Bad request version ('\x8a\x8a\x13\x01\x13\x02\x13\x03À+À/À,À0Ì©Ì¨À\x13À\x14\x00\x9c\x00\x9d\x00/\x005\x01\x00\x01\x93ZZ\x00\x00\x00\x00\x00\x17\x00\x15\x00\x00\x12equity-updates.com\x00\x17\x00\x00ÿ\x01\x00\x01\x00\x00')
103.145.229.158 - - [02/Jan/2022 20:04:39] "üP¾ú�µø�ÅÍ´Ëccë��[óµ¤ò>­.à¯
½U& AÖ  /º      YB�DK�<ØÈÞJÅ¬½¶>;4¿hh%< ��À+À/À,À0Ì©Ì¨ÀÀ��/5�ZZequity-updates.comÿ" HTTPStatus.BAD_REQUEST -
103.145.229.158 - - [02/Jan/2022 20:04:39] code 400, message Bad request syntax ('\x16\x03\x01\x02\x00\x01\x00\x01ü\x03\x03ì\x92ûD\x04Öæ|\x06³«Ï³\x8bk¬\x04')
103.145.229.158 - - [02/Jan/2022 20:04:39] "üì�ûDÖæ|³«Ï³�k¬" HTTPStatus.BAD_REQUEST -
103.145.229.158 - - [02/Jan/2022 20:04:39] code 400, message Bad request version ('ÊÊ\x13\x01\x13\x02\x13\x03À+À/À,À0Ì©Ì¨À\x13À\x14\x00\x9c\x00\x9d\x00/\x005\x01\x00\x01\x93ÚÚ\x00\x00\x00\x00\x00\x17\x00\x15\x00\x00\x12equity-updates.com\x00\x17\x00\x00ÿ\x01\x00\x01\x00\x00')
Zm=ÏûS%wIø§�v^)ò§nh<�º¼½¾Å ÊÊÀ+À/À,À0Ì©Ì¨ÀÀ��/5�ÚÚequity-updates.comÿ" HTTPStatus.BAD_REQUEST -
103.145.229.158 - - [02/Jan/2022 20:06:03] code 400, message Bad request version ('úú\x13\x01\x13\x02\x13\x03À+À/À,À0Ì©Ì¨À\x13À\x14\x00\x9c\x00\x9d\x00/\x005\x01\x00\x01\x93**\x00\x00\x00\x00\x00\x17\x00\x15\x00\x00\x12equity-updates.com\x00\x17\x00\x00ÿ\x01\x00\x01\x00\x00')
103.145.229.158 - - [02/Jan/2022 20:06:03] "üt£Æ¥NãÆ¿âo´]&D? M�V±öyÑþo�[ 8�¥u8= Ë��cÌ¶¿9E®¯�2P£öõ�Û¿ô� úúÀ+À/À,À0Ì©Ì¨ÀÀ��/5�**equity-updates.comÿ" HTTPStatus.BAD_REQUEST -
103.145.229.158 - - [02/Jan/2022 20:06:03] code 400, message Bad request version ('zz\x13\x01\x13\x02\x13\x03À+À/À,À0Ì©Ì¨À\x13À\x14\x00\x9c\x00\x9d\x00/\x005\x01\x00\x01\x93zz\x00\x00\x00\x00\x00\x17\x00\x15\x00\x00\x12equity-updates.com\x00\x17\x00\x00ÿ\x01\x00\x01\x00\x00')
103.145.229.158 - - [02/Jan/2022 20:06:03] "üÑðì¯¿CÈÏµêsA/DÁ&UÄE
/?ùJ*�òv� èa·g�¸\,­ïßf:Â,UzïèÌâ�pr¿>Á9� zzÀ+À/À,À0Ì©Ì¨ÀÀ��/5�zzequity-updates.comÿ" HTTPStatus.BAD_REQUEST -
PuTTY103.145.229.158 - - [02/Jan/2022 20:06:03] code 400, message Bad request syntax ('\x16\x03\x01\x02\x00\x01\x00\x01ü\x03\x03Ö\x18dãâ\x00I\x8f¦JÕéØNµ')
103.145.229.158 - - [02/Jan/2022 20:06:03] "üÖdãâI�¦JÕéØNµ" HTTPStatus.BAD_REQUEST -
103.145.229.158 - - [02/Jan/2022 20:06:03] code 400, message Bad request version ('zz\x13\x01\x13\x02\x13\x03À+À/À,À0Ì©Ì¨À\x13À\x14\x00\x9c\x00\x9d\x00/\x005\x01\x00\x01\x93**\x00\x00\x00\x00\x00\x17\x00\x15\x00\x00\x12equity-updates.com\x00\x17\x00\x00ÿ\x01\x00\x01\x00\x00')
103.145.229.158 - - [02/Jan/2022 20:06:03] "ü��x#Ù¹«õÒÀvTe¿[�ù=�×oOÇ÷@ì��� j¥m�ÎïØvRFD`ÊgÙ[Dh¯;ê�Q2 zzÀ+À/À,À0Ì©Ì¨ÀÀ��/5�**equity-updates.comÿ" HTTPStatus.BAD_REQUEST -
103.145.229.158 - - [02/Jan/2022 20:06:12] "GET / HTTP/1.1" 200 -
103.145.229.158 - - [02/Jan/2022 20:06:17] "GET / HTTP/1.1" 200 -
103.145.229.158 - - [02/Jan/2022 20:06:29] code 400, message Bad request version ('zz\x13\x01\x13\x02\x13\x03À+À/À,À0Ì©Ì¨À\x13À\x14\x00\x9c\x00\x9d\x00/\x005\x01\x00\x01\x93\x1a\x1a\x00\x00\x00\x00\x00\x17\x00\x15\x00\x00\x12equity-updates.com\x00\x17\x00\x00ÿ\x01\x00\x01\x00\x00')
103.145.229.158 - - [02/Jan/2022 20:06:29] "LzÈ=·ê§º21��³,>�v Ø¹|ñf
uháoº© GlJ�§G�µc�/[G3�Ç�)µ�ÐìÜs7¾�­ zzÀ+À/À,À0Ì©Ì¨ÀÀ��/5�equity-updates.comÿ" HTTPStatus.BAD_REQUEST -
103.145.229.158 - - [02/Jan/2022 20:06:29] code 400, message Bad request version ('ÚÚ\x13\x01\x13\x02\x13\x03À+À/À,À0Ì©Ì¨À\x13À\x14\x00\x9c\x00\x9d\x00/\x005\x01\x00\x01\x93êê\x00\x00\x00\x00\x00\x17\x00\x15\x00\x00\x12equity-updates.com\x00\x17\x00\x00ÿ\x01\x00\x01\x00\x00')
103.145.229.158 - - [02/Jan/2022 20:06:29] "ü¨¯L wà»©´*ÙEÿ��á
                                                             ×'åÒª³��@×¡ßû �ÂÄxîSÔ>ÎÞ]i%�ÑÌ à±HC�Ía�mÑ ÚÚÀ+À/À,À0Ì©Ì¨ÀÀ��/5�êêequity-updates.comÿ" HTTPStatus.BAD_REQUEST -
103.145.229.158 - - [02/Jan/2022 20:06:29] code 400, message Bad request version ('y\x00')
103.145.229.158 - - [02/Jan/2022 20:06:29] "ü¥¢fà#X¾Õ{ZÕ 9k<U�ÔWÿ9Ýt÷B²Ä£ �aÛ²¤{°´\��4�ÞÕ±bÏ5îQÖ÷©®£
y " HTTPStatus.BAD_REQUEST -
103.145.229.158 - - [02/Jan/2022 20:06:29] code 400, message Bad request version ('º<î\x9eyi(:¥Ï\x00')
103.145.229.158 - - [02/Jan/2022 20:06:29] "ü«²ãþ�øµ7A»M2®ùÝ��Ø¹lãx²&v �� ¤�ºBÏ��ý?ª� ¹ Áï|é¸�  º<î�yi(:¥Ï " HTTPStatus.BAD_REQUEST -


103.145.229.158 - - [02/Jan/2022 20:07:47] code 400, message Bad request version ('ÖîCàG£')
103.145.229.158 - - [02/Jan/2022 20:07:47] "ü,�Ê
                                                ��^@juL�=ýw�§�÷É�z\ê>9 ÖîCàG£" HTTPStatus.BAD_REQUEST -
103.145.229.158 - - [02/Jan/2022 20:07:47] code 400, message Bad request version ('ZZ\x13\x01\x13\x02\x13\x03À+À/À,À0Ì©Ì¨À\x13À\x14\x00\x9c\x00\x9d\x00/\x005\x01\x00\x01\x93\x1a\x1a\x00\x00\x00\x00\x00\x17\x00\x15\x00\x00\x12equity-updates.com\x00\x17\x00\x00ÿ\x01\x00\x01\x00\x00')
103.145.229.158 - - [02/Jan/2022 20:07:47] "ü��ÛW���HG©�È*ûTØ7²¼zú�óEd!m÷6 {]N&
                                                                               0¾ö�:±æI·y°íOm`
Ã?ãÄÀ� ZZÀ+À/À,À0Ì©Ì¨ÀÀ��/5�equity-updates.comÿ" HTTPStatus.BAD_REQUEST -
103.145.229.158 - - [02/Jan/2022 20:07:47] code 400, message Bad request version ('êê\x13\x01\x13\x02\x13\x03À+À/À,À0Ì©Ì¨À\x13À\x14\x00\x9c\x00\x9d\x00/\x005\x01\x00\x01\x93ÚÚ\x00\x00\x00\x00\x00\x17\x00\x15\x00\x00\x12equity-updates.com\x00\x17\x00\x00ÿ\x01\x00\x01\x00\x00')
103.145.229.158 - - [02/Jan/2022 20:07:47] "üS�¯fþc�O�</Ñ¢eîNÁ]9TK¸Ý3��Âª� �E|~1�ìµÈ�ü\æ¥éj0n1G�M¿V²�èñÞs� êêÀ+À/À,À0Ì©Ì¨ÀÀ��/5�ÚÚequity-updates.comÿ" HTTPStatus.BAD_REQUEST -
103.145.229.158 - - [02/Jan/2022 20:07:47] code 400, message Bad request syntax ('\x16\x03\x01\x02\x00\x01\x00\x01ü\x03\x03í°¸')
103.145.229.158 - - [02/Jan/2022 20:07:47] "üí°¸" HTTPStatus.BAD_REQUEST -
103.145.229.158 - - [02/Jan/2022 20:09:26] "GET / HTTP/1.1" 200 -
